ARM Linker, 4.1 [Build 791] [Standard]

==============================================================================

Section Cross References

    main.o(.text) refers to noretval__2printf.o(.text) for __2printf
    main.o(.text) refers to stm32f10x_gpio.o(.text) for GPIO_SetBits
    main.o(.text) refers to delay.o(.text) for delay_ms
    main.o(.text) refers to stm32f10x_usart.o(.text) for USART_SendData
    main.o(.text) refers to os_core.o(.text) for OSStatInit
    main.o(.text) refers to os_cpu_a.o(.text) for OS_CPU_SR_Save
    main.o(.text) refers to os_task.o(.text) for OSTaskCreate
    main.o(.text) refers to misc.o(.text) for NVIC_PriorityGroupConfig
    main.o(.text) refers to usart.o(.text) for uart_init
    main.o(.text) refers to usart2.o(.text) for uart2_init
    main.o(.text) refers to beep.o(.text) for BEEP_Init
    main.o(.text) refers to main.o(.bss) for HCRS_TASK_STK
    system_stm32f10x.o(.text) refers to system_stm32f10x.o(.data) for SystemCoreClock
    beep.o(.text) refers to stm32f10x_rcc.o(.text) for RCC_APB2PeriphClockCmd
    beep.o(.text) refers to stm32f10x_gpio.o(.text) for GPIO_Init
    usart2.o(.text) refers to _printf_percent.o(.ARM.Collect$$_printf_percent$$00000000) for _printf_percent
    usart2.o(.text) refers to _printf_f.o(.ARM.Collect$$_printf_percent$$00000003) for _printf_f
    usart2.o(.text) refers to printf1.o(x$fpl$printf1) for _printf_fp_dec
    usart2.o(.text) refers to stm32f10x_rcc.o(.text) for RCC_APB2PeriphClockCmd
    usart2.o(.text) refers to stm32f10x_gpio.o(.text) for GPIO_Init
    usart2.o(.text) refers to misc.o(.text) for NVIC_Init
    usart2.o(.text) refers to stm32f10x_usart.o(.text) for USART_Init
    usart2.o(.text) refers to os_core.o(.text) for OSIntEnter
    usart2.o(.text) refers to mod.o(.text) for CHK_CRC16
    usart2.o(.text) refers to fflt_clz.o(x$fpl$fflt) for __aeabi_i2f
    usart2.o(.text) refers to fdiv.o(x$fpl$fdiv) for __aeabi_fdiv
    usart2.o(.text) refers to f2d.o(x$fpl$f2d) for __aeabi_f2d
    usart2.o(.text) refers to noretval__2printf.o(.text) for __2printf
    usart2.o(.text) refers to usart2.o(.data) for BUFLENGTH
    usart2.o(.text) refers to usart2.o(.bss) for read_buf
    mod.o(.text) refers to mod.o(.data) for auchCRCHi
    delay.o(.text) refers to os_core.o(.text) for OSSchedLock
    delay.o(.text) refers to os_time.o(.text) for OSTimeDly
    delay.o(.text) refers to misc.o(.text) for SysTick_CLKSourceConfig
    delay.o(.text) refers to os_core.o(.data) for OSRunning
    delay.o(.text) refers to system_stm32f10x.o(.data) for SystemCoreClock
    delay.o(.text) refers to delay.o(.data) for fac_us
    usart.o(.text) refers (Special) to use_no_semi_2.o(.text) for __use_no_semihosting
    usart.o(.text) refers to stm32f10x_rcc.o(.text) for RCC_APB2PeriphClockCmd
    usart.o(.text) refers to stm32f10x_usart.o(.text) for USART_DeInit
    usart.o(.text) refers to stm32f10x_gpio.o(.text) for GPIO_Init
    usart.o(.text) refers to misc.o(.text) for NVIC_Init
    usart.o(.text) refers to os_core.o(.text) for OSIntEnter
    usart.o(.text) refers to usart.o(.data) for USART_RX_STA
    usart.o(.text) refers to usart.o(.bss) for USART_RX_BUF
    usart.o(.bss) refers (Special) to use_no_semi_2.o(.text) for __use_no_semihosting
    usart.o(.data) refers (Special) to use_no_semi_2.o(.text) for __use_no_semihosting
    startup_stm32f10x_hd.o(STACK) refers (Special) to heapauxi.o(.text) for __use_two_region_memory
    startup_stm32f10x_hd.o(HEAP) refers (Special) to heapauxi.o(.text) for __use_two_region_memory
    startup_stm32f10x_hd.o(RESET) refers (Special) to heapauxi.o(.text) for __use_two_region_memory
    startup_stm32f10x_hd.o(RESET) refers to startup_stm32f10x_hd.o(STACK) for __initial_sp
    startup_stm32f10x_hd.o(RESET) refers to startup_stm32f10x_hd.o(.text) for Reset_Handler
    startup_stm32f10x_hd.o(RESET) refers to stm32f10x_it.o(.text) for NMI_Handler
    startup_stm32f10x_hd.o(RESET) refers to os_cpu_a.o(.text) for PendSV_Handler
    startup_stm32f10x_hd.o(RESET) refers to delay.o(.text) for SysTick_Handler
    startup_stm32f10x_hd.o(RESET) refers to usart.o(.text) for USART1_IRQHandler
    startup_stm32f10x_hd.o(RESET) refers to usart2.o(.text) for USART2_IRQHandler
    startup_stm32f10x_hd.o(.text) refers (Special) to heapauxi.o(.text) for __use_two_region_memory
    startup_stm32f10x_hd.o(.text) refers to system_stm32f10x.o(.text) for SystemInit
    startup_stm32f10x_hd.o(.text) refers to __main.o(!!!main) for __main
    startup_stm32f10x_hd.o(.text) refers to startup_stm32f10x_hd.o(HEAP) for Heap_Mem
    startup_stm32f10x_hd.o(.text) refers to startup_stm32f10x_hd.o(STACK) for Stack_Mem
    stm32f10x_gpio.o(.text) refers to stm32f10x_rcc.o(.text) for RCC_APB2PeriphResetCmd
    stm32f10x_usart.o(.text) refers to stm32f10x_rcc.o(.text) for RCC_APB2PeriphResetCmd
    stm32f10x_rcc.o(.text) refers to stm32f10x_rcc.o(.data) for APBAHBPrescTable
[...]
    libshutdown.o(.ARM.Collect$$libshutdown$$00000000) refers (Special) to libshutdown2.o(.ARM.Collect$$libshutdown$$0000000E) for __rt_lib_shutdown_heap_1
    libshutdown.o(.ARM.Collect$$libshutdown$$00000000) refers (Special) to libshutdown2.o(.ARM.Collect$$libshutdown$$0000000F) for __rt_lib_shutdown_return
    libshutdown.o(.ARM.Collect$$libshutdown$$00000000) refers (Special) to libshutdown2.o(.ARM.Collect$$libshutdown$$00000009) for __rt_lib_shutdown_signal_1
    libshutdown.o(.ARM.Collect$$libshutdown$$00000000) refers (Special) to libshutdown2.o(.ARM.Collect$$libshutdown$$00000003) for __rt_lib_shutdown_stdio_1
    libshutdown.o(.ARM.Collect$$libshutdown$$00000000) refers (Special) to libshutdown2.o(.ARM.Collect$$libshutdown$$0000000B) for __rt_lib_shutdown_user_alloc_1
    rt_raise.o(.text) refers to __raise.o(.text) for __raise
    rt_raise.o(.text) refers to usart.o(.text) for _sys_exit
    defsig_exit.o(.text) refers to usart.o(.text) for _sys_exit
    defsig_rtmem_inner.o(.text) refers to defsig_general.o(.text) for __default_signal_display
    __raise.o(.text) refers to defsig.o(CL$$defsig) for __default_signal_handler
    defsig_general.o(.text) refers to sys_wrch.o(.text) for _ttywrch
    sys_wrch.o(.text) refers (Special) to use_no_semi.o(.text) for __I$use$semihosting
    sys_wrch.o(.text) refers (Special) to indicate_semi.o(.text) for __semihosting_library_function
    defsig.o(CL$$defsig) refers to defsig_rtmem_inner.o(.text) for __rt_SIGRTMEM_inner
    defsig_abrt_inner.o(.text) refers to defsig_general.o(.text) for __default_signal_display
    defsig_fpe_inner.o(.text) refers to defsig_general.o(.text) for __default_signal_display
    defsig_rtred_inner.o(.text) refers to defsig_general.o(.text) for __default_signal_display
    defsig_stak_inner.o(.text) refers to defsig_general.o(.text) for __default_signal_display
    defsig_pvfn_inner.o(.text) refers to defsig_general.o(.text) for __default_signal_display
    defsig_cppl_inner.o(.text) refers to defsig_general.o(.text) for __default_signal_display
    defsig_segv_inner.o(.text) refers to defsig_general.o(.text) for __default_signal_display
    defsig_other.o(.text) refers to defsig_general.o(.text) for __default_signal_display


==============================================================================

Removing Unused input sections from the image.

    Removing sys.o(.emb_text), (12 bytes).
    Removing core_cm3.o(.emb_text), (32 bytes).
    Removing stm32f10x_tim.o(.text), (4048 bytes).
    Removing stm32f10x_exti.o(.text), (328 bytes).
    Removing os_mbox.o(.text), (1056 bytes).
    Removing os_mutex.o(.text), (1756 bytes).
    Removing os_sem.o(.text), (992 bytes).
    Removing os_cpu_c.o(.data), (4 bytes).

8 unused section(s) (total 8228 bytes) removed from the image.

==============================================================================

Image Symbol Table

    Local Symbols

    Symbol Name                              Value     Ov Type        Size  Object(Section)

    ../../angel/boardlib.s                   0x00000000   Number         0  boardshut.o ABSOLUTE
    ../../angel/boardlib.s                   0x00000000   Number         0  boardinit1.o ABSOLUTE
    ../../angel/boardlib.s                   0x00000000   Number         0  boardinit2.o ABSOLUTE
    ../../angel/boardlib.s                   0x00000000   Number         0  boardinit3.o ABSOLUTE
    ../../angel/dczerorl2.s                  0x00000000   Number         0  __dczerorl2.o ABSOLUTE
    ../../angel/handlers.s                   0x00000000   Number         0  __scatter_zi.o ABSOLUTE
    ../../angel/kernel.s                     0x00000000   Number         0  rtentry4.o ABSOLUTE
    ../../angel/kernel.s                     0x00000000   Number         0  rtexit2.o ABSOLUTE
    ../../angel/kernel.s                     0x00000000   Number         0  rtentry.o ABSOLUTE
    ../../angel/kernel.s                     0x00000000   Number         0  rtentry2.o ABSOLUTE
    ../../angel/kernel.s                     0x00000000   Number         0  rtexit.o ABSOLUTE
    ../../angel/rt.s                         0x00000000   Number         0  rt_raise.o ABSOLUTE
    ../../angel/rt.s                         0x00000000   Number         0  rt_locale.o ABSOLUTE
    ../../angel/rt.s                         0x00000000   Number         0  rt_fp_status_addr_intlibspace.o ABSOLUTE
    ../../angel/rt.s                         0x00000000   Number         0  rt_fp_status_addr.o ABSOLUTE
    ../../angel/rt.s                         0x00000000   Number         0  rt_locale_intlibspace.o ABSOLUTE
    ../../angel/scatter.s                    0x00000000   Number         0  __scatter.o ABSOLUTE
    ../../angel/startup.s                    0x00000000   Number         0  __main.o ABSOLUTE
    ../../angel/sys.s                        0x00000000   Number         0  indicate_semi.o ABSOLUTE
    ../../angel/sys.s                        0x00000000   Number         0  use_no_semi.o ABSOLUTE
    ../../angel/sys.s                        0x00000000   Number         0  use_no_semi_2.o ABSOLUTE
    ../../angel/sys.s                        0x00000000   Number         0  libspace.o ABSOLUTE
    ../../angel/sys.s                        0x00000000   Number         0  sys_stackheap_outer.o ABSOLUTE
    ../../angel/sysapp.c                     0x00000000   Number         0  sys_command.o ABSOLUTE
    ../../angel/sysapp.c                     0x00000000   Number         0  sys_wrch.o ABSOLUTE
    ../../armsys.c                           0x00000000   Number         0  argv_veneer.o ABSOLUTE
    ../../armsys.c                           0x00000000   Number         0  _get_argv_nomalloc.o ABSOLUTE
    ../../armsys.c                           0x00000000   Number         0  no_argv.o ABSOLUTE
    ../../armsys.c                           0x00000000   Number         0  argv_veneer.o ABSOLUTE
    ../../bigflt.c                           0x00000000   Number         0  bigflt0.o ABSOLUTE
    ../../btod.s                             0x00000000   Number         0  btod.o ABSOLUTE
    ../../dretinf.s                          0x00000000   Number         0  dretinf.o ABSOLUTE
    ../../f2d.s                              0x00000000   Number         0  f2d.o ABSOLUTE
    ../../fdiv.s                             0x00000000   Number         0  fdiv.o ABSOLUTE
    ../../fflt.s                             0x00000000   Number         0  fflt_clz.o ABSOLUTE
    ../../fnaninf.s                          0x00000000   Number         0  fnaninf.o ABSOLUTE
    ../../fpclassify.c                       0x00000000   Number         0  fpclassify.o ABSOLUTE
    ../../fpinit.s                           0x00000000   Number         0  fpinit.o ABSOLUTE
    ../../fretinf.s                          0x00000000   Number         0  fretinf.o ABSOLUTE
    ../../heapalloc.c                        0x00000000   Number         0  hrguard.o ABSOLUTE
    ../../heapaux.c                          0x00000000   Number         0  heapauxi.o ABSOLUTE
    ../../istatus.s                          0x00000000   Number         0  istatus.o ABSOLUTE
    ../../libinit.s                          0x00000000   Number         0  libshutdown.o ABSOLUTE
    ../../libinit.s                          0x00000000   Number         0  libinit.o ABSOLUTE
    ../../libinit.s                          0x00000000   Number         0  libshutdown2.o ABSOLUTE
    ../../libinit.s                          0x00000000   Number         0  libinit2.o ABSOLUTE
    ../../locale.s                           0x00000000   Number         0  lc_numeric_c.o ABSOLUTE
    ../../longlong.s                         0x00000000   Number         0  lludiv10.o ABSOLUTE
    ../../memcpset.s                         0x00000000   Number         0  strcmpv7m.o ABSOLUTE
    ../../misc.s                             0x00000000   Number         0  printf_stubs.o ABSOLUTE
    ../../printf.c                           0x00000000   Number         0  __printf_flags_ss_wp.o ABSOLUTE
    ../../printf.c                           0x00000000   Number         0  __printf_ss_wp.o ABSOLUTE
    ../../printf.c                           0x00000000   Number         0  __printf_nopercent.o ABSOLUTE
    ../../printf.c                           0x00000000   Number         0  __printf.o ABSOLUTE
    ../../printf.c                           0x00000000   Number         0  noretval__2printf.o ABSOLUTE
    ../../printf.c                           0x00000000   Number         0  __2printf.o ABSOLUTE
    ../../printf.c                           0x00000000   Number         0  _printf_fp_infnan.o ABSOLUTE
    ../../printf.c                           0x00000000   Number         0  _printf_char_common.o ABSOLUTE
    ../../printf.c                           0x00000000   Number         0  __printf_flags_wp.o ABSOLUTE
    ../../printf.c                           0x00000000   Number         0  __printf_wp.o ABSOLUTE
    ../../printf.c                           0x00000000   Number         0  _printf_char_file.o ABSOLUTE
    ../../printf.c                           0x00000000   Number         0  __printf_flags_ss.o ABSOLUTE
    ../../printf.c                           0x00000000   Number         0  _printf_fp_dec.o ABSOLUTE
    ../../printf.c                           0x00000000   Number         0  __printf_ss.o ABSOLUTE
    ../../printf.c                           0x00000000   Number         0  __printf_flags.o ABSOLUTE
    ../../printf1.s                          0x00000000   Number         0  printf1.o ABSOLUTE
    ../../printf_percent.s                   0x00000000   Number         0  _printf_percent_end.o ABSOLUTE
    ../../printf_percent.s                   0x00000000   Number         0  _printf_percent.o ABSOLUTE
    ../../printf_percent.s                   0x00000000   Number         0  _printf_f.o ABSOLUTE
    ../../signal.c                           0x00000000   Number         0  defsig_rtmem_formal.o ABSOLUTE
    ../../signal.c                           0x00000000   Number         0  defsig_rtmem_outer.o ABSOLUTE
    ../../signal.c                           0x00000000   Number         0  defsig_abrt_inner.o ABSOLUTE
    ../../signal.c                           0x00000000   Number         0  defsig_general.o ABSOLUTE
    ../../signal.c                           0x00000000   Number         0  __raise.o ABSOLUTE
    ../../signal.c                           0x00000000   Number         0  defsig_rtmem_inner.o ABSOLUTE
    ../../signal.c                           0x00000000   Number         0  defsig_fpe_inner.o ABSOLUTE
    ../../signal.c                           0x00000000   Number         0  defsig_exit.o ABSOLUTE
    ../../signal.c                           0x00000000   Number         0  defsig_rtred_inner.o ABSOLUTE
    ../../signal.c                           0x00000000   Number         0  defsig_pvfn_inner.o ABSOLUTE
    ../../signal.c                           0x00000000   Number         0  defsig_cppl_inner.o ABSOLUTE
    ../../signal.c                           0x00000000   Number         0  defsig_segv_inner.o ABSOLUTE
    ../../signal.c                           0x00000000   Number         0  defsig_other.o ABSOLUTE
    ../../signal.c                           0x00000000   Number         0  defsig_stak_inner.o ABSOLUTE
    ../../signal.s                           0x00000000   Number         0  defsig.o ABSOLUTE
    ../../stdio.c                            0x00000000   Number         0  ferror.o ABSOLUTE
    ../../stdio.c                            0x00000000   Number         0  ferror_locked.o ABSOLUTE
    ../../stdlib.c                           0x00000000   Number         0  exit.o ABSOLUTE
    ../../usenofp.s                          0x00000000   Number         0  usenofp.o ABSOLUTE
    ..\CORE\core_cm3.c                       0x00000000   Number         0  core_cm3.o ABSOLUTE
    ..\CORE\startup_stm32f10x_hd.s           0x00000000   Number         0  startup_stm32f10x_hd.o ABSOLUTE
    ..\FWLIB\STM32F10x_FWLib\src\misc.c      0x00000000   Number         0  misc.o ABSOLUTE
    ..\FWLIB\STM32F10x_FWLib\src\stm32f10x_exti.c 0x00000000   Number         0  stm32f10x_exti.o ABSOLUTE
    ..\FWLIB\STM32F10x_FWLib\src\stm32f10x_gpio.c 0x00000000   Number         0  stm32f10x_gpio.o ABSOLUTE
    ..\FWLIB\STM32F10x_FWLib\src\stm32f10x_rcc.c 0x00000000   Number         0  stm32f10x_rcc.o ABSOLUTE
    ..\FWLIB\STM32F10x_FWLib\src\stm32f10x_tim.c 0x00000000   Number         0  stm32f10x_tim.o ABSOLUTE
    ..\FWLIB\STM32F10x_FWLib\src\stm32f10x_usart.c 0x00000000   Number         0  stm32f10x_usart.o ABSOLUTE
    ..\HARDWARE\BEEP\beep.c                  0x00000000   Number         0  beep.o ABSOLUTE
    ..\HARDWARE\modbus\mod.c                 0x00000000   Number         0  mod.o ABSOLUTE
    ..\HARDWARE\usart2\usart2.c              0x00000000   Number         0  usart2.o ABSOLUTE
    ..\SYSTEM\delay\delay.c                  0x00000000   Number         0  delay.o ABSOLUTE
    ..\SYSTEM\sys\sys.c                      0x00000000   Number         0  sys.o ABSOLUTE
    ..\SYSTEM\usart\usart.c                  0x00000000   Number         0  usart.o ABSOLUTE
    ..\UCOSII\CORE\os_core.c                 0x00000000   Number         0  os_core.o ABSOLUTE
    ..\UCOSII\CORE\os_flag.c                 0x00000000   Number         0  os_flag.o ABSOLUTE
    ..\UCOSII\CORE\os_mbox.c                 0x00000000   Number         0  os_mbox.o ABSOLUTE
    ..\UCOSII\CORE\os_mem.c                  0x00000000   Number         0  os_mem.o ABSOLUTE
    ..\UCOSII\CORE\os_mutex.c                0x00000000   Number         0  os_mutex.o ABSOLUTE
    ..\UCOSII\CORE\os_q.c                    0x00000000   Number         0  os_q.o ABSOLUTE
    ..\UCOSII\CORE\os_sem.c                  0x00000000   Number         0  os_sem.o ABSOLUTE
    ..\UCOSII\CORE\os_task.c                 0x00000000   Number         0  os_task.o ABSOLUTE
    ..\UCOSII\CORE\os_time.c                 0x00000000   Number         0  os_time.o ABSOLUTE
    ..\UCOSII\CORE\os_tmr.c                  0x00000000   Number         0  os_tmr.o ABSOLUTE
    ..\UCOSII\PORT\os_cpu_a.asm              0x00000000   Number         0  os_cpu_a.o ABSOLUTE
    ..\UCOSII\PORT\os_cpu_c.c                0x00000000   Number         0  os_cpu_c.o ABSOLUTE
    ..\\CORE\\core_cm3.c                     0x00000000   Number         0  core_cm3.o ABSOLUTE
    ..\\SYSTEM\\sys\\sys.c                   0x00000000   Number         0  sys.o ABSOLUTE
    dc.s                                     0x00000000   Number         0  dc.o ABSOLUTE
    main.c                                   0x00000000   Number         0  main.o ABSOLUTE
    stm32f10x_it.c                           0x00000000   Number         0  stm32f10x_it.o ABSOLUTE
    system_stm32f10x.c                       0x00000000   Number         0  system_stm32f10x.o ABSOLUTE
    RESET                                    0x08000000   Section      304  startup_stm32f10x_hd.o(RESET)
    !!!main                                  0x08000130   Section        8  __main.o(!!!main)
    !!!scatter                               0x08000138   Section       52  __scatter.o(!!!scatter)
    !!dczerorl2                              0x0800016c   Section       90  __dczerorl2.o(!!dczerorl2)
    !!handler_zi                             0x080001c8   Section       28  __scatter_zi.o(!!handler_zi)
    .ARM.Collect$$_printf_percent$$00000000  0x080001e4   Section        0  _printf_percent.o(.ARM.Collect$$_printf_percent$$00000000)
    .ARM.Collect$$_printf_percent$$00000003  0x080001e4   Section        6  _printf_f.o(.ARM.Collect$$_printf_percent$$00000003)
    .ARM.Collect$$_printf_percent$$00000017  0x080001ea   Section        4  _printf_percent_end.o(.ARM.Collect$$_printf_percent$$00000017)
    .ARM.Collect$$libinit$$00000000          0x080001ee   Section        6  libinit.o(.ARM.Collect$$libinit$$00000000)
    .ARM.Collect$$libinit$$00000006          0x080001f4   Section        0  libinit2.o(.ARM.Collect$$libinit$$00000006)
    .ARM.Collect$$libinit$$00000008          0x080001f4   Section        0  libinit2.o(.ARM.Collect$$libinit$$00000008)
    .ARM.Collect$$libinit$$0000000A          0x080001f4   Section        0  libinit2.o(.ARM.Collect$$libinit$$0000000A)
    .ARM.Collect$$libinit$$0000000B          0x080001f4   Section        6  libinit2.o(.ARM.Collect$$libinit$$0000000B)
    .ARM.Collect$$libinit$$0000000D          0x080001fa   Section        0  libinit2.o(.ARM.Collect$$libinit$$0000000D)
    .ARM.Collect$$libinit$$0000000F          0x080001fa   Section        0  libinit2.o(.ARM.Collect$$libinit$$0000000F)
    .ARM.Collect$$libinit$$00000011          0x080001fa   Section        0  libinit2.o(.ARM.Collect$$libinit$$00000011)
    .ARM.Collect$$libinit$$00000012          0x080001fa   Section       10  libinit2.o(.ARM.Collect$$libinit$$00000012)
    .ARM.Collect$$libinit$$00000013          0x08000204   Section        0  libinit2.o(.ARM.Collect$$libinit$$00000013)
    .ARM.Collect$$libinit$$00000015          0x08000204   Section        0  libinit2.o(.ARM.Collect$$libinit$$00000015)
    .ARM.Collect$$libinit$$00000017          0x08000204   Section        0  libinit2.o(.ARM.Collect$$libinit$$00000017)
    .ARM.Collect$$libinit$$00000019          0x08000204   Section        0  libinit2.o(.ARM.Collect$$libinit$$00000019)
    .ARM.Collect$$libinit$$0000001B          0x08000204   Section        0  libinit2.o(.ARM.Collect$$libinit$$0000001B)
    .ARM.Collect$$libinit$$0000001D          0x08000204   Section        0  libinit2.o(.ARM.Collect$$libinit$$0000001D)
    .ARM.Collect$$libinit$$0000001F          0x08000204   Section        0  libinit2.o(.ARM.Collect$$libinit$$0000001F)
    .ARM.Collect$$libinit$$00000021          0x08000204   Section        0  libinit2.o(.ARM.Collect$$libinit$$00000021)
    .ARM.Collect$$libinit$$00000028          0x08000204   Section        0  libinit2.o(.ARM.Collect$$libinit$$00000028)
    .ARM.Collect$$libinit$$0000002A          0x08000204   Section        0  libinit2.o(.ARM.Collect$$libinit$$0000002A)
    .ARM.Collect$$libinit$$0000002C          0x08000204   Section        0  libinit2.o(.ARM.Collect$$libinit$$0000002C)
    .ARM.Collect$$libinit$$0000002E          0x08000204   Section        0  libinit2.o(.ARM.Collect$$libinit$$0000002E)
    .ARM.Collect$$libinit$$0000002F          0x08000204   Section        2  libinit2.o(.ARM.Collect$$libinit$$0000002F)
    .ARM.Collect$$libshutdown$$00000000      0x08000206   Section        2  libshutdown.o(.ARM.Collect$$libshutdown$$00000000)
    .ARM.Collect$$libshutdown$$00000003      0x08000208   Section        0  libshutdown2.o(.ARM.Collect$$libshutdown$$00000003)
    .ARM.Collect$$libshutdown$$00000006      0x08000208   Section        0  libshutdown2.o(.ARM.Collect$$libshutdown$$00000006)
    .ARM.Collect$$libshutdown$$00000009      0x08000208   Section        0  libshutdown2.o(.ARM.Collect$$libshutdown$$00000009)
    .ARM.Collect$$libshutdown$$0000000B      0x08000208   Section        0  libshutdown2.o(.ARM.Collect$$libshutdown$$0000000B)
    .ARM.Collect$$libshutdown$$0000000E      0x08000208   Section        0  libshutdown2.o(.ARM.Collect$$libshutdown$$0000000E)
    .ARM.Collect$$libshutdown$$0000000F      0x08000208   Section        2  libshutdown2.o(.ARM.Collect$$libshutdown$$0000000F)
    .ARM.Collect$$rtentry$$00000000          0x0800020a   Section        0  rtentry.o(.ARM.Collect$$rtentry$$00000000)
    .ARM.Collect$$rtentry$$00000002          0x0800020a   Section        0  rtentry2.o(.ARM.Collect$$rtentry$$00000002)
    .ARM.Collect$$rtentry$$00000004          0x0800020a   Section        6  rtentry4.o(.ARM.Collect$$rtentry$$00000004)
    .ARM.Collect$$rtentry$$00000009          0x08000210   Section        0  rtentry2.o(.ARM.Collect$$rtentry$$00000009)
    .ARM.Collect$$rtentry$$0000000A          0x08000210   Section        4  rtentry2.o(.ARM.Collect$$rtentry$$0000000A)
    .ARM.Collect$$rtentry$$0000000C          0x08000214   Section        0  rtentry2.o(.ARM.Collect$$rtentry$$0000000C)
    .ARM.Collect$$rtentry$$0000000D          0x08000214   Section        8  rtentry2.o(.ARM.Collect$$rtentry$$0000000D)
    .ARM.Collect$$rtexit$$00000000           0x0800021c   Section        2  rtexit.o(.ARM.Collect$$rtexit$$00000000)
    .ARM.Collect$$rtexit$$00000002           0x0800021e   Section        0  rtexit2.o(.ARM.Collect$$rtexit$$00000002)
    .ARM.Collect$$rtexit$$00000003           0x0800021e   Section        4  rtexit2.o(.ARM.Collect$$rtexit$$00000003)
    .ARM.Collect$$rtexit$$00000004           0x08000222   Section        6  rtexit2.o(.ARM.Collect$$rtexit$$00000004)
    .text                                    0x08000228   Section        0  main.o(.text)
    .text                                    0x08000324   Section        0  stm32f10x_it.o(.text)
    .text                                    0x0800033c   Section        0  system_stm32f10x.o(.text)
    SetSysClockTo72                          0x0800033d   Thumb Code   200  system_stm32f10x.o(.text)
    SetSysClock                              0x08000405   Thumb Code     8  system_stm32f10x.o(.text)
    .text                                    0x0800051c   Section        0  beep.o(.text)
    .text                                    0x08000558   Section        0  usart2.o(.text)
    .text                                    0x0800086c   Section        0  mod.o(.text)
    .text                                    0x080008c8   Section        0  delay.o(.text)
    .text                                    0x08000a00   Section        0  usart.o(.text)
    .text                                    0x08000b68   Section       64  startup_stm32f10x_hd.o(.text)
    .text                                    0x08000ba8   Section        0  misc.o(.text)
    .text                                    0x08000ca8   Section        0  stm32f10x_gpio.o(.text)
    .text                                    0x08001054   Section        0  stm32f10x_usart.o(.text)
    .text                                    0x080014fc   Section        0  stm32f10x_rcc.o(.text)
    .text                                    0x08001910   Section        0  os_core.o(.text)
    OS_InitTaskStat                          0x080019c9   Thumb Code    52  os_core.o(.text)
    OS_InitTaskIdle                          0x08001a23   Thumb Code    52  os_core.o(.text)
    OS_InitEventList                         0x08001a6d   Thumb Code    84  os_core.o(.text)
    OS_InitTCBList                           0x08001ac1   Thumb Code   116  os_core.o(.text)
    OS_InitRdyList                           0x08001b35   Thumb Code    52  os_core.o(.text)
    OS_InitMisc                              0x08001b69   Thumb Code    46  os_core.o(.text)
    OS_SchedNew                              0x08001be1   Thumb Code    26  os_core.o(.text)
    .text                                    0x0800228c   Section        0  os_flag.o(.text)
    OS_FlagTaskRdy                           0x08002447   Thumb Code   100  os_flag.o(.text)
    OS_FlagBlock                             0x0800263f   Thumb Code   174  os_flag.o(.text)
    .text                                    0x08002bb8   Section        0  os_q.o(.text)
    .text                                    0x0800321c   Section        0  os_task.o(.text)
    .text                                    0x08003a8c   Section        0  os_time.o(.text)
    .text                                    0x08003c68   Section        0  os_cpu_c.o(.text)
    .text                                    0x08003d38   Section      180  os_cpu_a.o(.text)
    .text                                    0x08003dec   Section        2  use_no_semi_2.o(.text)
    .text                                    0x08003df0   Section        0  noretval__2printf.o(.text)
    .text                                    0x08003e08   Section        0  __printf_wp.o(.text)
    .text                                    0x08003f16   Section        0  heapauxi.o(.text)
    .text                                    0x08003f1c   Section        2  use_no_semi.o(.text)
    .text                                    0x08003f1e   Section        0  _printf_fp_dec.o(.text)
    _fp_digits                               0x08003f21   Thumb Code   426  _printf_fp_dec.o(.text)
    .text                                    0x0800433c   Section        0  _printf_char_file.o(.text)
    .text                                    0x08004360   Section        8  rt_locale_intlibspace.o(.text)
    .text                                    0x08004368   Section      138  lludiv10.o(.text)
    .text                                    0x080043f4   Section        0  _printf_char_common.o(.text)
    _printf_input_char                       0x080043f5   Thumb Code    10  _printf_char_common.o(.text)
    .text                                    0x08004424   Section        0  _printf_fp_infnan.o(.text)
    .text                                    0x080044a4   Section        0  bigflt0.o(.text)
    .text                                    0x08004588   Section        0  ferror.o(.text)
    .text                                    0x08004590   Section        8  libspace.o(.text)
    .text                                    0x08004598   Section       74  sys_stackheap_outer.o(.text)
    .text                                    0x080045e2   Section        0  exit.o(.text)
    .text                                    0x080045f0   Section      128  strcmpv7m.o(.text)
    .text                                    0x08004670   Section        8  rt_fp_status_addr_intlibspace.o(.text)
    CL$$btod_d2e                             0x08004678   Section       62  btod.o(CL$$btod_d2e)
    CL$$btod_d2e_denorm_low                  0x080046b6   Section       70  btod.o(CL$$btod_d2e_denorm_low)
    CL$$btod_d2e_norm_op1                    0x080046fc   Section       96  btod.o(CL$$btod_d2e_norm_op1)
    CL$$btod_div_common                      0x0800475c   Section      824  btod.o(CL$$btod_div_common)
    CL$$btod_e2e                             0x08004a94   Section      198  btod.o(CL$$btod_e2e)
    CL$$btod_ediv                            0x08004b5a   Section       40  btod.o(CL$$btod_ediv)
    CL$$btod_emul                            0x08004b82   Section       40  btod.o(CL$$btod_emul)
    CL$$btod_mult_common                     0x08004baa   Section      580  btod.o(CL$$btod_mult_common)
    i.__ARM_fpclassify                       0x08004dee   Section        0  fpclassify.o(i.__ARM_fpclassify)
    i._is_digit                              0x08004e16   Section        0  __printf_wp.o(i._is_digit)
    locale$$code                             0x08004e24   Section       44  lc_numeric_c.o(locale$$code)
    x$fpl$dretinf                            0x08004e50   Section       12  dretinf.o(x$fpl$dretinf)
    x$fpl$f2d                                0x08004e5c   Section       86  f2d.o(x$fpl$f2d)
    x$fpl$fdiv                               0x08004eb4   Section      388  fdiv.o(x$fpl$fdiv)
    _fdiv1                                   0x08004eb5   Thumb Code     0  fdiv.o(x$fpl$fdiv)
    x$fpl$fflt                               0x08005038   Section       48  fflt_clz.o(x$fpl$fflt)
    x$fpl$fnaninf                            0x08005068   Section      140  fnaninf.o(x$fpl$fnaninf)
    x$fpl$fpinit                             0x080050f4   Section       14  fpinit.o(x$fpl$fpinit)
    x$fpl$fretinf                            0x08005102   Section       10  fretinf.o(x$fpl$fretinf)
    x$fpl$printf1                            0x0800510c   Section        4  printf1.o(x$fpl$printf1)
    .constdata                               0x08005110   Section      256  os_core.o(.constdata)
    x$fpl$usenofp                            0x08005110   Section        0  usenofp.o(x$fpl$usenofp)
    .constdata                               0x08005210   Section      148  bigflt0.o(.constdata)
    tenpwrs_x                                0x08005210   Data          60  bigflt0.o(.constdata)
    tenpwrs_i                                0x0800524c   Data          64  bigflt0.o(.constdata)
    locale$$data                             0x080052c4   Section       28  lc_numeric_c.o(locale$$data)
    __lcnum_c_name                           0x080052c8   Data           2  lc_numeric_c.o(locale$$data)
    __lcnum_c_start                          0x080052d0   Data           0  lc_numeric_c.o(locale$$data)
    __lcnum_c_point                          0x080052dc   Data           0  lc_numeric_c.o(locale$$data)
    __lcnum_c_thousands                      0x080052de   Data           0  lc_numeric_c.o(locale$$data)
    __lcnum_c_grouping                       0x080052df   Data           0  lc_numeric_c.o(locale$$data)
    __lcnum_c_end                            0x080052e0   Data           0  lc_numeric_c.o(locale$$data)
    .data                                    0x20000000   Section       20  system_stm32f10x.o(.data)
    .data                                    0x20000014   Section        4  usart2.o(.data)
    .data                                    0x20000018   Section      512  mod.o(.data)
    .data                                    0x20000218   Section        4  delay.o(.data)
    fac_us                                   0x20000218   Data           1  delay.o(.data)
    fac_ms                                   0x2000021a   Data           2  delay.o(.data)
    .data                                    0x2000021c   Section        8  usart.o(.data)
    .data                                    0x20000224   Section       20  stm32f10x_rcc.o(.data)
    APBAHBPrescTable                         0x20000224   Data          16  stm32f10x_rcc.o(.data)
    ADCPrescTable                            0x20000234   Data           4  stm32f10x_rcc.o(.data)
    .data                                    0x20000238   Section       72  os_core.o(.data)
    .bss                                     0x20000280   Section      768  main.o(.bss)
    .bss                                     0x20000580   Section       29  usart2.o(.bss)
    .bss                                     0x2000059d   Section      200  usart.o(.bss)
    .bss                                     0x20000668   Section     2688  os_core.o(.bss)
    .bss                                     0x200010e8   Section       96  libspace.o(.bss)
    HEAP                                     0x20001148   Section      512  startup_stm32f10x_hd.o(HEAP)
    Heap_Mem                                 0x20001148   Data         512  startup_stm32f10x_hd.o(HEAP)
    STACK                                    0x20001348   Section     2048  startup_stm32f10x_hd.o(STACK)
    Stack_Mem                                0x20001348   Data        2048  startup_stm32f10x_hd.o(STACK)
    __initial_sp                             0x20001b48   Data           0  startup_stm32f10x_hd.o(STACK)

    Global Symbols

    Symbol Name                              Value     Ov Type        Size  Object(Section)

    BuildAttributes$$THM_ISAv4$P$D$K$B$S$PE$A:L22UL41UL21$X:L11$S22US41US21$IEEE1$IW$USESV6$~STKCKD$USESV7$~SHL$OTIME$ROPI$IEEEJ$EBA8$UX$STANDARDLIB$REQ8$PRES8$EABIv2 0x00000000   Number         0  anon$$obj.o ABSOLUTE
    __ARM_use_no_argv                        0x00000000   Number         0  main.o ABSOLUTE
    _printf_flags                            0x00000000   Number         0  printf_stubs.o ABSOLUTE
    _printf_return_value                     0x00000000   Number         0  printf_stubs.o ABSOLUTE
    _printf_sizespec                         0x00000000   Number         0  printf_stubs.o ABSOLUTE
    _printf_widthprec                        0x00000000   Number         0  printf_stubs.o ABSOLUTE
    __ARM_exceptions_init                     - Undefined Weak Reference
    __alloca_initialize                       - Undefined Weak Reference
    __cpp_initialize__aeabi_                  - Undefined Weak Reference
    __cxa_finalize                            - Undefined Weak Reference
    __sigvec_lookup                           - Undefined Weak Reference
    _atexit_init                              - Undefined Weak Reference
    _call_atexit_fns                          - Undefined Weak Reference
    _clock_init                               - Undefined Weak Reference
    _fp_trap_init                             - Undefined Weak Reference
    _fp_trap_shutdown                         - Undefined Weak Reference
    _get_lc_collate                           - Undefined Weak Reference
    _get_lc_ctype                             - Undefined Weak Reference
    _get_lc_monetary                          - Undefined Weak Reference
    _get_lc_time                              - Undefined Weak Reference
    _getenv_init                              - Undefined Weak Reference
    _handle_redirection                       - Undefined Weak Reference
    _init_alloc                               - Undefined Weak Reference
    _init_user_alloc                          - Undefined Weak Reference
    _initio                                   - Undefined Weak Reference
    _mutex_acquire                            - Undefined Weak Reference
    _mutex_release                            - Undefined Weak Reference
    _printf_post_padding                      - Undefined Weak Reference
    _printf_pre_padding                       - Undefined Weak Reference
    _rand_init                                - Undefined Weak Reference
    _signal_finish                            - Undefined Weak Reference
    _signal_init                              - Undefined Weak Reference
    _terminate_alloc                          - Undefined Weak Reference
    _terminate_user_alloc                     - Undefined Weak Reference
    _terminateio                              - Undefined Weak Reference
    __Vectors_Size                           0x00000130   Number         0  startup_stm32f10x_hd.o ABSOLUTE
    __Vectors                                0x08000000   Data           4  startup_stm32f10x_hd.o(RESET)
    __Vectors_End                            0x08000130   Data           0  startup_stm32f10x_hd.o(RESET)
    __main                                   0x08000131   Thumb Code     8  __main.o(!!!main)
    __scatterload                            0x08000139   Thumb Code     0  __scatter.o(!!!scatter)
    __scatterload_rt2                        0x08000139   Thumb Code    44  __scatter.o(!!!scatter)
    __scatterload_rt2_thumb_only             0x08000139   Thumb Code     0  __scatter.o(!!!scatter)
    __scatterload_null                       0x08000147   Thumb Code     0  __scatter.o(!!!scatter)
    __decompress                             0x0800016d   Thumb Code    90  __dczerorl2.o(!!dczerorl2)
    __decompress1                            0x0800016d   Thumb Code     0  __dczerorl2.o(!!dczerorl2)
    __scatterload_zeroinit                   0x080001c9   Thumb Code    28  __scatter_zi.o(!!handler_zi)
    _printf_f                                0x080001e5   Thumb Code     0  _printf_f.o(.ARM.Collect$$_printf_percent$$00000003)
    _printf_percent                          0x080001e5   Thumb Code     0  _printf_percent.o(.ARM.Collect$$_printf_percent$$00000000)
    _printf_percent_end                      0x080001eb   Thumb Code     0  _printf_percent_end.o(.ARM.Collect$$_printf_percent$$00000017)
    __rt_lib_init                            0x080001ef   Thumb Code     0  libinit.o(.ARM.Collect$$libinit$$00000000)
    __rt_lib_init_heap_1                     0x080001f5   Thumb Code     0  libinit2.o(.ARM.Collect$$libinit$$00000006)
    __rt_lib_init_lc_common                  0x080001f5   Thumb Code     0  libinit2.o(.ARM.Collect$$libinit$$0000000B)
    __rt_lib_init_rand_1                     0x080001f5   Thumb Code     0  libinit2.o(.ARM.Collect$$libinit$$0000000A)
    __rt_lib_init_user_alloc_1               0x080001f5   Thumb Code     0  libinit2.o(.ARM.Collect$$libinit$$00000008)
    __rt_lib_init_lc_collate_1               0x080001fb   Thumb Code     0  libinit2.o(.ARM.Collect$$libinit$$0000000D)
    __rt_lib_init_lc_ctype_1                 0x080001fb   Thumb Code     0  libinit2.o(.ARM.Collect$$libinit$$0000000F)
    __rt_lib_init_lc_monetary_1              0x080001fb   Thumb Code     0  libinit2.o(.ARM.Collect$$libinit$$00000011)
    __rt_lib_init_lc_numeric_2               0x080001fb   Thumb Code     0  libinit2.o(.ARM.Collect$$libinit$$00000012)
    __rt_lib_init_alloca_1                   0x08000205   Thumb Code     0  libinit2.o(.ARM.Collect$$libinit$$0000002A)
    __rt_lib_init_argv_1                     0x08000205   Thumb Code     0  libinit2.o(.ARM.Collect$$libinit$$00000028)
    __rt_lib_init_atexit_1                   0x08000205   Thumb Code     0  libinit2.o(.ARM.Collect$$libinit$$00000017)
    __rt_lib_init_clock_1                    0x08000205   Thumb Code     0  libinit2.o(.ARM.Collect$$libinit$$0000001D)
    __rt_lib_init_cpp_1                      0x08000205   Thumb Code     0  libinit2.o(.ARM.Collect$$libinit$$0000002E)
    __rt_lib_init_exceptions_1               0x08000205   Thumb Code     0  libinit2.o(.ARM.Collect$$libinit$$0000002C)
    __rt_lib_init_fp_trap_1                  0x08000205   Thumb Code     0  libinit2.o(.ARM.Collect$$libinit$$0000001B)
    __rt_lib_init_getenv_1                   0x08000205   Thumb Code     0  libinit2.o(.ARM.Collect$$libinit$$0000001F)
    __rt_lib_init_lc_numeric_1               0x08000205   Thumb Code     0  libinit2.o(.ARM.Collect$$libinit$$00000013)
    __rt_lib_init_lc_time_1                  0x08000205   Thumb Code     0  libinit2.o(.ARM.Collect$$libinit$$00000015)
    __rt_lib_init_return                     0x08000205   Thumb Code     0  libinit2.o(.ARM.Collect$$libinit$$0000002F)
    __rt_lib_init_signal_1                   0x08000205   Thumb Code     0  libinit2.o(.ARM.Collect$$libinit$$00000019)
    __rt_lib_init_stdio_1                    0x08000205   Thumb Code     0  libinit2.o(.ARM.Collect$$libinit$$00000021)
    __rt_lib_shutdown                        0x08000207   Thumb Code     0  libshutdown.o(.ARM.Collect$$libshutdown$$00000000)
    __rt_lib_shutdown_fp_trap_1              0x08000209   Thumb Code     0  libshutdown2.o(.ARM.Collect$$libshutdown$$00000006)
    __rt_lib_shutdown_heap_1                 0x08000209   Thumb Code     0  libshutdown2.o(.ARM.Collect$$libshutdown$$0000000E)
    __rt_lib_shutdown_return                 0x08000209   Thumb Code     0  libshutdown2.o(.ARM.Collect$$libshutdown$$0000000F)
    __rt_lib_shutdown_signal_1               0x08000209   Thumb Code     0  libshutdown2.o(.ARM.Collect$$libshutdown$$00000009)
    __rt_lib_shutdown_stdio_1                0x08000209   Thumb Code     0  libshutdown2.o(.ARM.Collect$$libshutdown$$00000003)
    __rt_lib_shutdown_user_alloc_1           0x08000209   Thumb Code     0  libshutdown2.o(.ARM.Collect$$libshutdown$$0000000B)
    __rt_entry                               0x0800020b   Thumb Code     0  rtentry.o(.ARM.Collect$$rtentry$$00000000)
    __rt_entry_presh_1                       0x0800020b   Thumb Code     0  rtentry2.o(.ARM.Collect$$rtentry$$00000002)
    __rt_entry_sh                            0x0800020b   Thumb Code     0  rtentry4.o(.ARM.Collect$$rtentry$$00000004)
    __rt_entry_li                            0x08000211   Thumb Code     0  rtentry2.o(.ARM.Collect$$rtentry$$0000000A)
    __rt_entry_postsh_1                      0x08000211   Thumb Code     0  rtentry2.o(.ARM.Collect$$rtentry$$00000009)
    __rt_entry_main                          0x08000215   Thumb Code     0  rtentry2.o(.ARM.Collect$$rtentry$$0000000D)
    __rt_entry_postli_1                      0x08000215   Thumb Code     0  rtentry2.o(.ARM.Collect$$rtentry$$0000000C)
    __rt_exit                                0x0800021d   Thumb Code     0  rtexit.o(.ARM.Collect$$rtexit$$00000000)
    __rt_exit_ls                             0x0800021f   Thumb Code     0  rtexit2.o(.ARM.Collect$$rtexit$$00000003)
    __rt_exit_prels_1                        0x0800021f   Thumb Code     0  rtexit2.o(.ARM.Collect$$rtexit$$00000002)
    __rt_exit_exit                           0x08000223   Thumb Code     0  rtexit2.o(.ARM.Collect$$rtexit$$00000004)
    hcrs_task                                0x08000229   Thumb Code   100  main.o(.text)
    start_task                               0x0800028d   Thumb Code    52  main.o(.text)
    main                                     0x080002c1   Thumb Code    60  main.o(.text)
    NMI_Handler                              0x08000325   Thumb Code     2  stm32f10x_it.o(.text)
    HardFault_Handler                        0x08000327   Thumb Code     4  stm32f10x_it.o(.text)
    MemManage_Handler                        0x0800032b   Thumb Code     4  stm32f10x_it.o(.text)
    BusFault_Handler                         0x0800032f   Thumb Code     4  stm32f10x_it.o(.text)
    UsageFault_Handler                       0x08000333   Thumb Code     4  stm32f10x_it.o(.text)
    SVC_Handler                              0x08000337   Thumb Code     2  stm32f10x_it.o(.text)
    DebugMon_Handler                         0x08000339   Thumb Code     2  stm32f10x_it.o(.text)
    SystemInit                               0x0800040d   Thumb Code    82  system_stm32f10x.o(.text)
    SystemCoreClockUpdate                    0x0800045f   Thumb Code   154  system_stm32f10x.o(.text)
    BEEP_Init                                0x0800051d   Thumb Code    54  beep.o(.text)
    uart2_init                               0x08000559   Thumb Code   250  usart2.o(.text)
    USART2_IRQHandler                        0x08000653   Thumb Code   456  usart2.o(.text)
    CHK_CRC16                                0x0800086d   Thumb Code    84  mod.o(.text)
    delay_osschedlock                        0x080008c9   Thumb Code     8  delay.o(.text)
    delay_osschedunlock                      0x080008d1   Thumb Code     8  delay.o(.text)
    delay_ostimedly                          0x080008d9   Thumb Code    12  delay.o(.text)
    SysTick_Handler                          0x080008e5   Thumb Code    24  delay.o(.text)
    delay_init                               0x080008fd   Thumb Code    80  delay.o(.text)
    delay_us                                 0x0800094d   Thumb Code    90  delay.o(.text)
    delay_ms                                 0x080009a7   Thumb Code    66  delay.o(.text)
    _sys_exit                                0x08000a01   Thumb Code     6  usart.o(.text)
    fputc                                    0x08000a07   Thumb Code    20  usart.o(.text)
    uart_init                                0x08000a1b   Thumb Code   176  usart.o(.text)
    USART1_IRQHandler                        0x08000acb   Thumb Code   136  usart.o(.text)
    Reset_Handler                            0x08000b69   Thumb Code     8  startup_stm32f10x_hd.o(.text)
    ADC1_2_IRQHandler                        0x08000b83   Thumb Code     0  startup_stm32f10x_hd.o(.text)
    ADC3_IRQHandler                          0x08000b83   Thumb Code     0  startup_stm32f10x_hd.o(.text)
    CAN1_RX1_IRQHandler                      0x08000b83   Thumb Code     0  startup_stm32f10x_hd.o(.text)
    CAN1_SCE_IRQHandler                      0x08000b83   Thumb Code     0  startup_stm32f10x_hd.o(.text)
    DMA1_Channel1_IRQHandler                 0x08000b83   Thumb Code     0  startup_stm32f10x_hd.o(.text)
    DMA1_Channel2_IRQHandler                 0x08000b83   Thumb Code     0  startup_stm32f10x_hd.o(.text)
    DMA1_Channel3_IRQHandler                 0x08000b83   Thumb Code     0  startup_stm32f10x_hd.o(.text)
    DMA1_Channel4_IRQHandler                 0x08000b83   Thumb Code     0  startup_stm32f10x_hd.o(.text)
    DMA1_Channel5_IRQHandler                 0x08000b83   Thumb Code     0  startup_stm32f10x_hd.o(.text)
    DMA1_Channel6_IRQHandler                 0x08000b83   Thumb Code     0  startup_stm32f10x_hd.o(.text)
    DMA1_Channel7_IRQHandler                 0x08000b83   Thumb Code     0  startup_stm32f10x_hd.o(.text)
    DMA2_Channel1_IRQHandler                 0x08000b83   Thumb Code     0  startup_stm32f10x_hd.o(.text)
    DMA2_Channel2_IRQHandler                 0x08000b83   Thumb Code     0  startup_stm32f10x_hd.o(.text)
    DMA2_Channel3_IRQHandler                 0x08000b83   Thumb Code     0  startup_stm32f10x_hd.o(.text)
    DMA2_Channel4_5_IRQHandler               0x08000b83   Thumb Code     0  startup_stm32f10x_hd.o(.text)
    EXTI0_IRQHandler                         0x08000b83   Thumb Code     0  startup_stm32f10x_hd.o(.text)
    EXTI15_10_IRQHandler                     0x08000b83   Thumb Code     0  startup_stm32f10x_hd.o(.text)
    EXTI1_IRQHandler                         0x08000b83   Thumb Code     0  startup_stm32f10x_hd.o(.text)
    EXTI2_IRQHandler                         0x08000b83   Thumb Code     0  startup_stm32f10x_hd.o(.text)
    EXTI3_IRQHandler                         0x08000b83   Thumb Code     0  startup_stm32f10x_hd.o(.text)
    EXTI4_IRQHandler                         0x08000b83   Thumb Code     0  startup_stm32f10x_hd.o(.text)
    EXTI9_5_IRQHandler                       0x08000b83   Thumb Code     0  startup_stm32f10x_hd.o(.text)
    FLASH_IRQHandler                         0x08000b83   Thumb Code     0  startup_stm32f10x_hd.o(.text)
    FSMC_IRQHandler                          0x08000b83   Thumb Code     0  startup_stm32f10x_hd.o(.text)
    I2C1_ER_IRQHandler                       0x08000b83   Thumb Code     0  startup_stm32f10x_hd.o(.text)
    I2C1_EV_IRQHandler                       0x08000b83   Thumb Code     0  startup_stm32f10x_hd.o(.text)
    I2C2_ER_IRQHandler                       0x08000b83   Thumb Code     0  startup_stm32f10x_hd.o(.text)
    I2C2_EV_IRQHandler                       0x08000b83   Thumb Code     0  startup_stm32f10x_hd.o(.text)
    PVD_IRQHandler                           0x08000b83   Thumb Code     0  startup_stm32f10x_hd.o(.text)
    RCC_IRQHandler                           0x08000b83   Thumb Code     0  startup_stm32f10x_hd.o(.text)
    RTCAlarm_IRQHandler                      0x08000b83   Thumb Code     0  startup_stm32f10x_hd.o(.text)
    RTC_IRQHandler                           0x08000b83   Thumb Code     0  startup_stm32f10x_hd.o(.text)
    SDIO_IRQHandler                          0x08000b83   Thumb Code     0  startup_stm32f10x_hd.o(.text)
    SPI1_IRQHandler                          0x08000b83   Thumb Code     0  startup_stm32f10x_hd.o(.text)
    SPI2_IRQHandler                          0x08000b83   Thumb Code     0  startup_stm32f10x_hd.o(.text)
    SPI3_IRQHandler                          0x08000b83   Thumb Code     0  startup_stm32f10x_hd.o(.text)
    TAMPER_IRQHandler                        0x08000b83   Thumb Code     0  startup_stm32f10x_hd.o(.text)
    TIM1_BRK_IRQHandler                      0x08000b83   Thumb Code     0  startup_stm32f10x_hd.o(.text)
    TIM1_CC_IRQHandler                       0x08000b83   Thumb Code     0  startup_stm32f10x_hd.o(.text)
    TIM1_TRG_COM_IRQHandler                  0x08000b83   Thumb Code     0  startup_stm32f10x_hd.o(.text)
    TIM1_UP_IRQHandler                       0x08000b83   Thumb Code     0  startup_stm32f10x_hd.o(.text)
    TIM2_IRQHandler                          0x08000b83   Thumb Code     0  startup_stm32f10x_hd.o(.text)
    TIM3_IRQHandler                          0x08000b83   Thumb Code     0  startup_stm32f10x_hd.o(.text)
    TIM4_IRQHandler                          0x08000b83   Thumb Code     0  startup_stm32f10x_hd.o(.text)
    TIM5_IRQHandler                          0x08000b83   Thumb Code     0  startup_stm32f10x_hd.o(.text)
    TIM6_IRQHandler                          0x08000b83   Thumb Code     0  startup_stm32f10x_hd.o(.text)
    TIM7_IRQHandler                          0x08000b83   Thumb Code     0  startup_stm32f10x_hd.o(.text)
    TIM8_BRK_IRQHandler                      0x08000b83   Thumb Code     0  startup_stm32f10x_hd.o(.text)
    TIM8_CC_IRQHandler                       0x08000b83   Thumb Code     0  startup_stm32f10x_hd.o(.text)
    TIM8_TRG_COM_IRQHandler                  0x08000b83   Thumb Code     0  startup_stm32f10x_hd.o(.text)
    TIM8_UP_IRQHandler                       0x08000b83   Thumb Code     0  startup_stm32f10x_hd.o(.text)
    UART4_IRQHandler                         0x08000b83   Thumb Code     0  startup_stm32f10x_hd.o(.text)
    UART5_IRQHandler                         0x08000b83   Thumb Code     0  startup_stm32f10x_hd.o(.text)
    USART3_IRQHandler                        0x08000b83   Thumb Code     0  startup_stm32f10x_hd.o(.text)
    USBWakeUp_IRQHandler                     0x08000b83   Thumb Code     0  startup_stm32f10x_hd.o(.text)
    USB_HP_CAN1_TX_IRQHandler                0x08000b83   Thumb Code     0  startup_stm32f10x_hd.o(.text)
    USB_LP_CAN1_RX0_IRQHandler               0x08000b83   Thumb Code     0  startup_stm32f10x_hd.o(.text)
    WWDG_IRQHandler                          0x08000b83   Thumb Code     0  startup_stm32f10x_hd.o(.text)
    __user_initial_stackheap                 0x08000b85   Thumb Code     0  startup_stm32f10x_hd.o(.text)
    NVIC_PriorityGroupConfig                 0x08000ba9   Thumb Code    12  misc.o(.text)
    NVIC_Init                                0x08000bb5   Thumb Code   128  misc.o(.text)
    NVIC_SetVectorTable                      0x08000c35   Thumb Code    16  misc.o(.text)
    NVIC_SystemLPConfig                      0x08000c45   Thumb Code    30  misc.o(.text)
    SysTick_CLKSourceConfig                  0x08000c63   Thumb Code    40  misc.o(.text)
    GPIO_DeInit                              0x08000ca9   Thumb Code   172  stm32f10x_gpio.o(.text)
    GPIO_AFIODeInit                          0x08000d55   Thumb Code    20  stm32f10x_gpio.o(.text)
    GPIO_Init                                0x08000d69   Thumb Code   292  stm32f10x_gpio.o(.text)
    GPIO_StructInit                          0x08000e8d   Thumb Code    20  stm32f10x_gpio.o(.text)
    GPIO_ReadInputDataBit                    0x08000ea1   Thumb Code    24  stm32f10x_gpio.o(.text)
    GPIO_ReadInputData                       0x08000eb9   Thumb Code     8  stm32f10x_gpio.o(.text)
    GPIO_ReadOutputDataBit                   0x08000ec1   Thumb Code    24  stm32f10x_gpio.o(.text)
    GPIO_ReadOutputData                      0x08000ed9   Thumb Code     8  stm32f10x_gpio.o(.text)
    GPIO_SetBits                             0x08000ee1   Thumb Code     4  stm32f10x_gpio.o(.text)
    GPIO_ResetBits                           0x08000ee5   Thumb Code     4  stm32f10x_gpio.o(.text)
    GPIO_WriteBit                            0x08000ee9   Thumb Code    10  stm32f10x_gpio.o(.text)
    GPIO_Write                               0x08000ef3   Thumb Code     4  stm32f10x_gpio.o(.text)
    GPIO_PinLockConfig                       0x08000ef7   Thumb Code    20  stm32f10x_gpio.o(.text)
    GPIO_EventOutputConfig                   0x08000f0b   Thumb Code    32  stm32f10x_gpio.o(.text)
    GPIO_EventOutputCmd                      0x08000f2b   Thumb Code     6  stm32f10x_gpio.o(.text)
    GPIO_PinRemapConfig                      0x08000f31   Thumb Code   156  stm32f10x_gpio.o(.text)
    GPIO_EXTILineConfig                      0x08000fcd   Thumb Code    84  stm32f10x_gpio.o(.text)
    GPIO_ETH_MediaInterfaceConfig            0x08001021   Thumb Code     6  stm32f10x_gpio.o(.text)
    USART_DeInit                             0x08001055   Thumb Code   134  stm32f10x_usart.o(.text)
    USART_Init                               0x080010db   Thumb Code   250  stm32f10x_usart.o(.text)
    USART_StructInit                         0x080011d5   Thumb Code    30  stm32f10x_usart.o(.text)
    USART_ClockInit                          0x080011f3   Thumb Code    46  stm32f10x_usart.o(.text)
    USART_ClockStructInit                    0x08001221   Thumb Code    14  stm32f10x_usart.o(.text)
    USART_Cmd                                0x0800122f   Thumb Code    26  stm32f10x_usart.o(.text)
    USART_ITConfig                           0x08001249   Thumb Code    88  stm32f10x_usart.o(.text)
    USART_DMACmd                             0x080012a1   Thumb Code    30  stm32f10x_usart.o(.text)
    USART_SetAddress                         0x080012bf   Thumb Code    22  stm32f10x_usart.o(.text)
    USART_WakeUpConfig                       0x080012d5   Thumb Code    22  stm32f10x_usart.o(.text)
    USART_ReceiverWakeUpCmd                  0x080012eb   Thumb Code    26  stm32f10x_usart.o(.text)
    USART_LINBreakDetectLengthConfig         0x08001305   Thumb Code    22  stm32f10x_usart.o(.text)
    USART_LINCmd                             0x0800131b   Thumb Code    26  stm32f10x_usart.o(.text)
    USART_SendData                           0x08001335   Thumb Code     8  stm32f10x_usart.o(.text)
    USART_ReceiveData                        0x0800133d   Thumb Code    10  stm32f10x_usart.o(.text)
    USART_SendBreak                          0x08001347   Thumb Code    10  stm32f10x_usart.o(.text)
    USART_SetGuardTime                       0x08001351   Thumb Code    16  stm32f10x_usart.o(.text)
    USART_SetPrescaler                       0x08001361   Thumb Code    18  stm32f10x_usart.o(.text)
    USART_SmartCardCmd                       0x08001373   Thumb Code    26  stm32f10x_usart.o(.text)
    USART_SmartCardNACKCmd                   0x0800138d   Thumb Code    26  stm32f10x_usart.o(.text)
    USART_HalfDuplexCmd                      0x080013a7   Thumb Code    26  stm32f10x_usart.o(.text)
    USART_OverSampling8Cmd                   0x080013c1   Thumb Code    22  stm32f10x_usart.o(.text)
    USART_OneBitMethodCmd                    0x080013d7   Thumb Code    26  stm32f10x_usart.o(.text)
    USART_IrDAConfig                         0x080013f1   Thumb Code    22  stm32f10x_usart.o(.text)
    USART_IrDACmd                            0x08001407   Thumb Code    26  stm32f10x_usart.o(.text)
    USART_GetFlagStatus                      0x08001421   Thumb Code    54  stm32f10x_usart.o(.text)
    USART_ClearFlag                          0x08001457   Thumb Code    20  stm32f10x_usart.o(.text)
    USART_GetITStatus                        0x0800146b   Thumb Code   104  stm32f10x_usart.o(.text)
    USART_ClearITPendingBit                  0x080014d3   Thumb Code    40  stm32f10x_usart.o(.text)
    RCC_DeInit                               0x080014fd   Thumb Code    68  stm32f10x_rcc.o(.text)
    RCC_HSEConfig                            0x08001541   Thumb Code    70  stm32f10x_rcc.o(.text)
    RCC_GetFlagStatus                        0x08001587   Thumb Code    68  stm32f10x_rcc.o(.text)
    RCC_WaitForHSEStartUp                    0x080015cb   Thumb Code    56  stm32f10x_rcc.o(.text)
    RCC_AdjustHSICalibrationValue            0x08001603   Thumb Code    22  stm32f10x_rcc.o(.text)
    RCC_HSICmd                               0x08001619   Thumb Code     6  stm32f10x_rcc.o(.text)
    RCC_PLLConfig                            0x0800161f   Thumb Code    28  stm32f10x_rcc.o(.text)
    RCC_PLLCmd                               0x0800163b   Thumb Code     6  stm32f10x_rcc.o(.text)
    RCC_SYSCLKConfig                         0x08001641   Thumb Code    22  stm32f10x_rcc.o(.text)
    RCC_GetSYSCLKSource                      0x08001657   Thumb Code    10  stm32f10x_rcc.o(.text)
    RCC_HCLKConfig                           0x08001661   Thumb Code    22  stm32f10x_rcc.o(.text)
    RCC_PCLK1Config                          0x08001677   Thumb Code    22  stm32f10x_rcc.o(.text)
    RCC_PCLK2Config                          0x0800168d   Thumb Code    22  stm32f10x_rcc.o(.text)
    RCC_ITConfig                             0x080016a3   Thumb Code    36  stm32f10x_rcc.o(.text)
    RCC_USBCLKConfig                         0x080016c7   Thumb Code     6  stm32f10x_rcc.o(.text)
    RCC_ADCCLKConfig                         0x080016cd   Thumb Code    22  stm32f10x_rcc.o(.text)
    RCC_LSEConfig                            0x080016e3   Thumb Code    50  stm32f10x_rcc.o(.text)
    RCC_LSICmd                               0x08001715   Thumb Code     6  stm32f10x_rcc.o(.text)
    RCC_RTCCLKConfig                         0x0800171b   Thumb Code    14  stm32f10x_rcc.o(.text)
    RCC_RTCCLKCmd                            0x08001729   Thumb Code     6  stm32f10x_rcc.o(.text)
    RCC_GetClocksFreq                        0x0800172f   Thumb Code   216  stm32f10x_rcc.o(.text)
    RCC_AHBPeriphClockCmd                    0x08001807   Thumb Code    30  stm32f10x_rcc.o(.text)
    RCC_APB2PeriphClockCmd                   0x08001825   Thumb Code    30  stm32f10x_rcc.o(.text)
    RCC_APB1PeriphClockCmd                   0x08001843   Thumb Code    30  stm32f10x_rcc.o(.text)
    RCC_APB2PeriphResetCmd                   0x08001861   Thumb Code    30  stm32f10x_rcc.o(.text)
    RCC_APB1PeriphResetCmd                   0x0800187f   Thumb Code    30  stm32f10x_rcc.o(.text)
    RCC_BackupResetCmd                       0x0800189d   Thumb Code     6  stm32f10x_rcc.o(.text)
    RCC_ClockSecuritySystemCmd               0x080018a3   Thumb Code     6  stm32f10x_rcc.o(.text)
    RCC_MCOConfig                            0x080018a9   Thumb Code     6  stm32f10x_rcc.o(.text)
    RCC_ClearFlag                            0x080018af   Thumb Code    14  stm32f10x_rcc.o(.text)
    RCC_GetITStatus                          0x080018bd   Thumb Code    26  stm32f10x_rcc.o(.text)
    RCC_ClearITPendingBit                    0x080018d7   Thumb Code    58  stm32f10x_rcc.o(.text)
    OS_TaskStatStkChk                        0x08001911   Thumb Code    58  os_core.o(.text)
    OS_TaskStat                              0x0800194b   Thumb Code   126  os_core.o(.text)
    OS_TaskIdle                              0x080019fd   Thumb Code    38  os_core.o(.text)
    OS_MemClr                                0x08001a57   Thumb Code    22  os_core.o(.text)
    OSInit                                   0x08001b97   Thumb Code    44  os_core.o(.text)
    OSIntEnter                               0x08001bc3   Thumb Code    30  os_core.o(.text)
    OSIntExit                                0x08001bfb   Thumb Code   120  os_core.o(.text)
    OSSchedLock                              0x08001c73   Thumb Code    54  os_core.o(.text)
    OS_Sched                                 0x08001ca9   Thumb Code   244  os_core.o(.text)
    OSSchedUnlock                            0x08001d9d   Thumb Code    86  os_core.o(.text)
    OSStart                                  0x08001df3   Thumb Code    48  os_core.o(.text)
    OSStatInit                               0x08001e23   Thumb Code    70  os_core.o(.text)
    OSTimeTick                               0x08001e69   Thumb Code   238  os_core.o(.text)
    OSVersion                                0x08001f57   Thumb Code     6  os_core.o(.text)
    OS_Dummy                                 0x08001f5d   Thumb Code     2  os_core.o(.text)
    OS_EventTaskRemove                       0x08001f5f   Thumb Code    58  os_core.o(.text)
    OS_EventTaskRdy                          0x08001f99   Thumb Code   130  os_core.o(.text)
    OS_EventTaskWait                         0x0800201b   Thumb Code   132  os_core.o(.text)
    OS_EventWaitListInit                     0x0800209f   Thumb Code    34  os_core.o(.text)
    OS_MemCopy                               0x080020c1   Thumb Code    22  os_core.o(.text)
    OS_StrLen                                0x080020d7   Thumb Code    26  os_core.o(.text)
    OS_TCBInit                               0x080020f1   Thumb Code   390  os_core.o(.text)
    OSFlagAccept                             0x0800228d   Thumb Code   302  os_flag.o(.text)
    OSFlagCreate                             0x080023bb   Thumb Code   100  os_flag.o(.text)
    OS_FlagUnlink                            0x0800241f   Thumb Code    40  os_flag.o(.text)
    OSFlagDel                                0x080024ab   Thumb Code   238  os_flag.o(.text)
    OSFlagNameGet                            0x08002599   Thumb Code    92  os_flag.o(.text)
    OSFlagNameSet                            0x080025f5   Thumb Code    74  os_flag.o(.text)
    OSFlagPend                               0x080026ed   Thumb Code   698  os_flag.o(.text)
    OSFlagPendGetFlagsRdy                    0x080029a7   Thumb Code    28  os_flag.o(.text)
    OSFlagPost                               0x080029c3   Thumb Code   346  os_flag.o(.text)
    OSFlagQuery                              0x08002b1d   Thumb Code    56  os_flag.o(.text)
    OS_FlagInit                              0x08002b55   Thumb Code    88  os_flag.o(.text)
    OSQAccept                                0x08002bb9   Thumb Code   102  os_q.o(.text)
    OSQCreate                                0x08002c1f   Thumb Code   148  os_q.o(.text)
    OSQDel                                   0x08002cb3   Thumb Code   256  os_q.o(.text)
    OSQFlush                                 0x08002db3   Thumb Code    40  os_q.o(.text)
    OSQPend                                  0x08002ddb   Thumb Code   304  os_q.o(.text)
    OSQPendAbort                             0x08002f0b   Thumb Code   142  os_q.o(.text)
    OSQPost                                  0x08002f99   Thumb Code   140  os_q.o(.text)
    OSQPostFront                             0x08003025   Thumb Code   122  os_q.o(.text)
    OSQPostOpt                               0x0800309f   Thumb Code   188  os_q.o(.text)
    OSQQuery                                 0x0800315b   Thumb Code   104  os_q.o(.text)
    OS_QInit                                 0x080031c3   Thumb Code    80  os_q.o(.text)
    OSTaskChangePrio                         0x0800321d   Thumb Code   354  os_task.o(.text)
    OSTaskCreate                             0x0800337f   Thumb Code   156  os_task.o(.text)
    OS_TaskStkClr                            0x0800341b   Thumb Code    30  os_task.o(.text)
    OSTaskCreateExt                          0x08003439   Thumb Code   176  os_task.o(.text)
    OSTaskDel                                0x080034e9   Thumb Code   368  os_task.o(.text)
    OSTaskDelReq                             0x08003659   Thumb Code   104  os_task.o(.text)
    OSTaskNameGet                            0x080036c1   Thumb Code   128  os_task.o(.text)
    OSTaskNameSet                            0x08003741   Thumb Code   106  os_task.o(.text)
    OSTaskResume                             0x080037ab   Thumb Code   162  os_task.o(.text)
    OSTaskStkChk                             0x0800384d   Thumb Code   142  os_task.o(.text)
    OSTaskSuspend                            0x080038db   Thumb Code   174  os_task.o(.text)
    OSTaskQuery                              0x08003989   Thumb Code    84  os_task.o(.text)
    OSTaskRegGet                             0x080039dd   Thumb Code    62  os_task.o(.text)
    OSTaskRegSet                             0x08003a1b   Thumb Code    90  os_task.o(.text)
    OS_TaskReturn                            0x08003a75   Thumb Code    18  os_task.o(.text)
    OSTimeDly                                0x08003a8d   Thumb Code   118  os_time.o(.text)
    OSTimeDlyHMSM                            0x08003b03   Thumb Code    94  os_time.o(.text)
    OSTimeDlyResume                          0x08003b61   Thumb Code   184  os_time.o(.text)
    OSTimeGet                                0x08003c19   Thumb Code    26  os_time.o(.text)
    OSTimeSet                                0x08003c33   Thumb Code    26  os_time.o(.text)
    OSInitHookBegin                          0x08003c69   Thumb Code     2  os_cpu_c.o(.text)
    OSInitHookEnd                            0x08003c6b   Thumb Code     2  os_cpu_c.o(.text)
    OSTaskCreateHook                         0x08003c6d   Thumb Code     2  os_cpu_c.o(.text)
    OSTaskDelHook                            0x08003c6f   Thumb Code     2  os_cpu_c.o(.text)
    OSTaskIdleHook                           0x08003c71   Thumb Code     2  os_cpu_c.o(.text)
    OSTaskStatHook                           0x08003c73   Thumb Code     2  os_cpu_c.o(.text)
    OSTaskStkInit                            0x08003c75   Thumb Code   186  os_cpu_c.o(.text)
    OSTaskSwHook                             0x08003d2f   Thumb Code     2  os_cpu_c.o(.text)
    OSTCBInitHook                            0x08003d31   Thumb Code     2  os_cpu_c.o(.text)
    OSTimeTickHook                           0x08003d33   Thumb Code     2  os_cpu_c.o(.text)
    OSTaskReturnHook                         0x08003d35   Thumb Code     2  os_cpu_c.o(.text)
    OS_CPU_SR_Save                           0x08003d39   Thumb Code     0  os_cpu_a.o(.text)
    OS_CPU_SR_Restore                        0x08003d41   Thumb Code     0  os_cpu_a.o(.text)
    OSStartHighRdy                           0x08003d47   Thumb Code     0  os_cpu_a.o(.text)
    OSCtxSw                                  0x08003d69   Thumb Code     0  os_cpu_a.o(.text)
    OSIntCtxSw                               0x08003d77   Thumb Code     0  os_cpu_a.o(.text)
    PendSV_Handler                           0x08003d87   Thumb Code     0  os_cpu_a.o(.text)
    __use_no_semihosting                     0x08003ded   Thumb Code     2  use_no_semi_2.o(.text)
    __2printf                                0x08003df1   Thumb Code    20  noretval__2printf.o(.text)
    __printf                                 0x08003e09   Thumb Code   270  __printf_wp.o(.text)
    __use_two_region_memory                  0x08003f17   Thumb Code     2  heapauxi.o(.text)
    __rt_heap_escrow$2region                 0x08003f19   Thumb Code     2  heapauxi.o(.text)
    __rt_heap_expand$2region                 0x08003f1b   Thumb Code     2  heapauxi.o(.text)
    __I$use$semihosting                      0x08003f1d   Thumb Code     0  use_no_semi.o(.text)
    __use_no_semihosting_swi                 0x08003f1d   Thumb Code     2  use_no_semi.o(.text)
    __lib_sel_fp_printf                      0x08003f1f   Thumb Code     2  _printf_fp_dec.o(.text)
    _printf_fp_dec_real                      0x080040cb   Thumb Code   626  _printf_fp_dec.o(.text)
    _printf_char_file                        0x0800433d   Thumb Code    32  _printf_char_file.o(.text)
    __rt_locale                              0x08004361   Thumb Code     8  rt_locale_intlibspace.o(.text)
    _ll_udiv10                               0x08004369   Thumb Code   138  lludiv10.o(.text)
    _printf_char_common                      0x080043ff   Thumb Code    32  _printf_char_common.o(.text)
    _printf_fp_infnan                        0x08004425   Thumb Code   112  _printf_fp_infnan.o(.text)
    _btod_etento                             0x080044a5   Thumb Code   222  bigflt0.o(.text)
    ferror                                   0x08004589   Thumb Code     8  ferror.o(.text)
    __user_libspace                          0x08004591   Thumb Code     8  libspace.o(.text)
    __user_perproc_libspace                  0x08004591   Thumb Code     0  libspace.o(.text)
    __user_perthread_libspace                0x08004591   Thumb Code     0  libspace.o(.text)
    __user_setup_stackheap                   0x08004599   Thumb Code    74  sys_stackheap_outer.o(.text)
    exit                                     0x080045e3   Thumb Code    12  exit.o(.text)
    strcmp                                   0x080045f1   Thumb Code   128  strcmpv7m.o(.text)
    __rt_fp_status_addr                      0x08004671   Thumb Code     8  rt_fp_status_addr_intlibspace.o(.text)
    _btod_d2e                                0x08004679   Thumb Code    62  btod.o(CL$$btod_d2e)
    _d2e_denorm_low                          0x080046b7   Thumb Code    70  btod.o(CL$$btod_d2e_denorm_low)
    _d2e_norm_op1                            0x080046fd   Thumb Code    96  btod.o(CL$$btod_d2e_norm_op1)
    __btod_div_common                        0x0800475d   Thumb Code   696  btod.o(CL$$btod_div_common)
    _e2e                                     0x08004a95   Thumb Code   198  btod.o(CL$$btod_e2e)
    _btod_ediv                               0x08004b5b   Thumb Code    40  btod.o(CL$$btod_ediv)
    _btod_emul                               0x08004b83   Thumb Code    40  btod.o(CL$$btod_emul)
    __btod_mult_common                       0x08004bab   Thumb Code   580  btod.o(CL$$btod_mult_common)
    __ARM_fpclassify                         0x08004def   Thumb Code    40  fpclassify.o(i.__ARM_fpclassify)
    _is_digit                                0x08004e17   Thumb Code    14  __printf_wp.o(i._is_digit)
    _get_lc_numeric                          0x08004e25   Thumb Code    44  lc_numeric_c.o(locale$$code)
    __fpl_dretinf                            0x08004e51   Thumb Code    12  dretinf.o(x$fpl$dretinf)
    __aeabi_f2d                              0x08004e5d   Thumb Code     0  f2d.o(x$fpl$f2d)
    _f2d                                     0x08004e5d   Thumb Code    86  f2d.o(x$fpl$f2d)
    __aeabi_fdiv                             0x08004eb5   Thumb Code     0  fdiv.o(x$fpl$fdiv)
    _fdiv                                    0x08004eb5   Thumb Code   384  fdiv.o(x$fpl$fdiv)
    __aeabi_i2f                              0x08005039   Thumb Code     0  fflt_clz.o(x$fpl$fflt)
    _fflt                                    0x08005039   Thumb Code    48  fflt_clz.o(x$fpl$fflt)
    __fpl_fnaninf                            0x08005069   Thumb Code   140  fnaninf.o(x$fpl$fnaninf)
    _fp_init                                 0x080050f5   Thumb Code    14  fpinit.o(x$fpl$fpinit)
    __fplib_config_pureend_doubles           0x08005101   Thumb Code     0  fpinit.o(x$fpl$fpinit)
    __fpl_fretinf                            0x08005103   Thumb Code    10  fretinf.o(x$fpl$fretinf)
    _printf_fp_dec                           0x0800510d   Thumb Code     4  printf1.o(x$fpl$printf1)
    OSUnMapTbl                               0x08005110   Data         256  os_core.o(.constdata)
    __I$use$fp                               0x08005111   Thumb Code     0  usenofp.o(x$fpl$usenofp)
    Region$$Table$$Base                      0x080052a4   Number         0  anon$$obj.o(Region$$Table)
    Region$$Table$$Limit                     0x080052c4   Number         0  anon$$obj.o(Region$$Table)
    SystemCoreClock                          0x20000000   Data           4  system_stm32f10x.o(.data)
    AHBPrescTable                            0x20000004   Data          16  system_stm32f10x.o(.data)
    BUFLENGTH                                0x20000014   Data           4  usart2.o(.data)
    auchCRCHi                                0x20000018   Data         256  mod.o(.data)
    auchCRCLo                                0x20000118   Data         256  mod.o(.data)
    USART_RX_STA                             0x2000021c   Data           2  usart.o(.data)
    __stdout                                 0x20000220   Data           4  usart.o(.data)
    OSCtxSwCtr                               0x20000238   Data           4  os_core.o(.data)
    OSEventFreeList                          0x2000023c   Data           4  os_core.o(.data)
    OSFlagFreeList                           0x20000240   Data           4  os_core.o(.data)
    OSCPUUsage                               0x20000244   Data           1  os_core.o(.data)
    OSIdleCtrMax                             0x20000248   Data           4  os_core.o(.data)
    OSIdleCtrRun                             0x2000024c   Data           4  os_core.o(.data)
    OSStatRdy                                0x20000250   Data           1  os_core.o(.data)
    OSIntNesting                             0x20000251   Data           1  os_core.o(.data)
    OSLockNesting                            0x20000252   Data           1  os_core.o(.data)
    OSPrioCur                                0x20000253   Data           1  os_core.o(.data)
    OSPrioHighRdy                            0x20000254   Data           1  os_core.o(.data)
    OSRdyGrp                                 0x20000255   Data           1  os_core.o(.data)
    OSRdyTbl                                 0x20000256   Data           8  os_core.o(.data)
    OSRunning                                0x2000025e   Data           1  os_core.o(.data)
    OSTaskCtr                                0x2000025f   Data           1  os_core.o(.data)
    OSIdleCtr                                0x20000260   Data           4  os_core.o(.data)
    OSTCBCur                                 0x20000264   Data           4  os_core.o(.data)
    OSTCBFreeList                            0x20000268   Data           4  os_core.o(.data)
    OSTCBHighRdy                             0x2000026c   Data           4  os_core.o(.data)
    OSTCBList                                0x20000270   Data           4  os_core.o(.data)
    OSTickStepState                          0x20000274   Data           1  os_core.o(.data)
    OSQFreeList                              0x20000278   Data           4  os_core.o(.data)
    OSTime                                   0x2000027c   Data           4  os_core.o(.data)
    START_TASK_STK                           0x20000280   Data         512  main.o(.bss)
    HCRS_TASK_STK                            0x20000480   Data         256  main.o(.bss)
    read_buf                                 0x20000580   Data          19  usart2.o(.bss)
    tep_buf                                  0x20000593   Data          10  usart2.o(.bss)
    USART_RX_BUF                             0x2000059d   Data         200  usart.o(.bss)
    OSEventTbl                               0x20000668   Data         200  os_core.o(.bss)
    OSFlagTbl                                0x20000730   Data          80  os_core.o(.bss)
    OSTaskStatStk                            0x20000780   Data         512  os_core.o(.bss)
    OSTaskIdleStk                            0x20000980   Data         512  os_core.o(.bss)
    OSTCBPrioTbl                             0x20000b80   Data         256  os_core.o(.bss)
    OSTCBTbl                                 0x20000c80   Data        1008  os_core.o(.bss)
    OSQTbl                                   0x20001070   Data         120  os_core.o(.bss)
    __libspace_start                         0x200010e8   Data          96  libspace.o(.bss)
    __temporary_stack_top$libspace           0x20001148   Data           0  libspace.o(.bss)



==============================================================================

Memory Map of the image

  Image Entry point : 0x08000131

  Load Region LR_IROM1 (Base: 0x08000000, Size: 0x00005560, Max: 0x00080000, ABSOLUTE, COMPRESSED[0x00005428])

    Execution Region ER_IROM1 (Base: 0x08000000, Size: 0x000052e0, Max: 0x00080000, ABSOLUTE)

    Base Addr    Size         Type   Attr      Idx    E Section Name        Object

    0x08000000   0x00000130   Data   RO          266    RESET               startup_stm32f10x_hd.o
    0x08000130   0x00000008   Code   RO          520  * !!!main             c_w.l(__main.o)
    0x08000138   0x00000034   Code   RO          754    !!!scatter          c_w.l(__scatter.o)
    0x0800016c   0x0000005a   Code   RO          752    !!dczerorl2         c_w.l(__dczerorl2.o)
    0x080001c6   0x00000002   PAD
    0x080001c8   0x0000001c   Code   RO          756    !!handler_zi        c_w.l(__scatter_zi.o)
    0x080001e4   0x00000000   Code   RO          517    .ARM.Collect$$_printf_percent$$00000000  c_w.l(_printf_percent.o)
    0x080001e4   0x00000006   Code   RO          516    .ARM.Collect$$_printf_percent$$00000003  c_w.l(_printf_f.o)
    0x080001ea   0x00000004   Code   RO          543    .ARM.Collect$$_printf_percent$$00000017  c_w.l(_printf_percent_end.o)
    0x080001ee   0x00000006   Code   RO          629    .ARM.Collect$$libinit$$00000000  c_w.l(libinit.o)
    0x080001f4   0x00000000   Code   RO          632    .ARM.Collect$$libinit$$00000006  c_w.l(libinit2.o)
    0x080001f4   0x00000000   Code   RO          634    .ARM.Collect$$libinit$$00000008  c_w.l(libinit2.o)
    0x080001f4   0x00000000   Code   RO          636    .ARM.Collect$$libinit$$0000000A  c_w.l(libinit2.o)
    0x080001f4   0x00000006   Code   RO          637    .ARM.Collect$$libinit$$0000000B  c_w.l(libinit2.o)
    0x080001fa   0x00000000   Code   RO          639    .ARM.Collect$$libinit$$0000000D  c_w.l(libinit2.o)
    0x080001fa   0x00000000   Code   RO          641    .ARM.Collect$$libinit$$0000000F  c_w.l(libinit2.o)
    0x080001fa   0x00000000   Code   RO          643    .ARM.Collect$$libinit$$00000011  c_w.l(libinit2.o)
    0x080001fa   0x0000000a   Code   RO          644    .ARM.Collect$$libinit$$00000012  c_w.l(libinit2.o)
    0x08000204   0x00000000   Code   RO          645    .ARM.Collect$$libinit$$00000013  c_w.l(libinit2.o)
    0x08000204   0x00000000   Code   RO          647    .ARM.Collect$$libinit$$00000015  c_w.l(libinit2.o)
    0x08000204   0x00000000   Code   RO          649    .ARM.Collect$$libinit$$00000017  c_w.l(libinit2.o)
    0x08000204   0x00000000   Code   RO          651    .ARM.Collect$$libinit$$00000019  c_w.l(libinit2.o)
    0x08000204   0x00000000   Code   RO          653    .ARM.Collect$$libinit$$0000001B  c_w.l(libinit2.o)
    0x08000204   0x00000000   Code   RO          655    .ARM.Collect$$libinit$$0000001D  c_w.l(libinit2.o)
    0x08000204   0x00000000   Code   RO          657    .ARM.Collect$$libinit$$0000001F  c_w.l(libinit2.o)
    0x08000204   0x00000000   Code   RO          659    .ARM.Collect$$libinit$$00000021  c_w.l(libinit2.o)
    0x08000204   0x00000000   Code   RO          663    .ARM.Collect$$libinit$$00000028  c_w.l(libinit2.o)
    0x08000204   0x00000000   Code   RO          665    .ARM.Collect$$libinit$$0000002A  c_w.l(libinit2.o)
    0x08000204   0x00000000   Code   RO          667    .ARM.Collect$$libinit$$0000002C  c_w.l(libinit2.o)
    0x08000204   0x00000000   Code   RO          669    .ARM.Collect$$libinit$$0000002E  c_w.l(libinit2.o)
    0x08000204   0x00000002   Code   RO          670    .ARM.Collect$$libinit$$0000002F  c_w.l(libinit2.o)
    0x08000206   0x00000002   Code   RO          703    .ARM.Collect$$libshutdown$$00000000  c_w.l(libshutdown.o)
    0x08000208   0x00000000   Code   RO          713    .ARM.Collect$$libshutdown$$00000003  c_w.l(libshutdown2.o)
    0x08000208   0x00000000   Code   RO          716    .ARM.Collect$$libshutdown$$00000006  c_w.l(libshutdown2.o)
    0x08000208   0x00000000   Code   RO          719    .ARM.Collect$$libshutdown$$00000009  c_w.l(libshutdown2.o)
    0x08000208   0x00000000   Code   RO          721    .ARM.Collect$$libshutdown$$0000000B  c_w.l(libshutdown2.o)
    0x08000208   0x00000000   Code   RO          724    .ARM.Collect$$libshutdown$$0000000E  c_w.l(libshutdown2.o)
    0x08000208   0x00000002   Code   RO          725    .ARM.Collect$$libshutdown$$0000000F  c_w.l(libshutdown2.o)
    0x0800020a   0x00000000   Code   RO          538    .ARM.Collect$$rtentry$$00000000  c_w.l(rtentry.o)
    0x0800020a   0x00000000   Code   RO          552    .ARM.Collect$$rtentry$$00000002  c_w.l(rtentry2.o)
    0x0800020a   0x00000006   Code   RO          564    .ARM.Collect$$rtentry$$00000004  c_w.l(rtentry4.o)
    0x08000210   0x00000000   Code   RO          554    .ARM.Collect$$rtentry$$00000009  c_w.l(rtentry2.o)
    0x08000210   0x00000004   Code   RO          555    .ARM.Collect$$rtentry$$0000000A  c_w.l(rtentry2.o)
    0x08000214   0x00000000   Code   RO          557    .ARM.Collect$$rtentry$$0000000C  c_w.l(rtentry2.o)
    0x08000214   0x00000008   Code   RO          558    .ARM.Collect$$rtentry$$0000000D  c_w.l(rtentry2.o)
    0x0800021c   0x00000002   Code   RO          671    .ARM.Collect$$rtexit$$00000000  c_w.l(rtexit.o)
    0x0800021e   0x00000000   Code   RO          678    .ARM.Collect$$rtexit$$00000002  c_w.l(rtexit2.o)
    0x0800021e   0x00000004   Code   RO          679    .ARM.Collect$$rtexit$$00000003  c_w.l(rtexit2.o)
    0x08000222   0x00000006   Code   RO          680    .ARM.Collect$$rtexit$$00000004  c_w.l(rtexit2.o)
    0x08000228   0x000000fc   Code   RO            1    .text               main.o
    0x08000324   0x00000016   Code   RO          106    .text               stm32f10x_it.o
    0x0800033a   0x00000002   PAD
    0x0800033c   0x000001e0   Code   RO          141    .text               system_stm32f10x.o
    0x0800051c   0x0000003c   Code   RO          159    .text               beep.o
    0x08000558   0x00000314   Code   RO          171    .text               usart2.o
    0x0800086c   0x0000005c   Code   RO          188    .text               mod.o
    0x080008c8   0x00000138   Code   RO          206    .text               delay.o
    0x08000a00   0x00000168   Code   RO          231    .text               usart.o
    0x08000b68   0x00000040   Code   RO          267    .text               startup_stm32f10x_hd.o
    0x08000ba8   0x00000100   Code   RO          271    .text               misc.o
    0x08000ca8   0x000003ac   Code   RO          283    .text               stm32f10x_gpio.o
    0x08001054   0x000004a6   Code   RO          295    .text               stm32f10x_usart.o
    0x080014fa   0x00000002   PAD
    0x080014fc   0x00000414   Code   RO          307    .text               stm32f10x_rcc.o
    0x08001910   0x0000097c   Code   RO          345    .text               os_core.o
    0x0800228c   0x0000092c   Code   RO          365    .text               os_flag.o
    0x08002bb8   0x00000664   Code   RO          407    .text               os_q.o
    0x0800321c   0x00000870   Code   RO          431    .text               os_task.o
    0x08003a8c   0x000001dc   Code   RO          443    .text               os_time.o
    0x08003c68   0x000000ce   Code   RO          461    .text               os_cpu_c.o
    0x08003d36   0x00000002   PAD
    0x08003d38   0x000000b4   Code   RO          483    .text               os_cpu_a.o
    0x08003dec   0x00000002   Code   RO          488    .text               c_w.l(use_no_semi_2.o)
    0x08003dee   0x00000002   PAD
    0x08003df0   0x00000018   Code   RO          492    .text               c_w.l(noretval__2printf.o)
    0x08003e08   0x0000010e   Code   RO          504    .text               c_w.l(__printf_wp.o)
    0x08003f16   0x00000006   Code   RO          518    .text               c_w.l(heapauxi.o)
    0x08003f1c   0x00000002   Code   RO          536    .text               c_w.l(use_no_semi.o)
    0x08003f1e   0x0000041e   Code   RO          539    .text               c_w.l(_printf_fp_dec.o)
    0x0800433c   0x00000024   Code   RO          541    .text               c_w.l(_printf_char_file.o)
    0x08004360   0x00000008   Code   RO          569    .text               c_w.l(rt_locale_intlibspace.o)
    0x08004368   0x0000008a   Code   RO          571    .text               c_w.l(lludiv10.o)
    0x080043f2   0x00000002   PAD
    0x080043f4   0x00000030   Code   RO          573    .text               c_w.l(_printf_char_common.o)
    0x08004424   0x00000080   Code   RO          575    .text               c_w.l(_printf_fp_infnan.o)
    0x080044a4   0x000000e4   Code   RO          577    .text               c_w.l(bigflt0.o)
    0x08004588   0x00000008   Code   RO          602    .text               c_w.l(ferror.o)
    0x08004590   0x00000008   Code   RO          613    .text               c_w.l(libspace.o)
    0x08004598   0x0000004a   Code   RO          616    .text               c_w.l(sys_stackheap_outer.o)
    0x080045e2   0x0000000c   Code   RO          620    .text               c_w.l(exit.o)
    0x080045ee   0x00000002   PAD
    0x080045f0   0x00000080   Code   RO          622    .text               c_w.l(strcmpv7m.o)
    0x08004670   0x00000008   Code   RO          687    .text               c_w.l(rt_fp_status_addr_intlibspace.o)
    0x08004678   0x0000003e   Code   RO          580    CL$$btod_d2e        c_w.l(btod.o)
    0x080046b6   0x00000046   Code   RO          582    CL$$btod_d2e_denorm_low  c_w.l(btod.o)
    0x080046fc   0x00000060   Code   RO          581    CL$$btod_d2e_norm_op1  c_w.l(btod.o)
    0x0800475c   0x00000338   Code   RO          590    CL$$btod_div_common  c_w.l(btod.o)
    0x08004a94   0x000000c6   Code   RO          587    CL$$btod_e2e        c_w.l(btod.o)
    0x08004b5a   0x00000028   Code   RO          584    CL$$btod_ediv       c_w.l(btod.o)
    0x08004b82   0x00000028   Code   RO          583    CL$$btod_emul       c_w.l(btod.o)
    0x08004baa   0x00000244   Code   RO          589    CL$$btod_mult_common  c_w.l(btod.o)
    0x08004dee   0x00000028   Code   RO          611    i.__ARM_fpclassify  m_ws.l(fpclassify.o)
    0x08004e16   0x0000000e   Code   RO          506    i._is_digit         c_w.l(__printf_wp.o)
    0x08004e24   0x0000002c   Code   RO          607    locale$$code        c_w.l(lc_numeric_c.o)
    0x08004e50   0x0000000c   Code   RO          544    x$fpl$dretinf       fz_ws.l(dretinf.o)
    0x08004e5c   0x00000056   Code   RO          522    x$fpl$f2d           fz_ws.l(f2d.o)
    0x08004eb2   0x00000002   PAD
    0x08004eb4   0x00000184   Code   RO          525    x$fpl$fdiv          fz_ws.l(fdiv.o)
    0x08005038   0x00000030   Code   RO          529    x$fpl$fflt          fz_ws.l(fflt_clz.o)
    0x08005068   0x0000008c   Code   RO          546    x$fpl$fnaninf       fz_ws.l(fnaninf.o)
    0x080050f4   0x0000000e   Code   RO          675    x$fpl$fpinit        fz_ws.l(fpinit.o)
    0x08005102   0x0000000a   Code   RO          548    x$fpl$fretinf       fz_ws.l(fretinf.o)
    0x0800510c   0x00000004   Code   RO          534    x$fpl$printf1       fz_ws.l(printf1.o)
    0x08005110   0x00000000   Code   RO          550    x$fpl$usenofp       fz_ws.l(usenofp.o)
    0x08005110   0x00000100   Data   RO          347    .constdata          os_core.o
    0x08005210   0x00000094   Data   RO          578    .constdata          c_w.l(bigflt0.o)
    0x080052a4   0x00000020   Data   RO          750    Region$$Table       anon$$obj.o
    0x080052c4   0x0000001c   Data   RO          606    locale$$data        c_w.l(lc_numeric_c.o)


    Execution Region RW_IRAM1 (Base: 0x20000000, Size: 0x00001b48, Max: 0x00010000, ABSOLUTE, COMPRESSED[0x00000148])

    Base Addr    Size         Type   Attr      Idx    E Section Name        Object

    0x20000000   0x00000014   Data   RW          142    .data               system_stm32f10x.o
    0x20000014   0x00000004   Data   RW          173    .data               usart2.o
    0x20000018   0x00000200   Data   RW          189    .data               mod.o
    0x20000218   0x00000004   Data   RW          207    .data               delay.o
    0x2000021c   0x00000008   Data   RW          233    .data               usart.o
    0x20000224   0x00000014   Data   RW          308    .data               stm32f10x_rcc.o
    0x20000238   0x00000048   Data   RW          348    .data               os_core.o
    0x20000280   0x00000300   Zero   RW            2    .bss                main.o
    0x20000580   0x0000001d   Zero   RW          172    .bss                usart2.o
    0x2000059d   0x000000c8   Zero   RW          232    .bss                usart.o
    0x20000665   0x00000003   PAD
    0x20000668   0x00000a80   Zero   RW          346    .bss                os_core.o
    0x200010e8   0x00000060   Zero   RW          614    .bss                c_w.l(libspace.o)
    0x20001148   0x00000200   Zero   RW          265    HEAP                startup_stm32f10x_hd.o
    0x20001348   0x00000800   Zero   RW          264    STACK               startup_stm32f10x_hd.o


==============================================================================

Image component sizes


      Code (inc. data)   RO Data    RW Data    ZI Data      Debug   Object Name

        60          6          0          0          0        432   beep.o
       312         24          0          4          0       1665   delay.o
       252         40          0          0        768     242060   main.o
       256         30          0          0          0       1725   misc.o
        92          8          0        512          0       1290   mod.o
      2428        244        256         72       2688      14787   os_core.o
       180         36          0          0          0        268   os_cpu_a.o
       206          0          0          0          0      10162   os_cpu_c.o
      2348         40          0          0          0       7036   os_flag.o
      1636         30          0          0          0       5685   os_q.o
      2160         76          0          0          0       7717   os_task.o
       476         28          0          0          0       1802   os_time.o
        64         26        304          0       2560        736   startup_stm32f10x_hd.o
       940         46          0          0          0       5705   stm32f10x_gpio.o
        22          0          0          0          0        939   stm32f10x_it.o
      1044         52          0         20          0       8840   stm32f10x_rcc.o
      1190         22          0          0          0       8424   stm32f10x_usart.o
         0          0          0          0          0         32   sys.o
       480         36          0         20          0       1583   system_stm32f10x.o
       360         22          0          8        200       2918   usart.o
       788         82          0          4         29       1959   usart2.o

    ----------------------------------------------------------------------
     15300        848        592        640       6248     325765   Object Totals
         0          0         32          0          0          0   (incl. Generated)
         6          0          0          0          3          0   (incl. Padding)

    ----------------------------------------------------------------------

      Code (inc. data)   RO Data    RW Data    ZI Data      Debug   Library Member Name

        90          0          0          0          0          0   __dczerorl2.o
         8          0          0          0          0         68   __main.o
       284          0          0          0          0        156   __printf_wp.o
        52          8          0          0          0          0   __scatter.o
        28          0          0          0          0          0   __scatter_zi.o
        48          6          0          0          0         96   _printf_char_common.o
        36          4          0          0          0         80   _printf_char_file.o
         6          0          0          0          0          0   _printf_f.o
      1054          0          0          0          0        216   _printf_fp_dec.o
       128         16          0          0          0         84   _printf_fp_infnan.o
         0          0          0          0          0          0   _printf_percent.o
         4          0          0          0          0          0   _printf_percent_end.o
       228          6        148          0          0         96   bigflt0.o
      1910        128          0          0          0        672   btod.o
        12          0          0          0          0         72   exit.o
         8          0          0          0          0         68   ferror.o
         6          0          0          0          0        152   heapauxi.o
        44         10         28          0          0         76   lc_numeric_c.o
         6          0          0          0          0          0   libinit.o
        18          0          0          0          0          0   libinit2.o
         2          0          0          0          0          0   libshutdown.o
         2          0          0          0          0          0   libshutdown2.o
         8          4          0          0         96         68   libspace.o
       138          0          0          0          0         80   lludiv10.o
        24          4          0          0          0         84   noretval__2printf.o
         8          4          0          0          0         68   rt_fp_status_addr_intlibspace.o
         8          4          0          0          0         68   rt_locale_intlibspace.o
         0          0          0          0          0          0   rtentry.o
        12          0          0          0          0          0   rtentry2.o
         6          0          0          0          0          0   rtentry4.o
         2          0          0          0          0          0   rtexit.o
        10          0          0          0          0          0   rtexit2.o
       128          0          0          0          0         68   strcmpv7m.o
        74          0          0          0          0         80   sys_stackheap_outer.o
         2          0          0          0          0         68   use_no_semi.o
         2          0          0          0          0         68   use_no_semi_2.o
        12          0          0          0          0         68   dretinf.o
        86          4          0          0          0         84   f2d.o
       388         76          0          0          0         96   fdiv.o
        48          0          0          0          0         68   fflt_clz.o
       140          4          0          0          0         84   fnaninf.o
        14          0          0          0          0         76   fpinit.o
        10          0          0          0          0         68   fretinf.o
         4          0          0          0          0         68   printf1.o
         0          0          0          0          0          0   usenofp.o
        40          0          0          0          0         68   fpclassify.o

    ----------------------------------------------------------------------
      5148        278        176          0         96       3168   Library Totals
        10          0          0          0          0          0   (incl. Padding)

    ----------------------------------------------------------------------

      Code (inc. data)   RO Data    RW Data    ZI Data      Debug   Library Name

      4396        194        176          0         96       2488   c_w.l
       702         84          0          0          0        612   fz_ws.l
        40          0          0          0          0         68   m_ws.l

    ----------------------------------------------------------------------
      5148        278        176          0         96       3168   Library Totals

    ----------------------------------------------------------------------

==============================================================================


      Code (inc. data)   RO Data    RW Data    ZI Data      Debug   

     20448       1126        768        640       6344     325449   Grand Totals
     20448       1126        768        328       6344     325449   ELF Image Totals (compressed)
     20448       1126        768        328          0          0   ROM Totals

==============================================================================

    Total RO  Size (Code + RO Data)                21216 (  20.72kB)
    Total RW  Size (RW Data + ZI Data)              6984 (   6.82kB)
    Total ROM Size (Code + RO Data + RW Data)      21544 (  21.04kB)

==============================================================================

