ARM Linker, 4.1 [Build 791] [Standard]

==============================================================================

Section Cross References

    main.o(.text) refers to _printf_pad.o(.text) for _printf_pre_padding
    main.o(.text) refers to _printf_percent.o(.ARM.Collect$$_printf_percent$$00000000) for _printf_percent
    main.o(.text) refers to _printf_x.o(.ARM.Collect$$_printf_percent$$0000000C) for _printf_x
    main.o(.text) refers to _printf_hex_int.o(.text) for _printf_longlong_hex
    main.o(.text) refers to noretval__2printf.o(.text) for __2printf
    main.o(.text) refers to stm32f10x_usart.o(.text) for USART_SendData
    main.o(.text) refers to delay.o(.text) for delay_ms
    main.o(.text) refers to os_core.o(.text) for OSStatInit
    main.o(.text) refers to os_cpu_a.o(.text) for OS_CPU_SR_Save
    main.o(.text) refers to os_task.o(.text) for OSTaskCreate
    main.o(.text) refers to misc.o(.text) for NVIC_PriorityGroupConfig
    main.o(.text) refers to usart.o(.text) for uart_init
    main.o(.text) refers to usart3.o(.text) for uart3_init
    main.o(.text) refers to beep.o(.text) for BEEP_Init
    main.o(.text) refers to main.o(.bss) for HCRS_TASK_STK
    system_stm32f10x.o(.text) refers to system_stm32f10x.o(.data) for SystemCoreClock
    usart3.o(.text) refers to _printf_pad.o(.text) for _printf_pre_padding
    usart3.o(.text) refers to _printf_percent.o(.ARM.Collect$$_printf_percent$$00000000) for _printf_percent
    usart3.o(.text) refers to _printf_x.o(.ARM.Collect$$_printf_percent$$0000000C) for _printf_x
    usart3.o(.text) refers to _printf_f.o(.ARM.Collect$$_printf_percent$$00000003) for _printf_f
    usart3.o(.text) refers to _printf_hex_int.o(.text) for _printf_longlong_hex
    usart3.o(.text) refers to printf1.o(x$fpl$printf1) for _printf_fp_dec
    usart3.o(.text) refers to stm32f10x_rcc.o(.text) for RCC_APB2PeriphClockCmd
    usart3.o(.text) refers to stm32f10x_gpio.o(.text) for GPIO_Init
    usart3.o(.text) refers to misc.o(.text) for NVIC_Init
    usart3.o(.text) refers to stm32f10x_usart.o(.text) for USART_ITConfig
    usart3.o(.text) refers to os_core.o(.text) for OSIntEnter
    usart3.o(.text) refers to fflt_clz.o(x$fpl$fflt) for __aeabi_i2f
    usart3.o(.text) refers to fdiv.o(x$fpl$fdiv) for __aeabi_fdiv
    usart3.o(.text) refers to f2d.o(x$fpl$f2d) for __aeabi_f2d
    usart3.o(.text) refers to noretval__2printf.o(.text) for __2printf
    usart3.o(.text) refers to usart3.o(.data) for dis_buf
    usart4.o(.text) refers to _printf_percent.o(.ARM.Collect$$_printf_percent$$00000000) for _printf_percent
    usart4.o(.text) refers to _printf_d.o(.ARM.Collect$$_printf_percent$$00000009) for _printf_d
    usart4.o(.text) refers to _printf_dec.o(.text) for _printf_int_dec
    usart4.o(.text) refers to stm32f10x_rcc.o(.text) for RCC_APB2PeriphClockCmd
    usart4.o(.text) refers to stm32f10x_gpio.o(.text) for GPIO_Init
    usart4.o(.text) refers to misc.o(.text) for NVIC_Init
    usart4.o(.text) refers to stm32f10x_usart.o(.text) for USART_ITConfig
    usart4.o(.text) refers to noretval__2printf.o(.text) for __2printf
    beep.o(.text) refers to stm32f10x_rcc.o(.text) for RCC_APB2PeriphClockCmd
    beep.o(.text) refers to stm32f10x_gpio.o(.text) for GPIO_Init
    delay.o(.text) refers to os_core.o(.text) for OSSchedLock
    delay.o(.text) refers to os_time.o(.text) for OSTimeDly
    delay.o(.text) refers to misc.o(.text) for SysTick_CLKSourceConfig
    delay.o(.text) refers to os_core.o(.data) for OSRunning
    delay.o(.text) refers to system_stm32f10x.o(.data) for SystemCoreClock
    delay.o(.text) refers to delay.o(.data) for fac_us
    usart.o(.text) refers (Special) to use_no_semi_2.o(.text) for __use_no_semihosting
    usart.o(.text) refers to stm32f10x_rcc.o(.text) for RCC_APB2PeriphClockCmd
    usart.o(.text) refers to stm32f10x_usart.o(.text) for USART_DeInit
    usart.o(.text) refers to stm32f10x_gpio.o(.text) for GPIO_Init
    usart.o(.text) refers to misc.o(.text) for NVIC_Init
    usart.o(.text) refers to os_core.o(.text) for OSIntEnter
    usart.o(.text) refers to usart.o(.data) for USART_RX_STA
    usart.o(.text) refers to usart.o(.bss) for USART_RX_BUF
    usart.o(.bss) refers (Special) to use_no_semi_2.o(.text) for __use_no_semihosting
    usart.o(.data) refers (Special) to use_no_semi_2.o(.text) for __use_no_semihosting
    startup_stm32f10x_hd.o(STACK) refers (Special) to heapauxi.o(.text) for __use_two_region_memory
    startup_stm32f10x_hd.o(HEAP) refers (Special) to heapauxi.o(.text) for __use_two_region_memory
    startup_stm32f10x_hd.o(RESET) refers (Special) to heapauxi.o(.text) for __use_two_region_memory
    startup_stm32f10x_hd.o(RESET) refers to startup_stm32f10x_hd.o(STACK) for __initial_sp
    startup_stm32f10x_hd.o(RESET) refers to startup_stm32f10x_hd.o(.text) for Reset_Handler
    startup_stm32f10x_hd.o(RESET) refers to stm32f10x_it.o(.text) for NMI_Handler
    startup_stm32f10x_hd.o(RESET) refers to os_cpu_a.o(.text) for PendSV_Handler
[...]
    ../../angel/kernel.s                     0x00000000   Number         0  rtexit.o ABSOLUTE
    ../../angel/rt.s                         0x00000000   Number         0  rt_locale_intlibspace.o ABSOLUTE
    ../../angel/rt.s                         0x00000000   Number         0  rt_locale.o ABSOLUTE
    ../../angel/rt.s                         0x00000000   Number         0  rt_fp_status_addr_intlibspace.o ABSOLUTE
    ../../angel/rt.s                         0x00000000   Number         0  rt_fp_status_addr.o ABSOLUTE
    ../../angel/rt.s                         0x00000000   Number         0  rt_raise.o ABSOLUTE
    ../../angel/scatter.s                    0x00000000   Number         0  __scatter.o ABSOLUTE
    ../../angel/startup.s                    0x00000000   Number         0  __main.o ABSOLUTE
    ../../angel/sys.s                        0x00000000   Number         0  use_no_semi_2.o ABSOLUTE
    ../../angel/sys.s                        0x00000000   Number         0  use_no_semi.o ABSOLUTE
    ../../angel/sys.s                        0x00000000   Number         0  sys_stackheap_outer.o ABSOLUTE
    ../../angel/sys.s                        0x00000000   Number         0  libspace.o ABSOLUTE
    ../../angel/sys.s                        0x00000000   Number         0  indicate_semi.o ABSOLUTE
    ../../angel/sysapp.c                     0x00000000   Number         0  sys_wrch.o ABSOLUTE
    ../../angel/sysapp.c                     0x00000000   Number         0  sys_command.o ABSOLUTE
    ../../armsys.c                           0x00000000   Number         0  argv_veneer.o ABSOLUTE
    ../../armsys.c                           0x00000000   Number         0  _get_argv_nomalloc.o ABSOLUTE
    ../../armsys.c                           0x00000000   Number         0  argv_veneer.o ABSOLUTE
    ../../armsys.c                           0x00000000   Number         0  no_argv.o ABSOLUTE
    ../../bigflt.c                           0x00000000   Number         0  bigflt0.o ABSOLUTE
    ../../btod.s                             0x00000000   Number         0  btod.o ABSOLUTE
    ../../dretinf.s                          0x00000000   Number         0  dretinf.o ABSOLUTE
    ../../f2d.s                              0x00000000   Number         0  f2d.o ABSOLUTE
    ../../fdiv.s                             0x00000000   Number         0  fdiv.o ABSOLUTE
    ../../fflt.s                             0x00000000   Number         0  fflt_clz.o ABSOLUTE
    ../../fnaninf.s                          0x00000000   Number         0  fnaninf.o ABSOLUTE
    ../../fpclassify.c                       0x00000000   Number         0  fpclassify.o ABSOLUTE
    ../../fpinit.s                           0x00000000   Number         0  fpinit.o ABSOLUTE
    ../../fretinf.s                          0x00000000   Number         0  fretinf.o ABSOLUTE
    ../../heapalloc.c                        0x00000000   Number         0  hrguard.o ABSOLUTE
    ../../heapaux.c                          0x00000000   Number         0  heapauxi.o ABSOLUTE
    ../../istatus.s                          0x00000000   Number         0  istatus.o ABSOLUTE
    ../../libinit.s                          0x00000000   Number         0  libshutdown.o ABSOLUTE
    ../../libinit.s                          0x00000000   Number         0  libshutdown2.o ABSOLUTE
    ../../libinit.s                          0x00000000   Number         0  libinit2.o ABSOLUTE
    ../../libinit.s                          0x00000000   Number         0  libinit.o ABSOLUTE
    ../../locale.s                           0x00000000   Number         0  lc_numeric_c.o ABSOLUTE
    ../../longlong.s                         0x00000000   Number         0  lludiv10.o ABSOLUTE
    ../../memcpset.s                         0x00000000   Number         0  strcmpv7m.o ABSOLUTE
    ../../misc.s                             0x00000000   Number         0  printf_stubs.o ABSOLUTE
    ../../printf.c                           0x00000000   Number         0  _printf_intcommon.o ABSOLUTE
    ../../printf.c                           0x00000000   Number         0  _printf_fp_infnan.o ABSOLUTE
    ../../printf.c                           0x00000000   Number         0  __printf_flags_ss_wp.o ABSOLUTE
    ../../printf.c                           0x00000000   Number         0  _printf_char_file.o ABSOLUTE
    ../../printf.c                           0x00000000   Number         0  __printf_flags_wp.o ABSOLUTE
    ../../printf.c                           0x00000000   Number         0  __printf_nopercent.o ABSOLUTE
    ../../printf.c                           0x00000000   Number         0  _printf_fp_dec.o ABSOLUTE
    ../../printf.c                           0x00000000   Number         0  _printf_hex_int.o ABSOLUTE
    ../../printf.c                           0x00000000   Number         0  __printf_ss_wp.o ABSOLUTE
    ../../printf.c                           0x00000000   Number         0  __printf_wp.o ABSOLUTE
    ../../printf.c                           0x00000000   Number         0  __printf_flags_ss.o ABSOLUTE
    ../../printf.c                           0x00000000   Number         0  __printf_ss.o ABSOLUTE
    ../../printf.c                           0x00000000   Number         0  _printf_pad.o ABSOLUTE
    ../../printf.c                           0x00000000   Number         0  noretval__2printf.o ABSOLUTE
    ../../printf.c                           0x00000000   Number         0  __2printf.o ABSOLUTE
    ../../printf.c                           0x00000000   Number         0  __printf_flags.o ABSOLUTE
    ../../printf.c                           0x00000000   Number         0  _printf_hex_int_ll_ptr.o ABSOLUTE
    ../../printf.c                           0x00000000   Number         0  _printf_dec.o ABSOLUTE
    ../../printf.c                           0x00000000   Number         0  _printf_hex_ll_ptr.o ABSOLUTE
    ../../printf.c                           0x00000000   Number         0  _printf_hex_int_ptr.o ABSOLUTE
    ../../printf.c                           0x00000000   Number         0  _printf_hex_ptr.o ABSOLUTE
    ../../printf.c                           0x00000000   Number         0  _printf_hex_int_ll.o ABSOLUTE
    ../../printf.c                           0x00000000   Number         0  __printf.o ABSOLUTE
    ../../printf.c                           0x00000000   Number         0  _printf_hex_ll.o ABSOLUTE
    ../../printf.c                           0x00000000   Number         0  _printf_char_common.o ABSOLUTE
    ../../printf1.s                          0x00000000   Number         0  printf1.o ABSOLUTE
    ../../printf_percent.s                   0x00000000   Number         0  _printf_x.o ABSOLUTE
    ../../printf_percent.s                   0x00000000   Number         0  _printf_d.o ABSOLUTE
    ../../printf_percent.s                   0x00000000   Number         0  _printf_f.o ABSOLUTE
    ../../printf_percent.s                   0x00000000   Number         0  _printf_percent_end.o ABSOLUTE
    ../../printf_percent.s                   0x00000000   Number         0  _printf_percent.o ABSOLUTE
    ../../signal.c                           0x00000000   Number         0  defsig_rtmem_outer.o ABSOLUTE
    ../../signal.c                           0x00000000   Number         0  __raise.o ABSOLUTE
    ../../signal.c                           0x00000000   Number         0  defsig_general.o ABSOLUTE
    ../../signal.c                           0x00000000   Number         0  defsig_other.o ABSOLUTE
    ../../signal.c                           0x00000000   Number         0  defsig_segv_inner.o ABSOLUTE
    ../../signal.c                           0x00000000   Number         0  defsig_fpe_inner.o ABSOLUTE
    ../../signal.c                           0x00000000   Number         0  defsig_rtmem_inner.o ABSOLUTE
    ../../signal.c                           0x00000000   Number         0  defsig_abrt_inner.o ABSOLUTE
    ../../signal.c                           0x00000000   Number         0  defsig_exit.o ABSOLUTE
    ../../signal.c                           0x00000000   Number         0  defsig_rtred_inner.o ABSOLUTE
    ../../signal.c                           0x00000000   Number         0  defsig_stak_inner.o ABSOLUTE
    ../../signal.c                           0x00000000   Number         0  defsig_pvfn_inner.o ABSOLUTE
    ../../signal.c                           0x00000000   Number         0  defsig_cppl_inner.o ABSOLUTE
    ../../signal.c                           0x00000000   Number         0  defsig_rtmem_formal.o ABSOLUTE
    ../../signal.s                           0x00000000   Number         0  defsig.o ABSOLUTE
    ../../stdio.c                            0x00000000   Number         0  ferror_locked.o ABSOLUTE
    ../../stdio.c                            0x00000000   Number         0  ferror.o ABSOLUTE
    ../../stdlib.c                           0x00000000   Number         0  exit.o ABSOLUTE
    ../../usenofp.s                          0x00000000   Number         0  usenofp.o ABSOLUTE
    ..\CORE\core_cm3.c                       0x00000000   Number         0  core_cm3.o ABSOLUTE
    ..\CORE\startup_stm32f10x_hd.s           0x00000000   Number         0  startup_stm32f10x_hd.o ABSOLUTE
    ..\FWLIB\STM32F10x_FWLib\src\misc.c      0x00000000   Number         0  misc.o ABSOLUTE
    ..\FWLIB\STM32F10x_FWLib\src\stm32f10x_exti.c 0x00000000   Number         0  stm32f10x_exti.o ABSOLUTE
    ..\FWLIB\STM32F10x_FWLib\src\stm32f10x_gpio.c 0x00000000   Number         0  stm32f10x_gpio.o ABSOLUTE
    ..\FWLIB\STM32F10x_FWLib\src\stm32f10x_rcc.c 0x00000000   Number         0  stm32f10x_rcc.o ABSOLUTE
    ..\FWLIB\STM32F10x_FWLib\src\stm32f10x_tim.c 0x00000000   Number         0  stm32f10x_tim.o ABSOLUTE
    ..\FWLIB\STM32F10x_FWLib\src\stm32f10x_usart.c 0x00000000   Number         0  stm32f10x_usart.o ABSOLUTE
    ..\HARDWARE\BEEP\beep.c                  0x00000000   Number         0  beep.o ABSOLUTE
    ..\HARDWARE\usart3\usart3.c              0x00000000   Number         0  usart3.o ABSOLUTE
    ..\HARDWARE\usart4\usart4.c              0x00000000   Number         0  usart4.o ABSOLUTE
    ..\SYSTEM\delay\delay.c                  0x00000000   Number         0  delay.o ABSOLUTE
    ..\SYSTEM\sys\sys.c                      0x00000000   Number         0  sys.o ABSOLUTE
    ..\SYSTEM\usart\usart.c                  0x00000000   Number         0  usart.o ABSOLUTE
    ..\UCOSII\CORE\os_core.c                 0x00000000   Number         0  os_core.o ABSOLUTE
    ..\UCOSII\CORE\os_flag.c                 0x00000000   Number         0  os_flag.o ABSOLUTE
    ..\UCOSII\CORE\os_mbox.c                 0x00000000   Number         0  os_mbox.o ABSOLUTE
    ..\UCOSII\CORE\os_mem.c                  0x00000000   Number         0  os_mem.o ABSOLUTE
    ..\UCOSII\CORE\os_mutex.c                0x00000000   Number         0  os_mutex.o ABSOLUTE
    ..\UCOSII\CORE\os_q.c                    0x00000000   Number         0  os_q.o ABSOLUTE
    ..\UCOSII\CORE\os_sem.c                  0x00000000   Number         0  os_sem.o ABSOLUTE
    ..\UCOSII\CORE\os_task.c                 0x00000000   Number         0  os_task.o ABSOLUTE
    ..\UCOSII\CORE\os_time.c                 0x00000000   Number         0  os_time.o ABSOLUTE
    ..\UCOSII\CORE\os_tmr.c                  0x00000000   Number         0  os_tmr.o ABSOLUTE
    ..\UCOSII\PORT\os_cpu_a.asm              0x00000000   Number         0  os_cpu_a.o ABSOLUTE
    ..\UCOSII\PORT\os_cpu_c.c                0x00000000   Number         0  os_cpu_c.o ABSOLUTE
    ..\\CORE\\core_cm3.c                     0x00000000   Number         0  core_cm3.o ABSOLUTE
    ..\\SYSTEM\\sys\\sys.c                   0x00000000   Number         0  sys.o ABSOLUTE
    dc.s                                     0x00000000   Number         0  dc.o ABSOLUTE
    main.c                                   0x00000000   Number         0  main.o ABSOLUTE
    stm32f10x_it.c                           0x00000000   Number         0  stm32f10x_it.o ABSOLUTE
    system_stm32f10x.c                       0x00000000   Number         0  system_stm32f10x.o ABSOLUTE
    RESET                                    0x08000000   Section      304  startup_stm32f10x_hd.o(RESET)
    !!!main                                  0x08000130   Section        8  __main.o(!!!main)
    !!!scatter                               0x08000138   Section       52  __scatter.o(!!!scatter)
    !!handler_copy                           0x0800016c   Section       26  __scatter_copy.o(!!handler_copy)
    !!handler_zi                             0x08000188   Section       28  __scatter_zi.o(!!handler_zi)
    .ARM.Collect$$_printf_percent$$00000000  0x080001a4   Section        0  _printf_percent.o(.ARM.Collect$$_printf_percent$$00000000)
    .ARM.Collect$$_printf_percent$$00000003  0x080001a4   Section        6  _printf_f.o(.ARM.Collect$$_printf_percent$$00000003)
    .ARM.Collect$$_printf_percent$$00000009  0x080001aa   Section        6  _printf_d.o(.ARM.Collect$$_printf_percent$$00000009)
    .ARM.Collect$$_printf_percent$$0000000C  0x080001b0   Section        6  _printf_x.o(.ARM.Collect$$_printf_percent$$0000000C)
    .ARM.Collect$$_printf_percent$$00000017  0x080001b6   Section        4  _printf_percent_end.o(.ARM.Collect$$_printf_percent$$00000017)
    .ARM.Collect$$libinit$$00000000          0x080001ba   Section        6  libinit.o(.ARM.Collect$$libinit$$00000000)
    .ARM.Collect$$libinit$$00000006          0x080001c0   Section        0  libinit2.o(.ARM.Collect$$libinit$$00000006)
    .ARM.Collect$$libinit$$00000008          0x080001c0   Section        0  libinit2.o(.ARM.Collect$$libinit$$00000008)
    .ARM.Collect$$libinit$$0000000A          0x080001c0   Section        0  libinit2.o(.ARM.Collect$$libinit$$0000000A)
    .ARM.Collect$$libinit$$0000000B          0x080001c0   Section        6  libinit2.o(.ARM.Collect$$libinit$$0000000B)
    .ARM.Collect$$libinit$$0000000D          0x080001c6   Section        0  libinit2.o(.ARM.Collect$$libinit$$0000000D)
    .ARM.Collect$$libinit$$0000000F          0x080001c6   Section        0  libinit2.o(.ARM.Collect$$libinit$$0000000F)
    .ARM.Collect$$libinit$$00000011          0x080001c6   Section        0  libinit2.o(.ARM.Collect$$libinit$$00000011)
    .ARM.Collect$$libinit$$00000012          0x080001c6   Section       10  libinit2.o(.ARM.Collect$$libinit$$00000012)
    .ARM.Collect$$libinit$$00000013          0x080001d0   Section        0  libinit2.o(.ARM.Collect$$libinit$$00000013)
    .ARM.Collect$$libinit$$00000015          0x080001d0   Section        0  libinit2.o(.ARM.Collect$$libinit$$00000015)
    .ARM.Collect$$libinit$$00000017          0x080001d0   Section        0  libinit2.o(.ARM.Collect$$libinit$$00000017)
    .ARM.Collect$$libinit$$00000019          0x080001d0   Section        0  libinit2.o(.ARM.Collect$$libinit$$00000019)
    .ARM.Collect$$libinit$$0000001B          0x080001d0   Section        0  libinit2.o(.ARM.Collect$$libinit$$0000001B)
    .ARM.Collect$$libinit$$0000001D          0x080001d0   Section        0  libinit2.o(.ARM.Collect$$libinit$$0000001D)
    .ARM.Collect$$libinit$$0000001F          0x080001d0   Section        0  libinit2.o(.ARM.Collect$$libinit$$0000001F)
    .ARM.Collect$$libinit$$00000021          0x080001d0   Section        0  libinit2.o(.ARM.Collect$$libinit$$00000021)
    .ARM.Collect$$libinit$$00000028          0x080001d0   Section        0  libinit2.o(.ARM.Collect$$libinit$$00000028)
    .ARM.Collect$$libinit$$0000002A          0x080001d0   Section        0  libinit2.o(.ARM.Collect$$libinit$$0000002A)
    .ARM.Collect$$libinit$$0000002C          0x080001d0   Section        0  libinit2.o(.ARM.Collect$$libinit$$0000002C)
    .ARM.Collect$$libinit$$0000002E          0x080001d0   Section        0  libinit2.o(.ARM.Collect$$libinit$$0000002E)
    .ARM.Collect$$libinit$$0000002F          0x080001d0   Section        2  libinit2.o(.ARM.Collect$$libinit$$0000002F)
    .ARM.Collect$$libshutdown$$00000000      0x080001d2   Section        2  libshutdown.o(.ARM.Collect$$libshutdown$$00000000)
    .ARM.Collect$$libshutdown$$00000003      0x080001d4   Section        0  libshutdown2.o(.ARM.Collect$$libshutdown$$00000003)
    .ARM.Collect$$libshutdown$$00000006      0x080001d4   Section        0  libshutdown2.o(.ARM.Collect$$libshutdown$$00000006)
    .ARM.Collect$$libshutdown$$00000009      0x080001d4   Section        0  libshutdown2.o(.ARM.Collect$$libshutdown$$00000009)
    .ARM.Collect$$libshutdown$$0000000B      0x080001d4   Section        0  libshutdown2.o(.ARM.Collect$$libshutdown$$0000000B)
    .ARM.Collect$$libshutdown$$0000000E      0x080001d4   Section        0  libshutdown2.o(.ARM.Collect$$libshutdown$$0000000E)
    .ARM.Collect$$libshutdown$$0000000F      0x080001d4   Section        2  libshutdown2.o(.ARM.Collect$$libshutdown$$0000000F)
    .ARM.Collect$$rtentry$$00000000          0x080001d6   Section        0  rtentry.o(.ARM.Collect$$rtentry$$00000000)
    .ARM.Collect$$rtentry$$00000002          0x080001d6   Section        0  rtentry2.o(.ARM.Collect$$rtentry$$00000002)
    .ARM.Collect$$rtentry$$00000004          0x080001d6   Section        6  rtentry4.o(.ARM.Collect$$rtentry$$00000004)
    .ARM.Collect$$rtentry$$00000009          0x080001dc   Section        0  rtentry2.o(.ARM.Collect$$rtentry$$00000009)
    .ARM.Collect$$rtentry$$0000000A          0x080001dc   Section        4  rtentry2.o(.ARM.Collect$$rtentry$$0000000A)
    .ARM.Collect$$rtentry$$0000000C          0x080001e0   Section        0  rtentry2.o(.ARM.Collect$$rtentry$$0000000C)
    .ARM.Collect$$rtentry$$0000000D          0x080001e0   Section        8  rtentry2.o(.ARM.Collect$$rtentry$$0000000D)
    .ARM.Collect$$rtexit$$00000000           0x080001e8   Section        2  rtexit.o(.ARM.Collect$$rtexit$$00000000)
    .ARM.Collect$$rtexit$$00000002           0x080001ea   Section        0  rtexit2.o(.ARM.Collect$$rtexit$$00000002)
    .ARM.Collect$$rtexit$$00000003           0x080001ea   Section        4  rtexit2.o(.ARM.Collect$$rtexit$$00000003)
    .ARM.Collect$$rtexit$$00000004           0x080001ee   Section        6  rtexit2.o(.ARM.Collect$$rtexit$$00000004)
    .text                                    0x080001f4   Section        0  main.o(.text)
    .text                                    0x080002b4   Section        0  stm32f10x_it.o(.text)
    .text                                    0x080002cc   Section        0  system_stm32f10x.o(.text)
    SetSysClockTo72                          0x080002cd   Thumb Code   200  system_stm32f10x.o(.text)
    SetSysClock                              0x08000395   Thumb Code     8  system_stm32f10x.o(.text)
    .text                                    0x080004ac   Section        0  usart3.o(.text)
    .text                                    0x08000664   Section        0  usart4.o(.text)
    .text                                    0x08000754   Section        0  beep.o(.text)
    .text                                    0x08000790   Section        0  delay.o(.text)
    .text                                    0x080008c8   Section        0  usart.o(.text)
    .text                                    0x08000a30   Section       64  startup_stm32f10x_hd.o(.text)
    .text                                    0x08000a70   Section        0  misc.o(.text)
    .text                                    0x08000b70   Section        0  stm32f10x_gpio.o(.text)
    .text                                    0x08000f1c   Section        0  stm32f10x_usart.o(.text)
    .text                                    0x080013c4   Section        0  stm32f10x_rcc.o(.text)
    .text                                    0x080017d8   Section        0  os_core.o(.text)
    OS_InitTaskStat                          0x08001891   Thumb Code    52  os_core.o(.text)
    OS_InitTaskIdle                          0x080018eb   Thumb Code    52  os_core.o(.text)
    OS_InitEventList                         0x08001935   Thumb Code    84  os_core.o(.text)
    OS_InitTCBList                           0x08001989   Thumb Code   116  os_core.o(.text)
    OS_InitRdyList                           0x080019fd   Thumb Code    52  os_core.o(.text)
    OS_InitMisc                              0x08001a31   Thumb Code    46  os_core.o(.text)
    OS_SchedNew                              0x08001aa9   Thumb Code    26  os_core.o(.text)
    .text                                    0x08002154   Section        0  os_flag.o(.text)
    OS_FlagTaskRdy                           0x0800230f   Thumb Code   100  os_flag.o(.text)
    OS_FlagBlock                             0x08002507   Thumb Code   174  os_flag.o(.text)
    .text                                    0x08002a80   Section        0  os_q.o(.text)
    .text                                    0x080030e4   Section        0  os_task.o(.text)
    .text                                    0x08003954   Section        0  os_time.o(.text)
    .text                                    0x08003b30   Section        0  os_cpu_c.o(.text)
    .text                                    0x08003c00   Section      180  os_cpu_a.o(.text)
    .text                                    0x08003cb4   Section        2  use_no_semi_2.o(.text)
    .text                                    0x08003cb8   Section        0  noretval__2printf.o(.text)
    .text                                    0x08003cd0   Section        0  _printf_pad.o(.text)
    .text                                    0x08003d24   Section        0  _printf_dec.o(.text)
    .text                                    0x08003d9c   Section        0  _printf_hex_int.o(.text)
    .text                                    0x08003df8   Section        0  __printf_flags_wp.o(.text)
    .text                                    0x08003f34   Section        0  heapauxi.o(.text)
    .text                                    0x08003f3a   Section        2  use_no_semi.o(.text)
    .text                                    0x08003f3c   Section        0  _printf_intcommon.o(.text)
    .text                                    0x08003ff4   Section        0  _printf_fp_dec.o(.text)
    _fp_digits                               0x08003ff7   Thumb Code   426  _printf_fp_dec.o(.text)
    .text                                    0x08004414   Section        0  _printf_char_file.o(.text)
    .text                                    0x08004438   Section        8  rt_locale_intlibspace.o(.text)
    .text                                    0x08004440   Section      138  lludiv10.o(.text)
    .text                                    0x080044cc   Section        0  _printf_char_common.o(.text)
    _printf_input_char                       0x080044cd   Thumb Code    10  _printf_char_common.o(.text)
    .text                                    0x080044fc   Section        0  _printf_fp_infnan.o(.text)
    .text                                    0x0800457c   Section        0  bigflt0.o(.text)
    .text                                    0x08004660   Section        0  ferror.o(.text)
    .text                                    0x08004668   Section        8  libspace.o(.text)
    .text                                    0x08004670   Section       74  sys_stackheap_outer.o(.text)
    .text                                    0x080046ba   Section        0  exit.o(.text)
    .text                                    0x080046c8   Section      128  strcmpv7m.o(.text)
    .text                                    0x08004748   Section        8  rt_fp_status_addr_intlibspace.o(.text)
    CL$$btod_d2e                             0x08004750   Section       62  btod.o(CL$$btod_d2e)
    CL$$btod_d2e_denorm_low                  0x0800478e   Section       70  btod.o(CL$$btod_d2e_denorm_low)
    CL$$btod_d2e_norm_op1                    0x080047d4   Section       96  btod.o(CL$$btod_d2e_norm_op1)
    CL$$btod_div_common                      0x08004834   Section      824  btod.o(CL$$btod_div_common)
    CL$$btod_e2e                             0x08004b6c   Section      198  btod.o(CL$$btod_e2e)
    CL$$btod_ediv                            0x08004c32   Section       40  btod.o(CL$$btod_ediv)
    CL$$btod_emul                            0x08004c5a   Section       40  btod.o(CL$$btod_emul)
    CL$$btod_mult_common                     0x08004c82   Section      580  btod.o(CL$$btod_mult_common)
    i.__ARM_fpclassify                       0x08004ec6   Section        0  fpclassify.o(i.__ARM_fpclassify)
    i._is_digit                              0x08004eee   Section        0  __printf_wp.o(i._is_digit)
    locale$$code                             0x08004efc   Section       44  lc_numeric_c.o(locale$$code)
    x$fpl$dretinf                            0x08004f28   Section       12  dretinf.o(x$fpl$dretinf)
    x$fpl$f2d                                0x08004f34   Section       86  f2d.o(x$fpl$f2d)
    x$fpl$fdiv                               0x08004f8c   Section      388  fdiv.o(x$fpl$fdiv)
    _fdiv1                                   0x08004f8d   Thumb Code     0  fdiv.o(x$fpl$fdiv)
    x$fpl$fflt                               0x08005110   Section       48  fflt_clz.o(x$fpl$fflt)
    x$fpl$fnaninf                            0x08005140   Section      140  fnaninf.o(x$fpl$fnaninf)
    x$fpl$fpinit                             0x080051cc   Section       14  fpinit.o(x$fpl$fpinit)
    x$fpl$fretinf                            0x080051da   Section       10  fretinf.o(x$fpl$fretinf)
    x$fpl$printf1                            0x080051e4   Section        4  printf1.o(x$fpl$printf1)
    .constdata                               0x080051e8   Section      256  os_core.o(.constdata)
    x$fpl$usenofp                            0x080051e8   Section        0  usenofp.o(x$fpl$usenofp)
    .constdata                               0x080052e8   Section       40  _printf_hex_int.o(.constdata)
    uc_hextab                                0x080052e8   Data          20  _printf_hex_int.o(.constdata)
    lc_hextab                                0x080052fc   Data          20  _printf_hex_int.o(.constdata)
    .constdata                               0x08005310   Section       17  __printf_flags_wp.o(.constdata)
    maptable                                 0x08005310   Data          17  __printf_flags_wp.o(.constdata)
    .constdata                               0x08005324   Section      148  bigflt0.o(.constdata)
    tenpwrs_x                                0x08005324   Data          60  bigflt0.o(.constdata)
    tenpwrs_i                                0x08005360   Data          64  bigflt0.o(.constdata)
    locale$$data                             0x080053d8   Section       28  lc_numeric_c.o(locale$$data)
    __lcnum_c_name                           0x080053dc   Data           2  lc_numeric_c.o(locale$$data)
    __lcnum_c_start                          0x080053e4   Data           0  lc_numeric_c.o(locale$$data)
    __lcnum_c_point                          0x080053f0   Data           0  lc_numeric_c.o(locale$$data)
    __lcnum_c_thousands                      0x080053f2   Data           0  lc_numeric_c.o(locale$$data)
    __lcnum_c_grouping                       0x080053f3   Data           0  lc_numeric_c.o(locale$$data)
    __lcnum_c_end                            0x080053f4   Data           0  lc_numeric_c.o(locale$$data)
    .data                                    0x20000000   Section       20  system_stm32f10x.o(.data)
    .data                                    0x20000014   Section        8  usart3.o(.data)
    .data                                    0x2000001c   Section        4  delay.o(.data)
    fac_us                                   0x2000001c   Data           1  delay.o(.data)
    fac_ms                                   0x2000001e   Data           2  delay.o(.data)
    .data                                    0x20000020   Section        8  usart.o(.data)
    .data                                    0x20000028   Section       20  stm32f10x_rcc.o(.data)
    APBAHBPrescTable                         0x20000028   Data          16  stm32f10x_rcc.o(.data)
    ADCPrescTable                            0x20000038   Data           4  stm32f10x_rcc.o(.data)
    .data                                    0x2000003c   Section       72  os_core.o(.data)
    .bss                                     0x20000084   Section      768  main.o(.bss)
    .bss                                     0x20000384   Section      200  usart.o(.bss)
    .bss                                     0x2000044c   Section     2688  os_core.o(.bss)
    .bss                                     0x20000ecc   Section       96  libspace.o(.bss)
    HEAP                                     0x20000f30   Section      512  startup_stm32f10x_hd.o(HEAP)
    Heap_Mem                                 0x20000f30   Data         512  startup_stm32f10x_hd.o(HEAP)
    STACK                                    0x20001130   Section     2048  startup_stm32f10x_hd.o(STACK)
    Stack_Mem                                0x20001130   Data        2048  startup_stm32f10x_hd.o(STACK)
    __initial_sp                             0x20001930   Data           0  startup_stm32f10x_hd.o(STACK)

    Global Symbols

    Symbol Name                              Value     Ov Type        Size  Object(Section)

    BuildAttributes$$THM_ISAv4$P$D$K$B$S$PE$A:L22UL41UL21$X:L11$S22US41US21$IEEE1$IW$USESV6$~STKCKD$USESV7$~SHL$OTIME$ROPI$IEEEJ$EBA8$UX$STANDARDLIB$REQ8$PRES8$EABIv2 0x00000000   Number         0  anon$$obj.o ABSOLUTE
    __ARM_use_no_argv                        0x00000000   Number         0  main.o ABSOLUTE
    _printf_flags                            0x00000000   Number         0  printf_stubs.o ABSOLUTE
    _printf_return_value                     0x00000000   Number         0  printf_stubs.o ABSOLUTE
    _printf_sizespec                         0x00000000   Number         0  printf_stubs.o ABSOLUTE
    _printf_widthprec                        0x00000000   Number         0  printf_stubs.o ABSOLUTE
    __ARM_exceptions_init                     - Undefined Weak Reference
    __alloca_initialize                       - Undefined Weak Reference
    __cpp_initialize__aeabi_                  - Undefined Weak Reference
    __cxa_finalize                            - Undefined Weak Reference
    __sigvec_lookup                           - Undefined Weak Reference
    _atexit_init                              - Undefined Weak Reference
    _call_atexit_fns                          - Undefined Weak Reference
    _clock_init                               - Undefined Weak Reference
    _fp_trap_init                             - Undefined Weak Reference
    _fp_trap_shutdown                         - Undefined Weak Reference
    _get_lc_collate                           - Undefined Weak Reference
    _get_lc_ctype                             - Undefined Weak Reference
    _get_lc_monetary                          - Undefined Weak Reference
    _get_lc_time                              - Undefined Weak Reference
    _getenv_init                              - Undefined Weak Reference
    _handle_redirection                       - Undefined Weak Reference
    _init_alloc                               - Undefined Weak Reference
    _init_user_alloc                          - Undefined Weak Reference
    _initio                                   - Undefined Weak Reference
    _mutex_acquire                            - Undefined Weak Reference
    _mutex_release                            - Undefined Weak Reference
    _printf_truncate_signed                   - Undefined Weak Reference
    _printf_truncate_unsigned                 - Undefined Weak Reference
    _rand_init                                - Undefined Weak Reference
    _signal_finish                            - Undefined Weak Reference
    _signal_init                              - Undefined Weak Reference
    _terminate_alloc                          - Undefined Weak Reference
    _terminate_user_alloc                     - Undefined Weak Reference
    _terminateio                              - Undefined Weak Reference
    __Vectors_Size                           0x00000130   Number         0  startup_stm32f10x_hd.o ABSOLUTE
    __Vectors                                0x08000000   Data           4  startup_stm32f10x_hd.o(RESET)
    __Vectors_End                            0x08000130   Data           0  startup_stm32f10x_hd.o(RESET)
    __main                                   0x08000131   Thumb Code     8  __main.o(!!!main)
    __scatterload                            0x08000139   Thumb Code     0  __scatter.o(!!!scatter)
    __scatterload_rt2                        0x08000139   Thumb Code    44  __scatter.o(!!!scatter)
    __scatterload_rt2_thumb_only             0x08000139   Thumb Code     0  __scatter.o(!!!scatter)
    __scatterload_null                       0x08000147   Thumb Code     0  __scatter.o(!!!scatter)
    __scatterload_copy                       0x0800016d   Thumb Code    26  __scatter_copy.o(!!handler_copy)
    __scatterload_zeroinit                   0x08000189   Thumb Code    28  __scatter_zi.o(!!handler_zi)
    _printf_f                                0x080001a5   Thumb Code     0  _printf_f.o(.ARM.Collect$$_printf_percent$$00000003)
    _printf_percent                          0x080001a5   Thumb Code     0  _printf_percent.o(.ARM.Collect$$_printf_percent$$00000000)
    _printf_d                                0x080001ab   Thumb Code     0  _printf_d.o(.ARM.Collect$$_printf_percent$$00000009)
    _printf_x                                0x080001b1   Thumb Code     0  _printf_x.o(.ARM.Collect$$_printf_percent$$0000000C)
    _printf_percent_end                      0x080001b7   Thumb Code     0  _printf_percent_end.o(.ARM.Collect$$_printf_percent$$00000017)
    __rt_lib_init                            0x080001bb   Thumb Code     0  libinit.o(.ARM.Collect$$libinit$$00000000)
    __rt_lib_init_heap_1                     0x080001c1   Thumb Code     0  libinit2.o(.ARM.Collect$$libinit$$00000006)
    __rt_lib_init_lc_common                  0x080001c1   Thumb Code     0  libinit2.o(.ARM.Collect$$libinit$$0000000B)
    __rt_lib_init_rand_1                     0x080001c1   Thumb Code     0  libinit2.o(.ARM.Collect$$libinit$$0000000A)
    __rt_lib_init_user_alloc_1               0x080001c1   Thumb Code     0  libinit2.o(.ARM.Collect$$libinit$$00000008)
    __rt_lib_init_lc_collate_1               0x080001c7   Thumb Code     0  libinit2.o(.ARM.Collect$$libinit$$0000000D)
    __rt_lib_init_lc_ctype_1                 0x080001c7   Thumb Code     0  libinit2.o(.ARM.Collect$$libinit$$0000000F)
    __rt_lib_init_lc_monetary_1              0x080001c7   Thumb Code     0  libinit2.o(.ARM.Collect$$libinit$$00000011)
    __rt_lib_init_lc_numeric_2               0x080001c7   Thumb Code     0  libinit2.o(.ARM.Collect$$libinit$$00000012)
    __rt_lib_init_alloca_1                   0x080001d1   Thumb Code     0  libinit2.o(.ARM.Collect$$libinit$$0000002A)
    __rt_lib_init_argv_1                     0x080001d1   Thumb Code     0  libinit2.o(.ARM.Collect$$libinit$$00000028)
    __rt_lib_init_atexit_1                   0x080001d1   Thumb Code     0  libinit2.o(.ARM.Collect$$libinit$$00000017)
    __rt_lib_init_clock_1                    0x080001d1   Thumb Code     0  libinit2.o(.ARM.Collect$$libinit$$0000001D)
    __rt_lib_init_cpp_1                      0x080001d1   Thumb Code     0  libinit2.o(.ARM.Collect$$libinit$$0000002E)
    __rt_lib_init_exceptions_1               0x080001d1   Thumb Code     0  libinit2.o(.ARM.Collect$$libinit$$0000002C)
    __rt_lib_init_fp_trap_1                  0x080001d1   Thumb Code     0  libinit2.o(.ARM.Collect$$libinit$$0000001B)
    __rt_lib_init_getenv_1                   0x080001d1   Thumb Code     0  libinit2.o(.ARM.Collect$$libinit$$0000001F)
    __rt_lib_init_lc_numeric_1               0x080001d1   Thumb Code     0  libinit2.o(.ARM.Collect$$libinit$$00000013)
    __rt_lib_init_lc_time_1                  0x080001d1   Thumb Code     0  libinit2.o(.ARM.Collect$$libinit$$00000015)
    __rt_lib_init_return                     0x080001d1   Thumb Code     0  libinit2.o(.ARM.Collect$$libinit$$0000002F)
    __rt_lib_init_signal_1                   0x080001d1   Thumb Code     0  libinit2.o(.ARM.Collect$$libinit$$00000019)
    __rt_lib_init_stdio_1                    0x080001d1   Thumb Code     0  libinit2.o(.ARM.Collect$$libinit$$00000021)
    __rt_lib_shutdown                        0x080001d3   Thumb Code     0  libshutdown.o(.ARM.Collect$$libshutdown$$00000000)
    __rt_lib_shutdown_fp_trap_1              0x080001d5   Thumb Code     0  libshutdown2.o(.ARM.Collect$$libshutdown$$00000006)
    __rt_lib_shutdown_heap_1                 0x080001d5   Thumb Code     0  libshutdown2.o(.ARM.Collect$$libshutdown$$0000000E)
    __rt_lib_shutdown_return                 0x080001d5   Thumb Code     0  libshutdown2.o(.ARM.Collect$$libshutdown$$0000000F)
    __rt_lib_shutdown_signal_1               0x080001d5   Thumb Code     0  libshutdown2.o(.ARM.Collect$$libshutdown$$00000009)
    __rt_lib_shutdown_stdio_1                0x080001d5   Thumb Code     0  libshutdown2.o(.ARM.Collect$$libshutdown$$00000003)
    __rt_lib_shutdown_user_alloc_1           0x080001d5   Thumb Code     0  libshutdown2.o(.ARM.Collect$$libshutdown$$0000000B)
    __rt_entry                               0x080001d7   Thumb Code     0  rtentry.o(.ARM.Collect$$rtentry$$00000000)
    __rt_entry_presh_1                       0x080001d7   Thumb Code     0  rtentry2.o(.ARM.Collect$$rtentry$$00000002)
    __rt_entry_sh                            0x080001d7   Thumb Code     0  rtentry4.o(.ARM.Collect$$rtentry$$00000004)
    __rt_entry_li                            0x080001dd   Thumb Code     0  rtentry2.o(.ARM.Collect$$rtentry$$0000000A)
    __rt_entry_postsh_1                      0x080001dd   Thumb Code     0  rtentry2.o(.ARM.Collect$$rtentry$$00000009)
    __rt_entry_main                          0x080001e1   Thumb Code     0  rtentry2.o(.ARM.Collect$$rtentry$$0000000D)
    __rt_entry_postli_1                      0x080001e1   Thumb Code     0  rtentry2.o(.ARM.Collect$$rtentry$$0000000C)
    __rt_exit                                0x080001e9   Thumb Code     0  rtexit.o(.ARM.Collect$$rtexit$$00000000)
    __rt_exit_ls                             0x080001eb   Thumb Code     0  rtexit2.o(.ARM.Collect$$rtexit$$00000003)
    __rt_exit_prels_1                        0x080001eb   Thumb Code     0  rtexit2.o(.ARM.Collect$$rtexit$$00000002)
    __rt_exit_exit                           0x080001ef   Thumb Code     0  rtexit2.o(.ARM.Collect$$rtexit$$00000004)
    hcrs_task                                0x080001f5   Thumb Code    46  main.o(.text)
    start_task                               0x08000223   Thumb Code    52  main.o(.text)
    main                                     0x08000257   Thumb Code    60  main.o(.text)
    NMI_Handler                              0x080002b5   Thumb Code     2  stm32f10x_it.o(.text)
    HardFault_Handler                        0x080002b7   Thumb Code     4  stm32f10x_it.o(.text)
    MemManage_Handler                        0x080002bb   Thumb Code     4  stm32f10x_it.o(.text)
    BusFault_Handler                         0x080002bf   Thumb Code     4  stm32f10x_it.o(.text)
    UsageFault_Handler                       0x080002c3   Thumb Code     4  stm32f10x_it.o(.text)
    SVC_Handler                              0x080002c7   Thumb Code     2  stm32f10x_it.o(.text)
    DebugMon_Handler                         0x080002c9   Thumb Code     2  stm32f10x_it.o(.text)
    SystemInit                               0x0800039d   Thumb Code    82  system_stm32f10x.o(.text)
    SystemCoreClockUpdate                    0x080003ef   Thumb Code   154  system_stm32f10x.o(.text)
    uart3_init                               0x080004ad   Thumb Code   186  usart3.o(.text)
    USART3_IRQHandler                        0x08000567   Thumb Code   180  usart3.o(.text)
    uart4_init                               0x08000665   Thumb Code   186  usart4.o(.text)
    UART4_IRQHandler                         0x0800071f   Thumb Code    42  usart4.o(.text)
    BEEP_Init                                0x08000755   Thumb Code    54  beep.o(.text)
    delay_osschedlock                        0x08000791   Thumb Code     8  delay.o(.text)
    delay_osschedunlock                      0x08000799   Thumb Code     8  delay.o(.text)
    delay_ostimedly                          0x080007a1   Thumb Code    12  delay.o(.text)
    SysTick_Handler                          0x080007ad   Thumb Code    24  delay.o(.text)
    delay_init                               0x080007c5   Thumb Code    80  delay.o(.text)
    delay_us                                 0x08000815   Thumb Code    90  delay.o(.text)
    delay_ms                                 0x0800086f   Thumb Code    66  delay.o(.text)
    _sys_exit                                0x080008c9   Thumb Code     6  usart.o(.text)
    fputc                                    0x080008cf   Thumb Code    20  usart.o(.text)
    uart_init                                0x080008e3   Thumb Code   176  usart.o(.text)
    USART1_IRQHandler                        0x08000993   Thumb Code   136  usart.o(.text)
    Reset_Handler                            0x08000a31   Thumb Code     8  startup_stm32f10x_hd.o(.text)
    ADC1_2_IRQHandler                        0x08000a4b   Thumb Code     0  startup_stm32f10x_hd.o(.text)
    ADC3_IRQHandler                          0x08000a4b   Thumb Code     0  startup_stm32f10x_hd.o(.text)
    CAN1_RX1_IRQHandler                      0x08000a4b   Thumb Code     0  startup_stm32f10x_hd.o(.text)
    CAN1_SCE_IRQHandler                      0x08000a4b   Thumb Code     0  startup_stm32f10x_hd.o(.text)
    DMA1_Channel1_IRQHandler                 0x08000a4b   Thumb Code     0  startup_stm32f10x_hd.o(.text)
    DMA1_Channel2_IRQHandler                 0x08000a4b   Thumb Code     0  startup_stm32f10x_hd.o(.text)
    DMA1_Channel3_IRQHandler                 0x08000a4b   Thumb Code     0  startup_stm32f10x_hd.o(.text)
    DMA1_Channel4_IRQHandler                 0x08000a4b   Thumb Code     0  startup_stm32f10x_hd.o(.text)
    DMA1_Channel5_IRQHandler                 0x08000a4b   Thumb Code     0  startup_stm32f10x_hd.o(.text)
    DMA1_Channel6_IRQHandler                 0x08000a4b   Thumb Code     0  startup_stm32f10x_hd.o(.text)
    DMA1_Channel7_IRQHandler                 0x08000a4b   Thumb Code     0  startup_stm32f10x_hd.o(.text)
    DMA2_Channel1_IRQHandler                 0x08000a4b   Thumb Code     0  startup_stm32f10x_hd.o(.text)
    DMA2_Channel2_IRQHandler                 0x08000a4b   Thumb Code     0  startup_stm32f10x_hd.o(.text)
    DMA2_Channel3_IRQHandler                 0x08000a4b   Thumb Code     0  startup_stm32f10x_hd.o(.text)
    DMA2_Channel4_5_IRQHandler               0x08000a4b   Thumb Code     0  startup_stm32f10x_hd.o(.text)
    EXTI0_IRQHandler                         0x08000a4b   Thumb Code     0  startup_stm32f10x_hd.o(.text)
    EXTI15_10_IRQHandler                     0x08000a4b   Thumb Code     0  startup_stm32f10x_hd.o(.text)
    EXTI1_IRQHandler                         0x08000a4b   Thumb Code     0  startup_stm32f10x_hd.o(.text)
    EXTI2_IRQHandler                         0x08000a4b   Thumb Code     0  startup_stm32f10x_hd.o(.text)
    EXTI3_IRQHandler                         0x08000a4b   Thumb Code     0  startup_stm32f10x_hd.o(.text)
    EXTI4_IRQHandler                         0x08000a4b   Thumb Code     0  startup_stm32f10x_hd.o(.text)
    EXTI9_5_IRQHandler                       0x08000a4b   Thumb Code     0  startup_stm32f10x_hd.o(.text)
    FLASH_IRQHandler                         0x08000a4b   Thumb Code     0  startup_stm32f10x_hd.o(.text)
    FSMC_IRQHandler                          0x08000a4b   Thumb Code     0  startup_stm32f10x_hd.o(.text)
    I2C1_ER_IRQHandler                       0x08000a4b   Thumb Code     0  startup_stm32f10x_hd.o(.text)
    I2C1_EV_IRQHandler                       0x08000a4b   Thumb Code     0  startup_stm32f10x_hd.o(.text)
    I2C2_ER_IRQHandler                       0x08000a4b   Thumb Code     0  startup_stm32f10x_hd.o(.text)
    I2C2_EV_IRQHandler                       0x08000a4b   Thumb Code     0  startup_stm32f10x_hd.o(.text)
    PVD_IRQHandler                           0x08000a4b   Thumb Code     0  startup_stm32f10x_hd.o(.text)
    RCC_IRQHandler                           0x08000a4b   Thumb Code     0  startup_stm32f10x_hd.o(.text)
    RTCAlarm_IRQHandler                      0x08000a4b   Thumb Code     0  startup_stm32f10x_hd.o(.text)
    RTC_IRQHandler                           0x08000a4b   Thumb Code     0  startup_stm32f10x_hd.o(.text)
    SDIO_IRQHandler                          0x08000a4b   Thumb Code     0  startup_stm32f10x_hd.o(.text)
    SPI1_IRQHandler                          0x08000a4b   Thumb Code     0  startup_stm32f10x_hd.o(.text)
    SPI2_IRQHandler                          0x08000a4b   Thumb Code     0  startup_stm32f10x_hd.o(.text)
    SPI3_IRQHandler                          0x08000a4b   Thumb Code     0  startup_stm32f10x_hd.o(.text)
    TAMPER_IRQHandler                        0x08000a4b   Thumb Code     0  startup_stm32f10x_hd.o(.text)
    TIM1_BRK_IRQHandler                      0x08000a4b   Thumb Code     0  startup_stm32f10x_hd.o(.text)
    TIM1_CC_IRQHandler                       0x08000a4b   Thumb Code     0  startup_stm32f10x_hd.o(.text)
    TIM1_TRG_COM_IRQHandler                  0x08000a4b   Thumb Code     0  startup_stm32f10x_hd.o(.text)
    TIM1_UP_IRQHandler                       0x08000a4b   Thumb Code     0  startup_stm32f10x_hd.o(.text)
    TIM2_IRQHandler                          0x08000a4b   Thumb Code     0  startup_stm32f10x_hd.o(.text)
    TIM3_IRQHandler                          0x08000a4b   Thumb Code     0  startup_stm32f10x_hd.o(.text)
    TIM4_IRQHandler                          0x08000a4b   Thumb Code     0  startup_stm32f10x_hd.o(.text)
    TIM5_IRQHandler                          0x08000a4b   Thumb Code     0  startup_stm32f10x_hd.o(.text)
    TIM6_IRQHandler                          0x08000a4b   Thumb Code     0  startup_stm32f10x_hd.o(.text)
    TIM7_IRQHandler                          0x08000a4b   Thumb Code     0  startup_stm32f10x_hd.o(.text)
    TIM8_BRK_IRQHandler                      0x08000a4b   Thumb Code     0  startup_stm32f10x_hd.o(.text)
    TIM8_CC_IRQHandler                       0x08000a4b   Thumb Code     0  startup_stm32f10x_hd.o(.text)
    TIM8_TRG_COM_IRQHandler                  0x08000a4b   Thumb Code     0  startup_stm32f10x_hd.o(.text)
    TIM8_UP_IRQHandler                       0x08000a4b   Thumb Code     0  startup_stm32f10x_hd.o(.text)
    UART5_IRQHandler                         0x08000a4b   Thumb Code     0  startup_stm32f10x_hd.o(.text)
    USART2_IRQHandler                        0x08000a4b   Thumb Code     0  startup_stm32f10x_hd.o(.text)
    USBWakeUp_IRQHandler                     0x08000a4b   Thumb Code     0  startup_stm32f10x_hd.o(.text)
    USB_HP_CAN1_TX_IRQHandler                0x08000a4b   Thumb Code     0  startup_stm32f10x_hd.o(.text)
    USB_LP_CAN1_RX0_IRQHandler               0x08000a4b   Thumb Code     0  startup_stm32f10x_hd.o(.text)
    WWDG_IRQHandler                          0x08000a4b   Thumb Code     0  startup_stm32f10x_hd.o(.text)
    __user_initial_stackheap                 0x08000a4d   Thumb Code     0  startup_stm32f10x_hd.o(.text)
    NVIC_PriorityGroupConfig                 0x08000a71   Thumb Code    12  misc.o(.text)
    NVIC_Init                                0x08000a7d   Thumb Code   128  misc.o(.text)
    NVIC_SetVectorTable                      0x08000afd   Thumb Code    16  misc.o(.text)
    NVIC_SystemLPConfig                      0x08000b0d   Thumb Code    30  misc.o(.text)
    SysTick_CLKSourceConfig                  0x08000b2b   Thumb Code    40  misc.o(.text)
    GPIO_DeInit                              0x08000b71   Thumb Code   172  stm32f10x_gpio.o(.text)
    GPIO_AFIODeInit                          0x08000c1d   Thumb Code    20  stm32f10x_gpio.o(.text)
    GPIO_Init                                0x08000c31   Thumb Code   292  stm32f10x_gpio.o(.text)
    GPIO_StructInit                          0x08000d55   Thumb Code    20  stm32f10x_gpio.o(.text)
    GPIO_ReadInputDataBit                    0x08000d69   Thumb Code    24  stm32f10x_gpio.o(.text)
    GPIO_ReadInputData                       0x08000d81   Thumb Code     8  stm32f10x_gpio.o(.text)
    GPIO_ReadOutputDataBit                   0x08000d89   Thumb Code    24  stm32f10x_gpio.o(.text)
    GPIO_ReadOutputData                      0x08000da1   Thumb Code     8  stm32f10x_gpio.o(.text)
    GPIO_SetBits                             0x08000da9   Thumb Code     4  stm32f10x_gpio.o(.text)
    GPIO_ResetBits                           0x08000dad   Thumb Code     4  stm32f10x_gpio.o(.text)
    GPIO_WriteBit                            0x08000db1   Thumb Code    10  stm32f10x_gpio.o(.text)
    GPIO_Write                               0x08000dbb   Thumb Code     4  stm32f10x_gpio.o(.text)
    GPIO_PinLockConfig                       0x08000dbf   Thumb Code    20  stm32f10x_gpio.o(.text)
    GPIO_EventOutputConfig                   0x08000dd3   Thumb Code    32  stm32f10x_gpio.o(.text)
    GPIO_EventOutputCmd                      0x08000df3   Thumb Code     6  stm32f10x_gpio.o(.text)
    GPIO_PinRemapConfig                      0x08000df9   Thumb Code   156  stm32f10x_gpio.o(.text)
    GPIO_EXTILineConfig                      0x08000e95   Thumb Code    84  stm32f10x_gpio.o(.text)
    GPIO_ETH_MediaInterfaceConfig            0x08000ee9   Thumb Code     6  stm32f10x_gpio.o(.text)
    USART_DeInit                             0x08000f1d   Thumb Code   134  stm32f10x_usart.o(.text)
    USART_Init                               0x08000fa3   Thumb Code   250  stm32f10x_usart.o(.text)
    USART_StructInit                         0x0800109d   Thumb Code    30  stm32f10x_usart.o(.text)
    USART_ClockInit                          0x080010bb   Thumb Code    46  stm32f10x_usart.o(.text)
    USART_ClockStructInit                    0x080010e9   Thumb Code    14  stm32f10x_usart.o(.text)
    USART_Cmd                                0x080010f7   Thumb Code    26  stm32f10x_usart.o(.text)
    USART_ITConfig                           0x08001111   Thumb Code    88  stm32f10x_usart.o(.text)
    USART_DMACmd                             0x08001169   Thumb Code    30  stm32f10x_usart.o(.text)
    USART_SetAddress                         0x08001187   Thumb Code    22  stm32f10x_usart.o(.text)
    USART_WakeUpConfig                       0x0800119d   Thumb Code    22  stm32f10x_usart.o(.text)
    USART_ReceiverWakeUpCmd                  0x080011b3   Thumb Code    26  stm32f10x_usart.o(.text)
    USART_LINBreakDetectLengthConfig         0x080011cd   Thumb Code    22  stm32f10x_usart.o(.text)
    USART_LINCmd                             0x080011e3   Thumb Code    26  stm32f10x_usart.o(.text)
    USART_SendData                           0x080011fd   Thumb Code     8  stm32f10x_usart.o(.text)
    USART_ReceiveData                        0x08001205   Thumb Code    10  stm32f10x_usart.o(.text)
    USART_SendBreak                          0x0800120f   Thumb Code    10  stm32f10x_usart.o(.text)
    USART_SetGuardTime                       0x08001219   Thumb Code    16  stm32f10x_usart.o(.text)
    USART_SetPrescaler                       0x08001229   Thumb Code    18  stm32f10x_usart.o(.text)
    USART_SmartCardCmd                       0x0800123b   Thumb Code    26  stm32f10x_usart.o(.text)
    USART_SmartCardNACKCmd                   0x08001255   Thumb Code    26  stm32f10x_usart.o(.text)
    USART_HalfDuplexCmd                      0x0800126f   Thumb Code    26  stm32f10x_usart.o(.text)
    USART_OverSampling8Cmd                   0x08001289   Thumb Code    22  stm32f10x_usart.o(.text)
    USART_OneBitMethodCmd                    0x0800129f   Thumb Code    26  stm32f10x_usart.o(.text)
    USART_IrDAConfig                         0x080012b9   Thumb Code    22  stm32f10x_usart.o(.text)
    USART_IrDACmd                            0x080012cf   Thumb Code    26  stm32f10x_usart.o(.text)
    USART_GetFlagStatus                      0x080012e9   Thumb Code    54  stm32f10x_usart.o(.text)
    USART_ClearFlag                          0x0800131f   Thumb Code    20  stm32f10x_usart.o(.text)
    USART_GetITStatus                        0x08001333   Thumb Code   104  stm32f10x_usart.o(.text)
    USART_ClearITPendingBit                  0x0800139b   Thumb Code    40  stm32f10x_usart.o(.text)
    RCC_DeInit                               0x080013c5   Thumb Code    68  stm32f10x_rcc.o(.text)
    RCC_HSEConfig                            0x08001409   Thumb Code    70  stm32f10x_rcc.o(.text)
    RCC_GetFlagStatus                        0x0800144f   Thumb Code    68  stm32f10x_rcc.o(.text)
    RCC_WaitForHSEStartUp                    0x08001493   Thumb Code    56  stm32f10x_rcc.o(.text)
    RCC_AdjustHSICalibrationValue            0x080014cb   Thumb Code    22  stm32f10x_rcc.o(.text)
    RCC_HSICmd                               0x080014e1   Thumb Code     6  stm32f10x_rcc.o(.text)
    RCC_PLLConfig                            0x080014e7   Thumb Code    28  stm32f10x_rcc.o(.text)
    RCC_PLLCmd                               0x08001503   Thumb Code     6  stm32f10x_rcc.o(.text)
    RCC_SYSCLKConfig                         0x08001509   Thumb Code    22  stm32f10x_rcc.o(.text)
    RCC_GetSYSCLKSource                      0x0800151f   Thumb Code    10  stm32f10x_rcc.o(.text)
    RCC_HCLKConfig                           0x08001529   Thumb Code    22  stm32f10x_rcc.o(.text)
    RCC_PCLK1Config                          0x0800153f   Thumb Code    22  stm32f10x_rcc.o(.text)
    RCC_PCLK2Config                          0x08001555   Thumb Code    22  stm32f10x_rcc.o(.text)
    RCC_ITConfig                             0x0800156b   Thumb Code    36  stm32f10x_rcc.o(.text)
    RCC_USBCLKConfig                         0x0800158f   Thumb Code     6  stm32f10x_rcc.o(.text)
    RCC_ADCCLKConfig                         0x08001595   Thumb Code    22  stm32f10x_rcc.o(.text)
    RCC_LSEConfig                            0x080015ab   Thumb Code    50  stm32f10x_rcc.o(.text)
    RCC_LSICmd                               0x080015dd   Thumb Code     6  stm32f10x_rcc.o(.text)
    RCC_RTCCLKConfig                         0x080015e3   Thumb Code    14  stm32f10x_rcc.o(.text)
    RCC_RTCCLKCmd                            0x080015f1   Thumb Code     6  stm32f10x_rcc.o(.text)
    RCC_GetClocksFreq                        0x080015f7   Thumb Code   216  stm32f10x_rcc.o(.text)
    RCC_AHBPeriphClockCmd                    0x080016cf   Thumb Code    30  stm32f10x_rcc.o(.text)
    RCC_APB2PeriphClockCmd                   0x080016ed   Thumb Code    30  stm32f10x_rcc.o(.text)
    RCC_APB1PeriphClockCmd                   0x0800170b   Thumb Code    30  stm32f10x_rcc.o(.text)
    RCC_APB2PeriphResetCmd                   0x08001729   Thumb Code    30  stm32f10x_rcc.o(.text)
    RCC_APB1PeriphResetCmd                   0x08001747   Thumb Code    30  stm32f10x_rcc.o(.text)
    RCC_BackupResetCmd                       0x08001765   Thumb Code     6  stm32f10x_rcc.o(.text)
    RCC_ClockSecuritySystemCmd               0x0800176b   Thumb Code     6  stm32f10x_rcc.o(.text)
    RCC_MCOConfig                            0x08001771   Thumb Code     6  stm32f10x_rcc.o(.text)
    RCC_ClearFlag                            0x08001777   Thumb Code    14  stm32f10x_rcc.o(.text)
    RCC_GetITStatus                          0x08001785   Thumb Code    26  stm32f10x_rcc.o(.text)
    RCC_ClearITPendingBit                    0x0800179f   Thumb Code    58  stm32f10x_rcc.o(.text)
    OS_TaskStatStkChk                        0x080017d9   Thumb Code    58  os_core.o(.text)
    OS_TaskStat                              0x08001813   Thumb Code   126  os_core.o(.text)
    OS_TaskIdle                              0x080018c5   Thumb Code    38  os_core.o(.text)
    OS_MemClr                                0x0800191f   Thumb Code    22  os_core.o(.text)
    OSInit                                   0x08001a5f   Thumb Code    44  os_core.o(.text)
    OSIntEnter                               0x08001a8b   Thumb Code    30  os_core.o(.text)
    OSIntExit                                0x08001ac3   Thumb Code   120  os_core.o(.text)
    OSSchedLock                              0x08001b3b   Thumb Code    54  os_core.o(.text)
    OS_Sched                                 0x08001b71   Thumb Code   244  os_core.o(.text)
    OSSchedUnlock                            0x08001c65   Thumb Code    86  os_core.o(.text)
    OSStart                                  0x08001cbb   Thumb Code    48  os_core.o(.text)
    OSStatInit                               0x08001ceb   Thumb Code    70  os_core.o(.text)
    OSTimeTick                               0x08001d31   Thumb Code   238  os_core.o(.text)
    OSVersion                                0x08001e1f   Thumb Code     6  os_core.o(.text)
    OS_Dummy                                 0x08001e25   Thumb Code     2  os_core.o(.text)
    OS_EventTaskRemove                       0x08001e27   Thumb Code    58  os_core.o(.text)
    OS_EventTaskRdy                          0x08001e61   Thumb Code   130  os_core.o(.text)
    OS_EventTaskWait                         0x08001ee3   Thumb Code   132  os_core.o(.text)
    OS_EventWaitListInit                     0x08001f67   Thumb Code    34  os_core.o(.text)
    OS_MemCopy                               0x08001f89   Thumb Code    22  os_core.o(.text)
    OS_StrLen                                0x08001f9f   Thumb Code    26  os_core.o(.text)
    OS_TCBInit                               0x08001fb9   Thumb Code   390  os_core.o(.text)
    OSFlagAccept                             0x08002155   Thumb Code   302  os_flag.o(.text)
    OSFlagCreate                             0x08002283   Thumb Code   100  os_flag.o(.text)
    OS_FlagUnlink                            0x080022e7   Thumb Code    40  os_flag.o(.text)
    OSFlagDel                                0x08002373   Thumb Code   238  os_flag.o(.text)
    OSFlagNameGet                            0x08002461   Thumb Code    92  os_flag.o(.text)
    OSFlagNameSet                            0x080024bd   Thumb Code    74  os_flag.o(.text)
    OSFlagPend                               0x080025b5   Thumb Code   698  os_flag.o(.text)
    OSFlagPendGetFlagsRdy                    0x0800286f   Thumb Code    28  os_flag.o(.text)
    OSFlagPost                               0x0800288b   Thumb Code   346  os_flag.o(.text)
    OSFlagQuery                              0x080029e5   Thumb Code    56  os_flag.o(.text)
    OS_FlagInit                              0x08002a1d   Thumb Code    88  os_flag.o(.text)
    OSQAccept                                0x08002a81   Thumb Code   102  os_q.o(.text)
    OSQCreate                                0x08002ae7   Thumb Code   148  os_q.o(.text)
    OSQDel                                   0x08002b7b   Thumb Code   256  os_q.o(.text)
    OSQFlush                                 0x08002c7b   Thumb Code    40  os_q.o(.text)
    OSQPend                                  0x08002ca3   Thumb Code   304  os_q.o(.text)
    OSQPendAbort                             0x08002dd3   Thumb Code   142  os_q.o(.text)
    OSQPost                                  0x08002e61   Thumb Code   140  os_q.o(.text)
    OSQPostFront                             0x08002eed   Thumb Code   122  os_q.o(.text)
    OSQPostOpt                               0x08002f67   Thumb Code   188  os_q.o(.text)
    OSQQuery                                 0x08003023   Thumb Code   104  os_q.o(.text)
    OS_QInit                                 0x0800308b   Thumb Code    80  os_q.o(.text)
    OSTaskChangePrio                         0x080030e5   Thumb Code   354  os_task.o(.text)
    OSTaskCreate                             0x08003247   Thumb Code   156  os_task.o(.text)
    OS_TaskStkClr                            0x080032e3   Thumb Code    30  os_task.o(.text)
    OSTaskCreateExt                          0x08003301   Thumb Code   176  os_task.o(.text)
    OSTaskDel                                0x080033b1   Thumb Code   368  os_task.o(.text)
    OSTaskDelReq                             0x08003521   Thumb Code   104  os_task.o(.text)
    OSTaskNameGet                            0x08003589   Thumb Code   128  os_task.o(.text)
    OSTaskNameSet                            0x08003609   Thumb Code   106  os_task.o(.text)
    OSTaskResume                             0x08003673   Thumb Code   162  os_task.o(.text)
    OSTaskStkChk                             0x08003715   Thumb Code   142  os_task.o(.text)
    OSTaskSuspend                            0x080037a3   Thumb Code   174  os_task.o(.text)
    OSTaskQuery                              0x08003851   Thumb Code    84  os_task.o(.text)
    OSTaskRegGet                             0x080038a5   Thumb Code    62  os_task.o(.text)
    OSTaskRegSet                             0x080038e3   Thumb Code    90  os_task.o(.text)
    OS_TaskReturn                            0x0800393d   Thumb Code    18  os_task.o(.text)
    OSTimeDly                                0x08003955   Thumb Code   118  os_time.o(.text)
    OSTimeDlyHMSM                            0x080039cb   Thumb Code    94  os_time.o(.text)
    OSTimeDlyResume                          0x08003a29   Thumb Code   184  os_time.o(.text)
    OSTimeGet                                0x08003ae1   Thumb Code    26  os_time.o(.text)
    OSTimeSet                                0x08003afb   Thumb Code    26  os_time.o(.text)
    OSInitHookBegin                          0x08003b31   Thumb Code     2  os_cpu_c.o(.text)
    OSInitHookEnd                            0x08003b33   Thumb Code     2  os_cpu_c.o(.text)
    OSTaskCreateHook                         0x08003b35   Thumb Code     2  os_cpu_c.o(.text)
    OSTaskDelHook                            0x08003b37   Thumb Code     2  os_cpu_c.o(.text)
    OSTaskIdleHook                           0x08003b39   Thumb Code     2  os_cpu_c.o(.text)
    OSTaskStatHook                           0x08003b3b   Thumb Code     2  os_cpu_c.o(.text)
    OSTaskStkInit                            0x08003b3d   Thumb Code   186  os_cpu_c.o(.text)
    OSTaskSwHook                             0x08003bf7   Thumb Code     2  os_cpu_c.o(.text)
    OSTCBInitHook                            0x08003bf9   Thumb Code     2  os_cpu_c.o(.text)
    OSTimeTickHook                           0x08003bfb   Thumb Code     2  os_cpu_c.o(.text)
    OSTaskReturnHook                         0x08003bfd   Thumb Code     2  os_cpu_c.o(.text)
    OS_CPU_SR_Save                           0x08003c01   Thumb Code     0  os_cpu_a.o(.text)
    OS_CPU_SR_Restore                        0x08003c09   Thumb Code     0  os_cpu_a.o(.text)
    OSStartHighRdy                           0x08003c0f   Thumb Code     0  os_cpu_a.o(.text)
    OSCtxSw                                  0x08003c31   Thumb Code     0  os_cpu_a.o(.text)
    OSIntCtxSw                               0x08003c3f   Thumb Code     0  os_cpu_a.o(.text)
    PendSV_Handler                           0x08003c4f   Thumb Code     0  os_cpu_a.o(.text)
    __use_no_semihosting                     0x08003cb5   Thumb Code     2  use_no_semi_2.o(.text)
    __2printf                                0x08003cb9   Thumb Code    20  noretval__2printf.o(.text)
    _printf_pre_padding                      0x08003cd1   Thumb Code    46  _printf_pad.o(.text)
    _printf_post_padding                     0x08003cff   Thumb Code    36  _printf_pad.o(.text)
    _printf_int_dec                          0x08003d25   Thumb Code   102  _printf_dec.o(.text)
    _printf_int_hex                          0x08003d9d   Thumb Code    88  _printf_hex_int.o(.text)
    _printf_longlong_hex                     0x08003d9d   Thumb Code     0  _printf_hex_int.o(.text)
    __printf                                 0x08003df9   Thumb Code   310  __printf_flags_wp.o(.text)
    __use_two_region_memory                  0x08003f35   Thumb Code     2  heapauxi.o(.text)
    __rt_heap_escrow$2region                 0x08003f37   Thumb Code     2  heapauxi.o(.text)
    __rt_heap_expand$2region                 0x08003f39   Thumb Code     2  heapauxi.o(.text)
    __I$use$semihosting                      0x08003f3b   Thumb Code     0  use_no_semi.o(.text)
    __use_no_semihosting_swi                 0x08003f3b   Thumb Code     2  use_no_semi.o(.text)
    _printf_int_common                       0x08003f3d   Thumb Code   184  _printf_intcommon.o(.text)
    __lib_sel_fp_printf                      0x08003ff5   Thumb Code     2  _printf_fp_dec.o(.text)
    _printf_fp_dec_real                      0x080041a1   Thumb Code   626  _printf_fp_dec.o(.text)
    _printf_char_file                        0x08004415   Thumb Code    32  _printf_char_file.o(.text)
    __rt_locale                              0x08004439   Thumb Code     8  rt_locale_intlibspace.o(.text)
    _ll_udiv10                               0x08004441   Thumb Code   138  lludiv10.o(.text)
    _printf_char_common                      0x080044d7   Thumb Code    32  _printf_char_common.o(.text)
    _printf_fp_infnan                        0x080044fd   Thumb Code   112  _printf_fp_infnan.o(.text)
    _btod_etento                             0x0800457d   Thumb Code   222  bigflt0.o(.text)
    ferror                                   0x08004661   Thumb Code     8  ferror.o(.text)
    __user_libspace                          0x08004669   Thumb Code     8  libspace.o(.text)
    __user_perproc_libspace                  0x08004669   Thumb Code     0  libspace.o(.text)
    __user_perthread_libspace                0x08004669   Thumb Code     0  libspace.o(.text)
    __user_setup_stackheap                   0x08004671   Thumb Code    74  sys_stackheap_outer.o(.text)
    exit                                     0x080046bb   Thumb Code    12  exit.o(.text)
    strcmp                                   0x080046c9   Thumb Code   128  strcmpv7m.o(.text)
    __rt_fp_status_addr                      0x08004749   Thumb Code     8  rt_fp_status_addr_intlibspace.o(.text)
    _btod_d2e                                0x08004751   Thumb Code    62  btod.o(CL$$btod_d2e)
    _d2e_denorm_low                          0x0800478f   Thumb Code    70  btod.o(CL$$btod_d2e_denorm_low)
    _d2e_norm_op1                            0x080047d5   Thumb Code    96  btod.o(CL$$btod_d2e_norm_op1)
    __btod_div_common                        0x08004835   Thumb Code   696  btod.o(CL$$btod_div_common)
    _e2e                                     0x08004b6d   Thumb Code   198  btod.o(CL$$btod_e2e)
    _btod_ediv                               0x08004c33   Thumb Code    40  btod.o(CL$$btod_ediv)
    _btod_emul                               0x08004c5b   Thumb Code    40  btod.o(CL$$btod_emul)
    __btod_mult_common                       0x08004c83   Thumb Code   580  btod.o(CL$$btod_mult_common)
    __ARM_fpclassify                         0x08004ec7   Thumb Code    40  fpclassify.o(i.__ARM_fpclassify)
    _is_digit                                0x08004eef   Thumb Code    14  __printf_wp.o(i._is_digit)
    _get_lc_numeric                          0x08004efd   Thumb Code    44  lc_numeric_c.o(locale$$code)
    __fpl_dretinf                            0x08004f29   Thumb Code    12  dretinf.o(x$fpl$dretinf)
    __aeabi_f2d                              0x08004f35   Thumb Code     0  f2d.o(x$fpl$f2d)
    _f2d                                     0x08004f35   Thumb Code    86  f2d.o(x$fpl$f2d)
    __aeabi_fdiv                             0x08004f8d   Thumb Code     0  fdiv.o(x$fpl$fdiv)
    _fdiv                                    0x08004f8d   Thumb Code   384  fdiv.o(x$fpl$fdiv)
    __aeabi_i2f                              0x08005111   Thumb Code     0  fflt_clz.o(x$fpl$fflt)
    _fflt                                    0x08005111   Thumb Code    48  fflt_clz.o(x$fpl$fflt)
    __fpl_fnaninf                            0x08005141   Thumb Code   140  fnaninf.o(x$fpl$fnaninf)
    _fp_init                                 0x080051cd   Thumb Code    14  fpinit.o(x$fpl$fpinit)
    __fplib_config_pureend_doubles           0x080051d9   Thumb Code     0  fpinit.o(x$fpl$fpinit)
    __fpl_fretinf                            0x080051db   Thumb Code    10  fretinf.o(x$fpl$fretinf)
    _printf_fp_dec                           0x080051e5   Thumb Code     4  printf1.o(x$fpl$printf1)
    OSUnMapTbl                               0x080051e8   Data         256  os_core.o(.constdata)
    __I$use$fp                               0x080051e9   Thumb Code     0  usenofp.o(x$fpl$usenofp)
    Region$$Table$$Base                      0x080053b8   Number         0  anon$$obj.o(Region$$Table)
    Region$$Table$$Limit                     0x080053d8   Number         0  anon$$obj.o(Region$$Table)
    SystemCoreClock                          0x20000000   Data           4  system_stm32f10x.o(.data)
    AHBPrescTable                            0x20000004   Data          16  system_stm32f10x.o(.data)
    dis_buf                                  0x20000014   Data           3  usart3.o(.data)
    DISLENGTH                                0x20000018   Data           4  usart3.o(.data)
    USART_RX_STA                             0x20000020   Data           2  usart.o(.data)
    __stdout                                 0x20000024   Data           4  usart.o(.data)
    OSCtxSwCtr                               0x2000003c   Data           4  os_core.o(.data)
    OSEventFreeList                          0x20000040   Data           4  os_core.o(.data)
    OSFlagFreeList                           0x20000044   Data           4  os_core.o(.data)
    OSCPUUsage                               0x20000048   Data           1  os_core.o(.data)
    OSIdleCtrMax                             0x2000004c   Data           4  os_core.o(.data)
    OSIdleCtrRun                             0x20000050   Data           4  os_core.o(.data)
    OSStatRdy                                0x20000054   Data           1  os_core.o(.data)
    OSIntNesting                             0x20000055   Data           1  os_core.o(.data)
    OSLockNesting                            0x20000056   Data           1  os_core.o(.data)
    OSPrioCur                                0x20000057   Data           1  os_core.o(.data)
    OSPrioHighRdy                            0x20000058   Data           1  os_core.o(.data)
    OSRdyGrp                                 0x20000059   Data           1  os_core.o(.data)
    OSRdyTbl                                 0x2000005a   Data           8  os_core.o(.data)
    OSRunning                                0x20000062   Data           1  os_core.o(.data)
    OSTaskCtr                                0x20000063   Data           1  os_core.o(.data)
    OSIdleCtr                                0x20000064   Data           4  os_core.o(.data)
    OSTCBCur                                 0x20000068   Data           4  os_core.o(.data)
    OSTCBFreeList                            0x2000006c   Data           4  os_core.o(.data)
    OSTCBHighRdy                             0x20000070   Data           4  os_core.o(.data)
    OSTCBList                                0x20000074   Data           4  os_core.o(.data)
    OSTickStepState                          0x20000078   Data           1  os_core.o(.data)
    OSQFreeList                              0x2000007c   Data           4  os_core.o(.data)
    OSTime                                   0x20000080   Data           4  os_core.o(.data)
    START_TASK_STK                           0x20000084   Data         512  main.o(.bss)
    HCRS_TASK_STK                            0x20000284   Data         256  main.o(.bss)
    USART_RX_BUF                             0x20000384   Data         200  usart.o(.bss)
    OSEventTbl                               0x2000044c   Data         200  os_core.o(.bss)
    OSFlagTbl                                0x20000514   Data          80  os_core.o(.bss)
    OSTaskStatStk                            0x20000564   Data         512  os_core.o(.bss)
    OSTaskIdleStk                            0x20000764   Data         512  os_core.o(.bss)
    OSTCBPrioTbl                             0x20000964   Data         256  os_core.o(.bss)
    OSTCBTbl                                 0x20000a64   Data        1008  os_core.o(.bss)
    OSQTbl                                   0x20000e54   Data         120  os_core.o(.bss)
    __libspace_start                         0x20000ecc   Data          96  libspace.o(.bss)
    __temporary_stack_top$libspace           0x20000f2c   Data           0  libspace.o(.bss)



==============================================================================

Memory Map of the image

  Image Entry point : 0x08000131

  Load Region LR_IROM1 (Base: 0x08000000, Size: 0x00005478, Max: 0x00080000, ABSOLUTE)

    Execution Region ER_IROM1 (Base: 0x08000000, Size: 0x000053f4, Max: 0x00080000, ABSOLUTE)

    Base Addr    Size         Type   Attr      Idx    E Section Name        Object

    0x08000000   0x00000130   Data   RO          262    RESET               startup_stm32f10x_hd.o
    0x08000130   0x00000008   Code   RO          543  * !!!main             c_w.l(__main.o)
    0x08000138   0x00000034   Code   RO          777    !!!scatter          c_w.l(__scatter.o)
    0x0800016c   0x0000001a   Code   RO          779    !!handler_copy      c_w.l(__scatter_copy.o)
    0x08000186   0x00000002   PAD
    0x08000188   0x0000001c   Code   RO          781    !!handler_zi        c_w.l(__scatter_zi.o)
    0x080001a4   0x00000000   Code   RO          540    .ARM.Collect$$_printf_percent$$00000000  c_w.l(_printf_percent.o)
    0x080001a4   0x00000006   Code   RO          539    .ARM.Collect$$_printf_percent$$00000003  c_w.l(_printf_f.o)
    0x080001aa   0x00000006   Code   RO          538    .ARM.Collect$$_printf_percent$$00000009  c_w.l(_printf_d.o)
    0x080001b0   0x00000006   Code   RO          537    .ARM.Collect$$_printf_percent$$0000000C  c_w.l(_printf_x.o)
    0x080001b6   0x00000004   Code   RO          568    .ARM.Collect$$_printf_percent$$00000017  c_w.l(_printf_percent_end.o)
    0x080001ba   0x00000006   Code   RO          654    .ARM.Collect$$libinit$$00000000  c_w.l(libinit.o)
    0x080001c0   0x00000000   Code   RO          657    .ARM.Collect$$libinit$$00000006  c_w.l(libinit2.o)
    0x080001c0   0x00000000   Code   RO          659    .ARM.Collect$$libinit$$00000008  c_w.l(libinit2.o)
    0x080001c0   0x00000000   Code   RO          661    .ARM.Collect$$libinit$$0000000A  c_w.l(libinit2.o)
    0x080001c0   0x00000006   Code   RO          662    .ARM.Collect$$libinit$$0000000B  c_w.l(libinit2.o)
    0x080001c6   0x00000000   Code   RO          664    .ARM.Collect$$libinit$$0000000D  c_w.l(libinit2.o)
    0x080001c6   0x00000000   Code   RO          666    .ARM.Collect$$libinit$$0000000F  c_w.l(libinit2.o)
    0x080001c6   0x00000000   Code   RO          668    .ARM.Collect$$libinit$$00000011  c_w.l(libinit2.o)
    0x080001c6   0x0000000a   Code   RO          669    .ARM.Collect$$libinit$$00000012  c_w.l(libinit2.o)
    0x080001d0   0x00000000   Code   RO          670    .ARM.Collect$$libinit$$00000013  c_w.l(libinit2.o)
    0x080001d0   0x00000000   Code   RO          672    .ARM.Collect$$libinit$$00000015  c_w.l(libinit2.o)
    0x080001d0   0x00000000   Code   RO          674    .ARM.Collect$$libinit$$00000017  c_w.l(libinit2.o)
    0x080001d0   0x00000000   Code   RO          676    .ARM.Collect$$libinit$$00000019  c_w.l(libinit2.o)
    0x080001d0   0x00000000   Code   RO          678    .ARM.Collect$$libinit$$0000001B  c_w.l(libinit2.o)
    0x080001d0   0x00000000   Code   RO          680    .ARM.Collect$$libinit$$0000001D  c_w.l(libinit2.o)
    0x080001d0   0x00000000   Code   RO          682    .ARM.Collect$$libinit$$0000001F  c_w.l(libinit2.o)
    0x080001d0   0x00000000   Code   RO          684    .ARM.Collect$$libinit$$00000021  c_w.l(libinit2.o)
    0x080001d0   0x00000000   Code   RO          688    .ARM.Collect$$libinit$$00000028  c_w.l(libinit2.o)
    0x080001d0   0x00000000   Code   RO          690    .ARM.Collect$$libinit$$0000002A  c_w.l(libinit2.o)
    0x080001d0   0x00000000   Code   RO          692    .ARM.Collect$$libinit$$0000002C  c_w.l(libinit2.o)
    0x080001d0   0x00000000   Code   RO          694    .ARM.Collect$$libinit$$0000002E  c_w.l(libinit2.o)
    0x080001d0   0x00000002   Code   RO          695    .ARM.Collect$$libinit$$0000002F  c_w.l(libinit2.o)
    0x080001d2   0x00000002   Code   RO          728    .ARM.Collect$$libshutdown$$00000000  c_w.l(libshutdown.o)
    0x080001d4   0x00000000   Code   RO          738    .ARM.Collect$$libshutdown$$00000003  c_w.l(libshutdown2.o)
    0x080001d4   0x00000000   Code   RO          741    .ARM.Collect$$libshutdown$$00000006  c_w.l(libshutdown2.o)
    0x080001d4   0x00000000   Code   RO          744    .ARM.Collect$$libshutdown$$00000009  c_w.l(libshutdown2.o)
    0x080001d4   0x00000000   Code   RO          746    .ARM.Collect$$libshutdown$$0000000B  c_w.l(libshutdown2.o)
    0x080001d4   0x00000000   Code   RO          749    .ARM.Collect$$libshutdown$$0000000E  c_w.l(libshutdown2.o)
    0x080001d4   0x00000002   Code   RO          750    .ARM.Collect$$libshutdown$$0000000F  c_w.l(libshutdown2.o)
    0x080001d6   0x00000000   Code   RO          561    .ARM.Collect$$rtentry$$00000000  c_w.l(rtentry.o)
    0x080001d6   0x00000000   Code   RO          577    .ARM.Collect$$rtentry$$00000002  c_w.l(rtentry2.o)
    0x080001d6   0x00000006   Code   RO          589    .ARM.Collect$$rtentry$$00000004  c_w.l(rtentry4.o)
    0x080001dc   0x00000000   Code   RO          579    .ARM.Collect$$rtentry$$00000009  c_w.l(rtentry2.o)
    0x080001dc   0x00000004   Code   RO          580    .ARM.Collect$$rtentry$$0000000A  c_w.l(rtentry2.o)
    0x080001e0   0x00000000   Code   RO          582    .ARM.Collect$$rtentry$$0000000C  c_w.l(rtentry2.o)
    0x080001e0   0x00000008   Code   RO          583    .ARM.Collect$$rtentry$$0000000D  c_w.l(rtentry2.o)
    0x080001e8   0x00000002   Code   RO          696    .ARM.Collect$$rtexit$$00000000  c_w.l(rtexit.o)
    0x080001ea   0x00000000   Code   RO          703    .ARM.Collect$$rtexit$$00000002  c_w.l(rtexit2.o)
    0x080001ea   0x00000004   Code   RO          704    .ARM.Collect$$rtexit$$00000003  c_w.l(rtexit2.o)
    0x080001ee   0x00000006   Code   RO          705    .ARM.Collect$$rtexit$$00000004  c_w.l(rtexit2.o)
    0x080001f4   0x000000c0   Code   RO            1    .text               main.o
    0x080002b4   0x00000016   Code   RO          107    .text               stm32f10x_it.o
    0x080002ca   0x00000002   PAD
    0x080002cc   0x000001e0   Code   RO          142    .text               system_stm32f10x.o
    0x080004ac   0x000001b8   Code   RO          160    .text               usart3.o
    0x08000664   0x000000f0   Code   RO          175    .text               usart4.o
    0x08000754   0x0000003c   Code   RO          190    .text               beep.o
    0x08000790   0x00000138   Code   RO          202    .text               delay.o
    0x080008c8   0x00000168   Code   RO          227    .text               usart.o
    0x08000a30   0x00000040   Code   RO          263    .text               startup_stm32f10x_hd.o
    0x08000a70   0x00000100   Code   RO          267    .text               misc.o
    0x08000b70   0x000003ac   Code   RO          279    .text               stm32f10x_gpio.o
    0x08000f1c   0x000004a6   Code   RO          291    .text               stm32f10x_usart.o
    0x080013c2   0x00000002   PAD
    0x080013c4   0x00000414   Code   RO          303    .text               stm32f10x_rcc.o
    0x080017d8   0x0000097c   Code   RO          341    .text               os_core.o
    0x08002154   0x0000092c   Code   RO          361    .text               os_flag.o
    0x08002a80   0x00000664   Code   RO          403    .text               os_q.o
    0x080030e4   0x00000870   Code   RO          427    .text               os_task.o
    0x08003954   0x000001dc   Code   RO          439    .text               os_time.o
    0x08003b30   0x000000ce   Code   RO          457    .text               os_cpu_c.o
    0x08003bfe   0x00000002   PAD
    0x08003c00   0x000000b4   Code   RO          479    .text               os_cpu_a.o
    0x08003cb4   0x00000002   Code   RO          484    .text               c_w.l(use_no_semi_2.o)
    0x08003cb6   0x00000002   PAD
    0x08003cb8   0x00000018   Code   RO          488    .text               c_w.l(noretval__2printf.o)
    0x08003cd0   0x00000052   Code   RO          492    .text               c_w.l(_printf_pad.o)
    0x08003d22   0x00000002   PAD
    0x08003d24   0x00000078   Code   RO          494    .text               c_w.l(_printf_dec.o)
    0x08003d9c   0x0000005c   Code   RO          499    .text               c_w.l(_printf_hex_int.o)
    0x08003df8   0x0000013c   Code   RO          529    .text               c_w.l(__printf_flags_wp.o)
    0x08003f34   0x00000006   Code   RO          541    .text               c_w.l(heapauxi.o)
    0x08003f3a   0x00000002   Code   RO          559    .text               c_w.l(use_no_semi.o)
    0x08003f3c   0x000000b8   Code   RO          562    .text               c_w.l(_printf_intcommon.o)
    0x08003ff4   0x0000041e   Code   RO          564    .text               c_w.l(_printf_fp_dec.o)
    0x08004412   0x00000002   PAD
    0x08004414   0x00000024   Code   RO          566    .text               c_w.l(_printf_char_file.o)
    0x08004438   0x00000008   Code   RO          594    .text               c_w.l(rt_locale_intlibspace.o)
    0x08004440   0x0000008a   Code   RO          596    .text               c_w.l(lludiv10.o)
    0x080044ca   0x00000002   PAD
    0x080044cc   0x00000030   Code   RO          598    .text               c_w.l(_printf_char_common.o)
    0x080044fc   0x00000080   Code   RO          600    .text               c_w.l(_printf_fp_infnan.o)
    0x0800457c   0x000000e4   Code   RO          602    .text               c_w.l(bigflt0.o)
    0x08004660   0x00000008   Code   RO          627    .text               c_w.l(ferror.o)
    0x08004668   0x00000008   Code   RO          638    .text               c_w.l(libspace.o)
    0x08004670   0x0000004a   Code   RO          641    .text               c_w.l(sys_stackheap_outer.o)
    0x080046ba   0x0000000c   Code   RO          645    .text               c_w.l(exit.o)
    0x080046c6   0x00000002   PAD
    0x080046c8   0x00000080   Code   RO          647    .text               c_w.l(strcmpv7m.o)
    0x08004748   0x00000008   Code   RO          712    .text               c_w.l(rt_fp_status_addr_intlibspace.o)
    0x08004750   0x0000003e   Code   RO          605    CL$$btod_d2e        c_w.l(btod.o)
    0x0800478e   0x00000046   Code   RO          607    CL$$btod_d2e_denorm_low  c_w.l(btod.o)
    0x080047d4   0x00000060   Code   RO          606    CL$$btod_d2e_norm_op1  c_w.l(btod.o)
    0x08004834   0x00000338   Code   RO          615    CL$$btod_div_common  c_w.l(btod.o)
    0x08004b6c   0x000000c6   Code   RO          612    CL$$btod_e2e        c_w.l(btod.o)
    0x08004c32   0x00000028   Code   RO          609    CL$$btod_ediv       c_w.l(btod.o)
    0x08004c5a   0x00000028   Code   RO          608    CL$$btod_emul       c_w.l(btod.o)
    0x08004c82   0x00000244   Code   RO          614    CL$$btod_mult_common  c_w.l(btod.o)
    0x08004ec6   0x00000028   Code   RO          636    i.__ARM_fpclassify  m_ws.l(fpclassify.o)
    0x08004eee   0x0000000e   Code   RO          527    i._is_digit         c_w.l(__printf_wp.o)
    0x08004efc   0x0000002c   Code   RO          632    locale$$code        c_w.l(lc_numeric_c.o)
    0x08004f28   0x0000000c   Code   RO          569    x$fpl$dretinf       fz_ws.l(dretinf.o)
    0x08004f34   0x00000056   Code   RO          545    x$fpl$f2d           fz_ws.l(f2d.o)
    0x08004f8a   0x00000002   PAD
    0x08004f8c   0x00000184   Code   RO          548    x$fpl$fdiv          fz_ws.l(fdiv.o)
    0x08005110   0x00000030   Code   RO          552    x$fpl$fflt          fz_ws.l(fflt_clz.o)
    0x08005140   0x0000008c   Code   RO          571    x$fpl$fnaninf       fz_ws.l(fnaninf.o)
    0x080051cc   0x0000000e   Code   RO          700    x$fpl$fpinit        fz_ws.l(fpinit.o)
    0x080051da   0x0000000a   Code   RO          573    x$fpl$fretinf       fz_ws.l(fretinf.o)
    0x080051e4   0x00000004   Code   RO          557    x$fpl$printf1       fz_ws.l(printf1.o)
    0x080051e8   0x00000000   Code   RO          575    x$fpl$usenofp       fz_ws.l(usenofp.o)
    0x080051e8   0x00000100   Data   RO          343    .constdata          os_core.o
    0x080052e8   0x00000028   Data   RO          500    .constdata          c_w.l(_printf_hex_int.o)
    0x08005310   0x00000011   Data   RO          530    .constdata          c_w.l(__printf_flags_wp.o)
    0x08005321   0x00000003   PAD
    0x08005324   0x00000094   Data   RO          603    .constdata          c_w.l(bigflt0.o)
    0x080053b8   0x00000020   Data   RO          775    Region$$Table       anon$$obj.o
    0x080053d8   0x0000001c   Data   RO          631    locale$$data        c_w.l(lc_numeric_c.o)


    Execution Region RW_IRAM1 (Base: 0x20000000, Size: 0x00001930, Max: 0x00010000, ABSOLUTE)

    Base Addr    Size         Type   Attr      Idx    E Section Name        Object

    0x20000000   0x00000014   Data   RW          143    .data               system_stm32f10x.o
    0x20000014   0x00000008   Data   RW          161    .data               usart3.o
    0x2000001c   0x00000004   Data   RW          203    .data               delay.o
    0x20000020   0x00000008   Data   RW          229    .data               usart.o
    0x20000028   0x00000014   Data   RW          304    .data               stm32f10x_rcc.o
    0x2000003c   0x00000048   Data   RW          344    .data               os_core.o
    0x20000084   0x00000300   Zero   RW            2    .bss                main.o
    0x20000384   0x000000c8   Zero   RW          228    .bss                usart.o
    0x2000044c   0x00000a80   Zero   RW          342    .bss                os_core.o
    0x20000ecc   0x00000060   Zero   RW          639    .bss                c_w.l(libspace.o)
    0x20000f2c   0x00000004   PAD
    0x20000f30   0x00000200   Zero   RW          261    HEAP                startup_stm32f10x_hd.o
    0x20001130   0x00000800   Zero   RW          260    STACK               startup_stm32f10x_hd.o


==============================================================================

Image component sizes


      Code (inc. data)   RO Data    RW Data    ZI Data      Debug   Object Name

        60          6          0          0          0        436   beep.o
       312         24          0          4          0       1673   delay.o
       192         34          0          0        768     242038   main.o
       256         30          0          0          0       1733   misc.o
      2428        244        256         72       2688      14803   os_core.o
       180         36          0          0          0        276   os_cpu_a.o
       206          0          0          0          0      10186   os_cpu_c.o
      2348         40          0          0          0       7044   os_flag.o
      1636         30          0          0          0       5697   os_q.o
      2160         76          0          0          0       7729   os_task.o
       476         28          0          0          0       1806   os_time.o
        64         26        304          0       2560        744   startup_stm32f10x_hd.o
       940         46          0          0          0       5713   stm32f10x_gpio.o
        22          0          0          0          0        943   stm32f10x_it.o
      1044         52          0         20          0       8856   stm32f10x_rcc.o
      1190         22          0          0          0       8436   stm32f10x_usart.o
         0          0          0          0          0         32   sys.o
       480         36          0         20          0       1595   system_stm32f10x.o
       360         22          0          8        200       2938   usart.o
       440         74          0          8          0       1399   usart3.o
       240         12          0          0          0        850   usart4.o

    ----------------------------------------------------------------------
     15040        838        592        132       6216     324927   Object Totals
         0          0         32          0          0          0   (incl. Generated)
         6          0          0          0          0          0   (incl. Padding)

    ----------------------------------------------------------------------

      Code (inc. data)   RO Data    RW Data    ZI Data      Debug   Library Member Name

         8          0          0          0          0         68   __main.o
       316          6         17          0          0         92   __printf_flags_wp.o
        14          0          0          0          0         68   __printf_wp.o
        52          8          0          0          0          0   __scatter.o
        26          0          0          0          0          0   __scatter_copy.o
        28          0          0          0          0          0   __scatter_zi.o
        48          6          0          0          0         96   _printf_char_common.o
        36          4          0          0          0         80   _printf_char_file.o
         6          0          0          0          0          0   _printf_d.o
       120         18          0          0          0         92   _printf_dec.o
         6          0          0          0          0          0   _printf_f.o
      1054          0          0          0          0        216   _printf_fp_dec.o
       128         16          0          0          0         84   _printf_fp_infnan.o
        92          4         40          0          0         88   _printf_hex_int.o
       184          0          0          0          0         88   _printf_intcommon.o
        82          0          0          0          0        108   _printf_pad.o
         0          0          0          0          0          0   _printf_percent.o
         4          0          0          0          0          0   _printf_percent_end.o
         6          0          0          0          0          0   _printf_x.o
       228          6        148          0          0         96   bigflt0.o
      1910        128          0          0          0        672   btod.o
        12          0          0          0          0         72   exit.o
         8          0          0          0          0         68   ferror.o
         6          0          0          0          0        152   heapauxi.o
        44         10         28          0          0         76   lc_numeric_c.o
         6          0          0          0          0          0   libinit.o
        18          0          0          0          0          0   libinit2.o
         2          0          0          0          0          0   libshutdown.o
         2          0          0          0          0          0   libshutdown2.o
         8          4          0          0         96         68   libspace.o
       138          0          0          0          0         80   lludiv10.o
        24          4          0          0          0         84   noretval__2printf.o
         8          4          0          0          0         68   rt_fp_status_addr_intlibspace.o
         8          4          0          0          0         68   rt_locale_intlibspace.o
         0          0          0          0          0          0   rtentry.o
        12          0          0          0          0          0   rtentry2.o
         6          0          0          0          0          0   rtentry4.o
         2          0          0          0          0          0   rtexit.o
        10          0          0          0          0          0   rtexit2.o
       128          0          0          0          0         68   strcmpv7m.o
        74          0          0          0          0         80   sys_stackheap_outer.o
         2          0          0          0          0         68   use_no_semi.o
         2          0          0          0          0         68   use_no_semi_2.o
        12          0          0          0          0         68   dretinf.o
        86          4          0          0          0         84   f2d.o
       388         76          0          0          0         96   fdiv.o
        48          0          0          0          0         68   fflt_clz.o
       140          4          0          0          0         84   fnaninf.o
        14          0          0          0          0         76   fpinit.o
        10          0          0          0          0         68   fretinf.o
         4          0          0          0          0         68   printf1.o
         0          0          0          0          0          0   usenofp.o
        40          0          0          0          0         68   fpclassify.o

    ----------------------------------------------------------------------
      5624        306        236          0        100       3548   Library Totals
        14          0          3          0          4          0   (incl. Padding)

    ----------------------------------------------------------------------

      Code (inc. data)   RO Data    RW Data    ZI Data      Debug   Library Name

      4868        222        233          0         96       2868   c_w.l
       702         84          0          0          0        612   fz_ws.l
        40          0          0          0          0         68   m_ws.l

    ----------------------------------------------------------------------
      5624        306        236          0        100       3548   Library Totals

    ----------------------------------------------------------------------

==============================================================================


      Code (inc. data)   RO Data    RW Data    ZI Data      Debug   

     20664       1144        828        132       6316     324783   Grand Totals
     20664       1144        828        132       6316     324783   ELF Image Totals
     20664       1144        828        132          0          0   ROM Totals

==============================================================================

    Total RO  Size (Code + RO Data)                21492 (  20.99kB)
    Total RW  Size (RW Data + ZI Data)              6448 (   6.30kB)
    Total ROM Size (Code + RO Data + RW Data)      21624 (  21.12kB)

==============================================================================

